******************************************************************
 librcsc 2023
 Copyright 2000 - 2007. Hidehisa Akiyama.
 Copyright 2007 - 2011. Hidehisa Akiyama and Hiroki Shimora
 Copyright 2011 -  Hidehisa Akiyama, Hiroki Shimora
   Takuya Fukushima (2019-)
 All rights reserved.
******************************************************************
*****************************************************************
 This program is based on agent2d created by Hidehisa Akiyama.
 Copyright 2006 - 2011. Hidehisa Akiyama and Hiroki Shimora.
 All rights reserved.
*****************************************************************
R2D2: init ok.  unum: 6 side: r
R2D2 6: [-1, 0] (v18+) force synch see mode.
R2D2 6:  KickTable created.
R2D2 6: [-1, 0] set synch see mode.
R2D2 6: ERROR: no intercept evaluator.
R2D2 6: ERROR: no intercept evaluator.
R2D2 6: ERROR: no intercept evaluator.
the first score is : 0the second score is : 0
R2D2 6: [1011, 0]  WARNING. no turn_neck.
R2D2 6: [1012, 0]  WARNING. no turn_neck.
R2D2 6: [1013, 0]  WARNING. no turn_neck.
R2D2 6: [1014, 0]  WARNING. no turn_neck.
R2D2 6: ERROR: no intercept evaluator.
R2D2 6: ERROR: no intercept evaluator.
R2D2 6: ERROR: no intercept evaluator.
R2D2 6: ERROR: no intercept evaluator.
R2D2 6: ERROR: no intercept evaluator.
R2D2 6: ERROR: no intercept evaluator.
R2D2 6: ERROR: no intercept evaluator.
R2D2 6: ERROR: no intercept evaluator.
R2D2 6: ERROR: no intercept evaluator.
R2D2 6: ERROR: no intercept evaluator.
R2D2 6: ERROR: no intercept evaluator.
R2D2 6: ERROR: no intercept evaluator.
R2D2 6: ERROR: no intercept evaluator.
R2D2 6: ERROR: no intercept evaluator.
R2D2 6: ERROR: no intercept evaluator.
R2D2 6: ERROR: no intercept evaluator.
the first score is : 0the second score is : 0
R2D2 6: ERROR: no intercept evaluator.
R2D2 6: ERROR: no intercept evaluator.
R2D2 6: ERROR: no intercept evaluator.
R2D2 6: ERROR: no intercept evaluator.
R2D2 6: ERROR: no intercept evaluator.
R2D2 6: ERROR: no intercept evaluator.
R2D2 6: ERROR: no intercept evaluator.
R2D2 6: ERROR: no intercept evaluator.
R2D2 6: ERROR: no intercept evaluator.
R2D2 6: ERROR: no intercept evaluator.
R2D2 6: ERROR: no intercept evaluator.
R2D2 6: ERROR: no intercept evaluator.
R2D2 6: ERROR: no intercept evaluator.
R2D2 6: ERROR: no intercept evaluator.
R2D2 6: [1296, 0]  WARNING. no turn_neck.
the first score is : 0the second score is : -2
R2D2 6: [1297, 0]  WARNING. no turn_neck.
R2D2 6: [1298, 0]  WARNING. no turn_neck.
R2D2 6: [1299, 0]  WARNING. no turn_neck.
the first score is : -16the second score is : -17
the first score is : 0the second score is : -16
the first score is : -15the second score is : 49
R2D2 6: ERROR: no intercept evaluator.
R2D2 6: ERROR: no intercept evaluator.
R2D2 6: ERROR: no intercept evaluator.
R2D2 6: ERROR: no intercept evaluator.
R2D2 6: ERROR: no intercept evaluator.
R2D2 6: ERROR: no intercept evaluator.
R2D2 6: ERROR: no intercept evaluator.
R2D2 6: ERROR: no intercept evaluator.
R2D2 6: [2558, 0]  WARNING. no turn_neck.
the first score is : 0the second score is : -5
the first score is : -1the second score is : -2
R2D2 6: [2560, 0]  WARNING. no turn_neck.
R2D2 6: [2561, 0]  WARNING. no turn_neck.
R2D2 6: [2562, 0]  WARNING. no turn_neck.
R2D2 6: [2563, 0]  WARNING. no turn_neck.
R2D2 6: ERROR: no intercept evaluator.
R2D2 6: ERROR: no intercept evaluator.
the first score is : -2the second score is : -2
R2D2 6: [2664, 0]  WARNING. no turn_neck.
R2D2 6: [2665, 0]  WARNING. no turn_neck.
R2D2 6: [2853, 0]  WARNING. no turn_neck.
the first score is : 0the second score is : 0
R2D2 6: [2854, 0]  WARNING. no turn_neck.
R2D2 6: [2860, 0]  WARNING. no turn_neck.
the first score is : 0the second score is : 0
R2D2 6: [2861, 0]  WARNING. no turn_neck.
R2D2 6: [2862, 0]  WARNING. no turn_neck.
R2D2 6: [2863, 0]  WARNING. no turn_neck.
R2D2 6: [2873, 0]  WARNING. no turn_neck.
the first score is : -3the second score is : -3
the first score is : -3the second score is : -4
the first score is : -4the second score is : -4
the first score is : -4the second score is : -5
R2D2 6: [2874, 0]  WARNING. no turn_neck.
R2D2 6: [2875, 0]  WARNING. no turn_neck.
the first score is : 0the second score is : 0
R2D2 6: ERROR: no intercept evaluator.
R2D2 6: ERROR: no intercept evaluator.
R2D2 6: ERROR: no intercept evaluator.
R2D2 6: ERROR: no intercept evaluator.
R2D2 6: ERROR: no intercept evaluator.
R2D2 6: [2997, 0]  WARNING. no turn_neck.
R2D2 6: ERROR: no intercept evaluator.
R2D2 6: ERROR: no intercept evaluator.
R2D2 6: ERROR: no intercept evaluator.
R2D2 6: ERROR: no intercept evaluator.
R2D2 6: ERROR: no intercept evaluator.
R2D2 6: ERROR: no intercept evaluator.
R2D2 6: ERROR: no intercept evaluator.
R2D2 6: ERROR: no intercept evaluator.
R2D2 6: ERROR: no intercept evaluator.
R2D2 6: ERROR: no intercept evaluator.
R2D2 6: [3237, 0]  WARNING. no turn_neck.
R2D2 6: [3451, 0]  WARNING. no turn_neck.
R2D2 6: ERROR: no intercept evaluator.
the first score is : 0the second score is : 0
the first score is : 0the second score is : 0
the first score is : 0the second score is : 0
the first score is : 0the second score is : 0
the first score is : 0the second score is : 0
the first score is : -5the second score is : -5
R2D2 6: [3568, 0]  WARNING. no turn_neck.
R2D2 6: [3569, 0]  WARNING. no turn_neck.
R2D2 6: [3570, 0]  WARNING. no turn_neck.
R2D2 6: [3571, 0]  WARNING. no turn_neck.
R2D2 6: ERROR: no intercept evaluator.
the first score is : 0the second score is : 0
R2D2 6: ERROR: no intercept evaluator.
R2D2 6: ERROR: no intercept evaluator.
R2D2 6: ERROR: no intercept evaluator.
R2D2 6: ERROR: no intercept evaluator.
R2D2 6: ERROR: no intercept evaluator.
R2D2 6: ERROR: no intercept evaluator.
R2D2 6: ERROR: no intercept evaluator.
R2D2 6: [4226, 0]  WARNING. no turn_neck.
R2D2 6: ERROR: no intercept evaluator.
R2D2 6: ERROR: no intercept evaluator.
R2D2 6: ERROR: no intercept evaluator.
R2D2 6: ERROR: no intercept evaluator.
R2D2 6: ERROR: no intercept evaluator.
R2D2 6: ERROR: no intercept evaluator.
R2D2 6: ERROR: no intercept evaluator.
R2D2 6: ERROR: no intercept evaluator.
R2D2 6: ERROR: no intercept evaluator.
R2D2 6: ERROR: no intercept evaluator.
R2D2 6: ERROR: no intercept evaluator.
R2D2 6: ERROR: no intercept evaluator.
R2D2 6: ERROR: no intercept evaluator.
R2D2 6: ERROR: no intercept evaluator.
R2D2 6: [4730, 0]  WARNING. no turn_neck.
R2D2 6: ERROR: no intercept evaluator.
R2D2 6: ERROR: no intercept evaluator.
the first score is : -5the second score is : -5
R2D2 6: [4754, 0]  WARNING. no turn_neck.
R2D2 6: [4755, 0]  WARNING. no turn_neck.
R2D2 6: [4756, 0]  WARNING. no turn_neck.
the first score is : 0the second score is : 0
the first score is : 0the second score is : 0
R2D2 6: [4765, 0]  WARNING. no turn_neck.
R2D2 6: [4766, 0]  WARNING. no turn_neck.
R2D2 6: ERROR: no intercept evaluator.
R2D2 6: ERROR: no intercept evaluator.
R2D2 6: ERROR: no intercept evaluator.
the first score is : -2the second score is : -2
the first score is : 0the second score is : 0
the first score is : -5the second score is : -5
the first score is : -5the second score is : -5
R2D2 6: [5547, 0]  WARNING. no turn_neck.
the first score is : 0the second score is : 0
the first score is : 0the second score is : 0
R2D2 6: [5548, 0]  WARNING. no turn_neck.
R2D2 6: [5553, 0]  WARNING. no turn_neck.
the first score is : 0the second score is : 0
R2D2 6: ERROR: no intercept evaluator.
R2D2 6: ERROR: no intercept evaluator.
R2D2 6: ERROR: no intercept evaluator.
R2D2 6: ERROR: no intercept evaluator.
R2D2 6: ERROR: no intercept evaluator.
R2D2 6: ERROR: no intercept evaluator.
R2D2 6: ERROR: no intercept evaluator.
R2D2 6: ERROR: no intercept evaluator.
R2D2 6: ERROR: no intercept evaluator.
R2D2 6: ERROR: no intercept evaluator.
R2D2 6: ERROR: no intercept evaluator.
R2D2 6: ERROR: no intercept evaluator.
R2D2 6: ERROR: no intercept evaluator.
R2D2 6: ERROR: no intercept evaluator.
R2D2 6: ERROR: no intercept evaluator.
R2D2 6: ERROR: no intercept evaluator.
R2D2 6: ERROR: no intercept evaluator.
R2D2 6: ERROR: no intercept evaluator.
R2D2 6: ERROR: no intercept evaluator.
R2D2 6: ERROR: no intercept evaluator.
R2D2 6: ERROR: no intercept evaluator.
R2D2 6: ERROR: no intercept evaluator.
R2D2 6: ERROR: no intercept evaluator.
R2D2 6: ERROR: no intercept evaluator.
R2D2 6: ERROR: no intercept evaluator.
R2D2 6: [5873, 0]  WARNING. no turn_neck.
the first score is : 0the second score is : 0
R2D2 6: [5874, 0]  WARNING. no turn_neck.
R2D2 6: ERROR: no intercept evaluator.
R2D2 6: ERROR: no intercept evaluator.
R2D2 6: ERROR: no intercept evaluator.
R2D2 6: ERROR: no intercept evaluator.
R2D2 6: ERROR: no intercept evaluator.
R2D2 6: ERROR: no intercept evaluator.
R2D2 6: ERROR: no intercept evaluator.
R2D2 6: ERROR: no intercept evaluator.
R2D2 6: ERROR: no intercept evaluator.
R2D2 6: ERROR: no intercept evaluator.
R2D2 6: ERROR: no intercept evaluator.
R2D2 6: ERROR: no intercept evaluator.
R2D2 6: ERROR: no intercept evaluator.
R2D2 6: ERROR: no intercept evaluator.
R2D2 6: ERROR: no intercept evaluator.
R2D2 6: ERROR: no intercept evaluator.
R2D2 6: ERROR: no intercept evaluator.
R2D2 6: ERROR: no intercept evaluator.
R2D2 6: ERROR: no intercept evaluator.
R2D2 6: ERROR: no intercept evaluator.
the first score is : 0the second score is : 0
the first score is : 0the second score is : 0
R2D2 6: [6503, 0]  WARNING. no turn_neck.
the first score is : 0the second score is : 0
the first score is : 0the second score is : 0
the first score is : 0the second score is : 0
the first score is : 0the second score is : 0
the first score is : 0the second score is : 0
the first score is : 0the second score is : 0
the first score is : 0the second score is : 0
the first score is : 0the second score is : 0
R2D2 6: [6504, 0]  WARNING. no turn_neck.
R2D2 6: [6505, 0]  WARNING. no turn_neck.
R2D2 6: [6506, 0]  WARNING. no turn_neck.
R2D2 6: ERROR: no intercept evaluator.
the first score is : 0the second score is : 0
the first score is : 0the second score is : 0
R2D2 6: ERROR: no intercept evaluator.
R2D2 6: ERROR: no intercept evaluator.
R2D2 6: ERROR: no intercept evaluator.
R2D2 6: ERROR: no intercept evaluator.
R2D2 6: ERROR: no intercept evaluator.
R2D2 6: ERROR: no intercept evaluator.
R2D2 6: ERROR: no intercept evaluator.
R2D2 6: [6534, 0]  WARNING. no turn_neck.
R2D2 6: ERROR: no intercept evaluator.
R2D2 6: ERROR: no intercept evaluator.
R2D2 6: ERROR: no intercept evaluator.
R2D2 6: ERROR: no intercept evaluator.
R2D2 6: ERROR: no intercept evaluator.
the first score is : -1the second score is : -1
the first score is : 0the second score is : 0
R2D2 6: ERROR: no intercept evaluator.
R2D2 6: ERROR: no intercept evaluator.
R2D2 6: ERROR: no intercept evaluator.
R2D2 6: ERROR: no intercept evaluator.
the first score is : -5the second score is : -5
the first score is : -5the second score is : -5
the first score is : 0the second score is : 0
R2D2 6: [7931, 0]  WARNING. no turn_neck.
R2D2 6: [7932, 0]  WARNING. no turn_neck.
R2D2 6: ERROR: no intercept evaluator.
R2D2 6: ERROR: no intercept evaluator.
R2D2 6: ERROR: no intercept evaluator.
R2D2 6: ERROR: no intercept evaluator.
R2D2 6: [7988, 0]  WARNING. no turn_neck.
R2D2 6: finished.
