[sudo] password for ss2dtr: rcssserver-19.0.0

Copyright (C) 1995, 1996, 1997, 1998, 1999 Electrotechnical Laboratory.
2000 - RoboCup Soccer Simulator Maintenance Group.

Trying to create configuration file: ~/.rcssserver/server.conf
Created configuration file: ~/.rcssserver/server.conf
Trying to create configuration file: ~/.rcssserver/player.conf
Created configuration file: ~/.rcssserver/player.conf
Trying to create configuration file: ~/.rcssserver/CSVSaver.conf
Created configuration file: ~/.rcssserver/CSVSaver.conf
Simulator Random Seed: 1721551478
CSVSaver: Ready
STDOutSaver: Ready
Using simulator's random seed as Hetero Player Seed: 1721551478
wind factor: rand: 0.000000, vector: (0.000000, 0.000000)

Hit CTRL-C to exit
Waiting for players to connect
A new (v5) monitor connected.
A new (v18) player (FRA-UNIted 1) connected.
A new (v18) player (FRA-UNIted 2) connected.
A new (v18) player (FRA-UNIted 3) connected.
A new (v18) player (FRA-UNIted 4) connected.
A new (v18) player (FRA-UNIted 5) connected.
A new (v18) player (FRA-UNIted 6) connected.
A new (v18) player (FRA-UNIted 7) connected.
A new (v18) player (FRA-UNIted 8) connected.
A new (v18) player (FRA-UNIted 9) connected.
A new (v18) player (FRA-UNIted 10) connected.
A new (v18) player (FRA-UNIted 11) connected.
A new (v8) online coach (FRA-UNIted) connected.
A new (v19) player (YuShan2024 1) connected.
A new (v19) player (YuShan2024 2) connected.
A new (v19) player (YuShan2024 3) connected.
A new (v19) player (YuShan2024 4) connected.
A new (v19) player (YuShan2024 5) connected.
A new (v19) player (YuShan2024 6) connected.
A new (v19) player (YuShan2024 7) connected.
A new (v19) player (YuShan2024 8) connected.
A new (v19) player (YuShan2024 9) connected.
A new (v19) player (YuShan2024 10) connected.
A new (v19) player (YuShan2024 11) connected.
Waiting to kick off
A new (v19) online coach (YuShan2024) connected.
Kick_off_left
Waiting to kick off
Kick_off_right
Waiting to kick off
Kick_off_left
Waiting to kick off
Kick_off_right
Waiting after end of match
A player disconnected : (YuShan2024 5)
A player disconnected : (YuShan2024 8)
A player disconnected : (YuShan2024 4)
A player disconnected : (YuShan2024 6)
A player disconnected : (YuShan2024 3)
A player disconnected : (YuShan2024 1)
A player disconnected : (YuShan2024 2)
A player disconnected : (YuShan2024 7)
A player disconnected : (YuShan2024 11)
A player disconnected : (YuShan2024 10)
A player disconnected : (YuShan2024 9)
An online coach disconnected : (YuShan2024)

Game Over. Exiting...

Saving Results:
	CSVSaver: saving...
	CSVSaver: ...disabled
	STDOutSaver: saving...

Game Results:
	2024-07-21 08:44:38
	'FRA-UNIted' vs 'YuShan2024'
	Score: 0 - 1
 
	STDOutSaver: ...saved

Saving Results Complete
[sudo] password for ss2dtr: 