******************************************************************
 librcsc 4.1.0
 Copyright 2000 - 2007. Hidehisa Akiyama.
 Copyright 2007 - 2011. Hidehisa Akiyama and Hiroki Shimora
 All rights reserved.
******************************************************************
*****************************************************************
 This program is based on agent2d created by Hidehisa Akiyama.
 Copyright 2006 - 2011. Hidehisa Akiyama and Hiroki Shimora.
 All rights reserved.
*****************************************************************
YuShan2024 coach: [-1, 0] recv (ok eye on)
YuShan2024 coach: [0, 0] send team_graphic 32 tiles
YuShan2024 coach: [0, 1] send team_graphic 32 tiles
YuShan2024 coach: [0, 2] send team_graphic 32 tiles
YuShan2024 coach: [0, 3] send team_graphic 32 tiles
YuShan2024 coach: [0, 4] send team_graphic 16 tiles
id speed step inc  power  stam  karea
 0 1.000   6  45.0 100.0  55.0  1.085
 1 0.923   6  46.7 100.0  53.3  1.048
 2 0.969   7  49.0 100.0  51.0  1.129
 3 0.793   5  49.9 100.0  50.1  1.074
 4 0.759   5  45.1 100.0  54.9  1.172
 5 0.989   6  40.4 100.0  59.6  1.049
 6 0.770   5  48.1 100.0  51.9  1.031
 7 0.845   5  46.1 100.0  53.9  1.108
 8 0.812   5  46.6 100.0  53.4  1.038
 9 0.966   6  44.7 100.0  55.3  1.179
 10 1.013   6  41.5 100.0  58.5  1.165
 11 0.857   6  49.9 100.0  50.1  1.092
 12 0.888   5  46.6 100.0  53.4  1.171
 13 0.759   5  51.9 100.0  48.1  1.103
 14 0.775   6  50.9 100.0  49.1  1.126
 15 0.920   6  43.5 100.0  56.5  1.170
 16 0.840   5  46.0 100.0  54.0  0.989
 17 0.934   5  40.3 100.0  59.7  1.136
YuShan2024 coach: change player 1 to type 0
YuShan2024 coach: change player 10 to type 10
YuShan2024 coach: change player 9 to type 5
YuShan2024 coach: change player 2 to type 9
YuShan2024 coach: change player 3 to type 2
YuShan2024 coach: change player 4 to type 17
YuShan2024 coach: change player 5 to type 1
YuShan2024 coach: change player 11 to type 15
YuShan2024 coach: change player 6 to type 12
YuShan2024 coach: change player 7 to type 11
YuShan2024 coach: change player 8 to type 7
[20, 0] YuShan2024 Coach: determined opponent 4 type = 7
[27, 0] YuShan2024 Coach: determined opponent 10 type = 1
[28, 0] YuShan2024 Coach: determined opponent 6 type = 2
[28, 0] YuShan2024 Coach: determined opponent 8 type = 17
[46, 0] YuShan2024 Coach: determined opponent 3 type = 10
[47, 0] YuShan2024 Coach: determined opponent 2 type = 9
[47, 0] YuShan2024 Coach: determined opponent 7 type = 15
[70, 0] YuShan2024 Coach: determined opponent 9 type = 11
[244, 0] YuShan2024 Coach: determined opponent 5 type = 5
[244, 0] YuShan2024 Coach: determined opponent 11 type = 12
YuShan2024 coach: [273, 0] sent freeform (player_types (1 0)(2 9)(3 10)(4 7)(5 5)(6 2)(7 15)(8 17)(9 11)(10 1)(11 12))
YuShan2024 coach: [6000, 0] new freeform allowed
YuShan2024 coach: change player 7 to type 16
YuShan2024 coach: [6000, 99] new freeform allowed
[6289, 0] YuShan2024 Coach: determined opponent 6 type = 16
YuShan2024 coach: [6595, 1] sent freeform (player_types (1 0)(2 9)(3 10)(4 7)(5 5)(6 16)(7 15)(8 17)(9 11)(10 1)(11 12))
YuShan2024 coach: finished.
