******************************************************************
 librcsc 2023
 Copyright 2000 - 2007. Hidehisa Akiyama.
 Copyright 2007 - 2011. Hidehisa Akiyama and Hiroki Shimora
 Copyright 2011 -  Hidehisa Akiyama, Hiroki Shimora
   Takuya Fukushima (2019-)
 All rights reserved.
******************************************************************
*****************************************************************
 This program is based on agent2d created by Hidehisa Akiyama.
 Copyright 2006 - 2011. Hidehisa Akiyama and Hiroki Shimora.
 All rights reserved.
*****************************************************************
AEteam: init ok.  unum: 11 side: l
AEteam 11: [-1, 0] (v18+) force synch see mode.
AEteam 11:  KickTable created.
AEteam 11: [-1, 0] set synch see mode.
AEteam 11: ERROR: no intercept evaluator.
AEteam 11: ERROR: no intercept evaluator.
layerSize: 4
AEteam 11: [40, 0]  WARNING. no turn_neck.
AEteam 11: ERROR: no intercept evaluator.
AEteam 11: ERROR: no intercept evaluator.
AEteam 11: ERROR: no intercept evaluator.
AEteam 11: ERROR: no intercept evaluator.
AEteam 11: ERROR: no intercept evaluator.
AEteam 11: ERROR: no intercept evaluator.
AEteam 11: ERROR: no intercept evaluator.
AEteam 11: ERROR: no intercept evaluator.
AEteam 11: ERROR: no intercept evaluator.
AEteam 11: ERROR: no intercept evaluator.
AEteam 11: ERROR: no intercept evaluator.
AEteam 11: ERROR: no intercept evaluator.
AEteam 11: ERROR: no intercept evaluator.
AEteam 11: ERROR: no intercept evaluator.
AEteam 11: ERROR: no intercept evaluator.
AEteam 11: ERROR: no intercept evaluator.
AEteam 11: ERROR: no intercept evaluator.
AEteam 11: ERROR: no intercept evaluator.
AEteam 11: ERROR: no intercept evaluator.
AEteam 11: ERROR: no intercept evaluator.
AEteam 11: ERROR: no intercept evaluator.
AEteam 11: ERROR: no intercept evaluator.
AEteam 11: ERROR: no intercept evaluator.
AEteam 11: ERROR: no intercept evaluator.
AEteam 11: [179, 0]  WARNING. no turn_neck.
AEteam 11: [180, 0]  WARNING. no turn_neck.
AEteam 11: [181, 0]  WARNING. no turn_neck.
AEteam 11: ERROR: no intercept evaluator.
AEteam 11: ERROR: no intercept evaluator.
AEteam 11: ERROR: no intercept evaluator.
AEteam 11: ERROR: no intercept evaluator.
AEteam 11: ERROR: no intercept evaluator.
AEteam 11: ERROR: no intercept evaluator.
AEteam 11: ERROR: no intercept evaluator.
AEteam 11: ERROR: no intercept evaluator.
AEteam 11: ERROR: no intercept evaluator.
AEteam 11: ERROR: no intercept evaluator.
AEteam 11: ERROR: no intercept evaluator.
AEteam 11: ERROR: no intercept evaluator.
AEteam 11: ERROR: no intercept evaluator.
AEteam 11: ERROR: no intercept evaluator.
AEteam 11: ERROR: no intercept evaluator.
AEteam 11: ERROR: no intercept evaluator.
AEteam 11: ERROR: no intercept evaluator.
AEteam 11: ERROR: no intercept evaluator.
AEteam 11: ERROR: no intercept evaluator.
AEteam 11: ERROR: no intercept evaluator.
AEteam 11: ERROR: no intercept evaluator.
AEteam 11: ERROR: no intercept evaluator.
AEteam 11: ERROR: no intercept evaluator.
AEteam 11: [603, 0]  WARNING. no turn_neck.
AEteam 11: [611, 0]  WARNING. no turn_neck.
AEteam 11: [612, 0]  WARNING. no turn_neck.
AEteam 11: [613, 0]  WARNING. no turn_neck.
AEteam 11: [614, 0]  WARNING. no turn_neck.
AEteam 11: [615, 0]  WARNING. no turn_neck.
AEteam 11: ERROR: no intercept evaluator.
AEteam 11: ERROR: no intercept evaluator.
AEteam 11: ERROR: no intercept evaluator.
AEteam 11: ERROR: no intercept evaluator.
AEteam 11: ERROR: no intercept evaluator.
AEteam 11: ERROR: no intercept evaluator.
AEteam 11: ERROR: no intercept evaluator.
AEteam 11: ERROR: no intercept evaluator.
AEteam 11: ERROR: no intercept evaluator.
AEteam 11: ERROR: no intercept evaluator.
AEteam 11: ERROR: no intercept evaluator.
AEteam 11: ERROR: no intercept evaluator.
AEteam 11: ERROR: no intercept evaluator.
AEteam 11: ERROR: no intercept evaluator.
AEteam 11: ERROR: no intercept evaluator.
AEteam 11: ERROR: no intercept evaluator.
AEteam 11: ERROR: no intercept evaluator.
AEteam 11: ERROR: no intercept evaluator.
AEteam 11: ERROR: no intercept evaluator.
AEteam 11: ERROR: no intercept evaluator.
AEteam 11: ERROR: no intercept evaluator.
AEteam 11: ERROR: no intercept evaluator.
AEteam 11: ERROR: no intercept evaluator.
AEteam 11: ERROR: no intercept evaluator.
AEteam 11: ERROR: no intercept evaluator.
AEteam 11: ERROR: no intercept evaluator.
AEteam 11: ERROR: no intercept evaluator.
AEteam 11: ERROR: no intercept evaluator.
AEteam 11: [860, 0]  WARNING. no turn_neck.
AEteam 11: [861, 0]  WARNING. no turn_neck.
AEteam 11: [862, 0]  WARNING. no turn_neck.
AEteam 11: [863, 0]  WARNING. no turn_neck.
AEteam 11: [864, 0]  WARNING. no turn_neck.
AEteam 11: [865, 0]  WARNING. no turn_neck.
AEteam 11: [866, 0]  WARNING. no turn_neck.
AEteam 11: [867, 0]  WARNING. no turn_neck.
AEteam 11: [869, 0]  WARNING. no turn_neck.
AEteam 11: [870, 0]  WARNING. no turn_neck.
AEteam 11: [871, 0]  WARNING. no turn_neck.
AEteam 11: [872, 0]  WARNING. no turn_neck.
AEteam 11: ERROR: no intercept evaluator.
AEteam 11: ERROR: no intercept evaluator.
AEteam 11: ERROR: no intercept evaluator.
AEteam 11: ERROR: no intercept evaluator.
AEteam 11: ERROR: no intercept evaluator.
AEteam 11: ERROR: no intercept evaluator.
AEteam 11: ERROR: no intercept evaluator.
AEteam 11: ERROR: no intercept evaluator.
AEteam 11: ERROR: no intercept evaluator.
AEteam 11: ERROR: no intercept evaluator.
AEteam 11: ERROR: no intercept evaluator.
AEteam 11: ERROR: no intercept evaluator.
AEteam 11: ERROR: no intercept evaluator.
AEteam 11: ERROR: no intercept evaluator.
AEteam 11: ERROR: no intercept evaluator.
AEteam 11: ERROR: no intercept evaluator.
AEteam 11: ERROR: no intercept evaluator.
AEteam 11: [1155, 0]  WARNING. no turn_neck.
AEteam 11: ERROR: no intercept evaluator.
AEteam 11: ERROR: no intercept evaluator.
AEteam 11: ERROR: no intercept evaluator.
AEteam 11: ERROR: no intercept evaluator.
AEteam 11: ERROR: no intercept evaluator.
AEteam 11: ERROR: no intercept evaluator.
AEteam 11: ERROR: no intercept evaluator.
AEteam 11: ERROR: no intercept evaluator.
AEteam 11: ERROR: no intercept evaluator.
AEteam 11: ERROR: no intercept evaluator.
AEteam 11: ERROR: no intercept evaluator.
AEteam 11: ERROR: no intercept evaluator.
AEteam 11: ERROR: no intercept evaluator.
AEteam 11: ERROR: no intercept evaluator.
AEteam 11: ERROR: no intercept evaluator.
AEteam 11: ERROR: no intercept evaluator.
AEteam 11: ERROR: no intercept evaluator.
AEteam 11: ERROR: no intercept evaluator.
AEteam 11: ERROR: no intercept evaluator.
AEteam 11: ERROR: no intercept evaluator.
AEteam 11: ERROR: no intercept evaluator.
AEteam 11: ERROR: no intercept evaluator.
AEteam 11: ERROR: no intercept evaluator.
AEteam 11: ERROR: no intercept evaluator.
AEteam 11: ERROR: no intercept evaluator.
AEteam 11: ERROR: no intercept evaluator.
AEteam 11: ERROR: no intercept evaluator.
AEteam 11: ERROR: no intercept evaluator.
AEteam 11: ERROR: no intercept evaluator.
AEteam 11: ERROR: no intercept evaluator.
AEteam 11: ERROR: no intercept evaluator.
AEteam 11: ERROR: no intercept evaluator.
AEteam 11: ERROR: no intercept evaluator.
AEteam 11: ERROR: no intercept evaluator.
AEteam 11: ERROR: no intercept evaluator.
AEteam 11: ERROR: no intercept evaluator.
AEteam 11: ERROR: no intercept evaluator.
AEteam 11: ERROR: no intercept evaluator.
AEteam 11: ERROR: no intercept evaluator.
AEteam 11: ERROR: no intercept evaluator.
AEteam 11: ERROR: no intercept evaluator.
AEteam 11: ERROR: no intercept evaluator.
AEteam 11: ERROR: no intercept evaluator.
AEteam 11: ERROR: no intercept evaluator.
AEteam 11: ERROR: no intercept evaluator.
AEteam 11: ERROR: no intercept evaluator.
AEteam 11: ERROR: no intercept evaluator.
AEteam 11: ERROR: no intercept evaluator.
AEteam 11: ERROR: no intercept evaluator.
AEteam 11: ERROR: no intercept evaluator.
AEteam 11: ERROR: no intercept evaluator.
AEteam 11: ERROR: no intercept evaluator.
AEteam 11: ERROR: no intercept evaluator.
AEteam 11: ERROR: no intercept evaluator.
AEteam 11: ERROR: no intercept evaluator.
AEteam 11: ERROR: no intercept evaluator.
AEteam 11: ERROR: no intercept evaluator.
AEteam 11: ERROR: no intercept evaluator.
AEteam 11: ERROR: no intercept evaluator.
AEteam 11: ERROR: no intercept evaluator.
AEteam 11: ERROR: no intercept evaluator.
AEteam 11: ERROR: no intercept evaluator.
AEteam 11: ERROR: no intercept evaluator.
AEteam 11: ERROR: no intercept evaluator.
AEteam 11: ERROR: no intercept evaluator.
AEteam 11: ERROR: no intercept evaluator.
AEteam 11: ERROR: no intercept evaluator.
AEteam 11: ERROR: no intercept evaluator.
AEteam 11: ERROR: no intercept evaluator.
AEteam 11: ERROR: no intercept evaluator.
AEteam 11: [2227, 0]  WARNING. no turn_neck.
AEteam 11: [2228, 0]  WARNING. no turn_neck.
AEteam 11: [2229, 0]  WARNING. no turn_neck.
AEteam 11: [2230, 0]  WARNING. no turn_neck.
AEteam 11: [2231, 0]  WARNING. no turn_neck.
AEteam 11: [2232, 0]  WARNING. no turn_neck.
AEteam 11: [2246, 0]  WARNING. no turn_neck.
AEteam 11: [2248, 0]  WARNING. no turn_neck.
AEteam 11: ERROR: no intercept evaluator.
AEteam 11: ERROR: no intercept evaluator.
AEteam 11: ERROR: no intercept evaluator.
AEteam 11: ERROR: no intercept evaluator.
AEteam 11: ERROR: no intercept evaluator.
AEteam 11: ERROR: no intercept evaluator.
AEteam 11: ERROR: no intercept evaluator.
AEteam 11: ERROR: no intercept evaluator.
AEteam 11: ERROR: no intercept evaluator.
AEteam 11: ERROR: no intercept evaluator.
AEteam 11: ERROR: no intercept evaluator.
AEteam 11: ERROR: no intercept evaluator.
AEteam 11: ERROR: no intercept evaluator.
AEteam 11: ERROR: no intercept evaluator.
AEteam 11: ERROR: no intercept evaluator.
AEteam 11: ERROR: no intercept evaluator.
AEteam 11: ERROR: no intercept evaluator.
AEteam 11: ERROR: no intercept evaluator.
AEteam 11: ERROR: no intercept evaluator.
AEteam 11: ERROR: no intercept evaluator.
AEteam 11: ERROR: no intercept evaluator.
AEteam 11: ERROR: no intercept evaluator.
AEteam 11: ERROR: no intercept evaluator.
AEteam 11: ERROR: no intercept evaluator.
AEteam 11: ERROR: no intercept evaluator.
AEteam 11: ERROR: no intercept evaluator.
AEteam 11: ERROR: no intercept evaluator.
AEteam 11: ERROR: no intercept evaluator.
AEteam 11: ERROR: no intercept evaluator.
AEteam 11: [2643, 0]  WARNING. no turn_neck.
AEteam 11: [2644, 0]  WARNING. no turn_neck.
AEteam 11: [2645, 0]  WARNING. no turn_neck.
AEteam 11: ERROR: no intercept evaluator.
AEteam 11: ERROR: no intercept evaluator.
AEteam 11: ERROR: no intercept evaluator.
AEteam 11: [2727, 0]  WARNING. no turn_neck.
AEteam 11: ERROR: no intercept evaluator.
AEteam 11: ERROR: no intercept evaluator.
AEteam 11: ERROR: no intercept evaluator.
AEteam 11: ERROR: no intercept evaluator.
AEteam 11: ERROR: no intercept evaluator.
AEteam 11: ERROR: no intercept evaluator.
AEteam 11: ERROR: no intercept evaluator.
AEteam 11: ERROR: no intercept evaluator.
AEteam 11: ERROR: no intercept evaluator.
AEteam 11: ERROR: no intercept evaluator.
AEteam 11: ERROR: no intercept evaluator.
AEteam 11: ERROR: no intercept evaluator.
AEteam 11: ERROR: no intercept evaluator.
AEteam 11: ERROR: no intercept evaluator.
AEteam 11: ERROR: no intercept evaluator.
AEteam 11: ERROR: no intercept evaluator.
AEteam 11: ERROR: no intercept evaluator.
AEteam 11: ERROR: no intercept evaluator.
AEteam 11: ERROR: no intercept evaluator.
AEteam 11: ERROR: no intercept evaluator.
AEteam 11: ERROR: no intercept evaluator.
AEteam 11: ERROR: no intercept evaluator.
AEteam 11: ERROR: no intercept evaluator.
AEteam 11: ERROR: no intercept evaluator.
AEteam 11: ERROR: no intercept evaluator.
AEteam 11: ERROR: no intercept evaluator.
AEteam 11: ERROR: no intercept evaluator.
AEteam 11: ERROR: no intercept evaluator.
AEteam 11: ERROR: no intercept evaluator.
AEteam 11: ERROR: no intercept evaluator.
AEteam 11: ERROR: no intercept evaluator.
AEteam 11: ERROR: no intercept evaluator.
AEteam 11: ERROR: no intercept evaluator.
AEteam 11: ERROR: no intercept evaluator.
AEteam 11: ERROR: no intercept evaluator.
AEteam 11: ERROR: no intercept evaluator.
AEteam 11: ERROR: no intercept evaluator.
AEteam 11: ERROR: no intercept evaluator.
AEteam 11: ERROR: no intercept evaluator.
AEteam 11: ERROR: no intercept evaluator.
AEteam 11: ERROR: no intercept evaluator.
AEteam 11: ERROR: no intercept evaluator.
AEteam 11: ERROR: no intercept evaluator.
AEteam 11: ERROR: no intercept evaluator.
AEteam 11: ERROR: no intercept evaluator.
AEteam 11: ERROR: no intercept evaluator.
AEteam 11: ERROR: no intercept evaluator.
AEteam 11: ERROR: no intercept evaluator.
AEteam 11: ERROR: no intercept evaluator.
AEteam 11: ERROR: no intercept evaluator.
AEteam 11: ERROR: no intercept evaluator.
AEteam 11: ERROR: no intercept evaluator.
AEteam 11: ERROR: no intercept evaluator.
AEteam 11: ERROR: no intercept evaluator.
AEteam 11: ERROR: no intercept evaluator.
AEteam 11: ERROR: no intercept evaluator.
AEteam 11: ERROR: no intercept evaluator.
AEteam 11: ERROR: no intercept evaluator.
AEteam 11: ERROR: no intercept evaluator.
AEteam 11: ERROR: no intercept evaluator.
AEteam 11: ERROR: no intercept evaluator.
AEteam 11: ERROR: no intercept evaluator.
AEteam 11: ERROR: no intercept evaluator.
AEteam 11: ERROR: no intercept evaluator.
AEteam 11: ERROR: no intercept evaluator.
AEteam 11: ERROR: no intercept evaluator.
AEteam 11: ERROR: no intercept evaluator.
AEteam 11: ERROR: no intercept evaluator.
AEteam 11: ERROR: no intercept evaluator.
AEteam 11: ERROR: no intercept evaluator.
AEteam 11: ERROR: no intercept evaluator.
AEteam 11: ERROR: no intercept evaluator.
AEteam 11: ERROR: no intercept evaluator.
AEteam 11: ERROR: no intercept evaluator.
AEteam 11: ERROR: no intercept evaluator.
AEteam 11: ERROR: no intercept evaluator.
AEteam 11: ERROR: no intercept evaluator.
AEteam 11: ERROR: no intercept evaluator.
AEteam 11: ERROR: no intercept evaluator.
AEteam 11: ERROR: no intercept evaluator.
AEteam 11: ERROR: no intercept evaluator.
AEteam 11: ERROR: no intercept evaluator.
AEteam 11: ERROR: no intercept evaluator.
AEteam 11: ERROR: no intercept evaluator.
AEteam 11: ERROR: no intercept evaluator.
AEteam 11: ERROR: no intercept evaluator.
AEteam 11: ERROR: no intercept evaluator.
AEteam 11: ERROR: no intercept evaluator.
AEteam 11: ERROR: no intercept evaluator.
AEteam 11: ERROR: no intercept evaluator.
AEteam 11: ERROR: no intercept evaluator.
AEteam 11: ERROR: no intercept evaluator.
AEteam 11: ERROR: no intercept evaluator.
AEteam 11: ERROR: no intercept evaluator.
AEteam 11: ERROR: no intercept evaluator.
AEteam 11: ERROR: no intercept evaluator.
AEteam 11: ERROR: no intercept evaluator.
AEteam 11: ERROR: no intercept evaluator.
AEteam 11: ERROR: no intercept evaluator.
AEteam 11: ERROR: no intercept evaluator.
AEteam 11: ERROR: no intercept evaluator.
AEteam 11: ERROR: no intercept evaluator.
AEteam 11: ERROR: no intercept evaluator.
AEteam 11: ERROR: no intercept evaluator.
AEteam 11: ERROR: no intercept evaluator.
AEteam 11: ERROR: no intercept evaluator.
AEteam 11: ERROR: no intercept evaluator.
AEteam 11: ERROR: no intercept evaluator.
AEteam 11: ERROR: no intercept evaluator.
AEteam 11: ERROR: no intercept evaluator.
AEteam 11: ERROR: no intercept evaluator.
AEteam 11: ERROR: no intercept evaluator.
AEteam 11: ERROR: no intercept evaluator.
AEteam 11: ERROR: no intercept evaluator.
AEteam 11: ERROR: no intercept evaluator.
AEteam 11: ERROR: no intercept evaluator.
AEteam 11: ERROR: no intercept evaluator.
AEteam 11: ERROR: no intercept evaluator.
AEteam 11: ERROR: no intercept evaluator.
AEteam 11: [3439, 0]  WARNING. no turn_neck.
AEteam 11: [3440, 0]  WARNING. no turn_neck.
AEteam 11: [3441, 0]  WARNING. no turn_neck.
AEteam 11: [3442, 0]  WARNING. no turn_neck.
AEteam 11: [3444, 0]  WARNING. no turn_neck.
AEteam 11: [3445, 0]  WARNING. no turn_neck.
AEteam 11: [3446, 0]  WARNING. no turn_neck.
AEteam 11: [3447, 0]  WARNING. no turn_neck.
AEteam 11: [3448, 0]  WARNING. no turn_neck.
AEteam 11: [3449, 0]  WARNING. no turn_neck.
AEteam 11: [3450, 0]  WARNING. no turn_neck.
AEteam 11: ERROR: no intercept evaluator.
AEteam 11: ERROR: no intercept evaluator.
AEteam 11: ERROR: no intercept evaluator.
AEteam 11: ERROR: no intercept evaluator.
AEteam 11: ERROR: no intercept evaluator.
AEteam 11: [3485, 0]  WARNING. no turn_neck.
AEteam 11: [3486, 0]  WARNING. no turn_neck.
AEteam 11: [3487, 0]  WARNING. no turn_neck.
AEteam 11: [3488, 0]  WARNING. no turn_neck.
AEteam 11: [3489, 0]  WARNING. no turn_neck.
AEteam 11: [3490, 0]  WARNING. no turn_neck.
AEteam 11: [3492, 0]  WARNING. no turn_neck.
AEteam 11: [3493, 0]  WARNING. no turn_neck.
AEteam 11: [3494, 0]  WARNING. no turn_neck.
AEteam 11: [3495, 0]  WARNING. no turn_neck.
AEteam 11: ERROR: no intercept evaluator.
AEteam 11: ERROR: no intercept evaluator.
AEteam 11: ERROR: no intercept evaluator.
AEteam 11: ERROR: no intercept evaluator.
AEteam 11: ERROR: no intercept evaluator.
AEteam 11: ERROR: no intercept evaluator.
AEteam 11: ERROR: no intercept evaluator.
AEteam 11: ERROR: no intercept evaluator.
AEteam 11: ERROR: no intercept evaluator.
AEteam 11: ERROR: no intercept evaluator.
AEteam 11: ERROR: no intercept evaluator.
AEteam 11: ERROR: no intercept evaluator.
AEteam 11: ERROR: no intercept evaluator.
AEteam 11: ERROR: no intercept evaluator.
AEteam 11: ERROR: no intercept evaluator.
AEteam 11: ERROR: no intercept evaluator.
AEteam 11: ERROR: no intercept evaluator.
AEteam 11: ERROR: no intercept evaluator.
AEteam 11: ERROR: no intercept evaluator.
AEteam 11: ERROR: no intercept evaluator.
AEteam 11: ERROR: no intercept evaluator.
AEteam 11: ERROR: no intercept evaluator.
AEteam 11: ERROR: no intercept evaluator.
AEteam 11: ERROR: no intercept evaluator.
AEteam 11: ERROR: no intercept evaluator.
AEteam 11: ERROR: no intercept evaluator.
AEteam 11: ERROR: no intercept evaluator.
AEteam 11: ERROR: no intercept evaluator.
AEteam 11: ERROR: no intercept evaluator.
AEteam 11: ERROR: no intercept evaluator.
AEteam 11: ERROR: no intercept evaluator.
AEteam 11: ERROR: no intercept evaluator.
AEteam 11: ERROR: no intercept evaluator.
AEteam 11: ERROR: no intercept evaluator.
AEteam 11: ERROR: no intercept evaluator.
AEteam 11: ERROR: no intercept evaluator.
AEteam 11: ERROR: no intercept evaluator.
AEteam 11: ERROR: no intercept evaluator.
AEteam 11: ERROR: no intercept evaluator.
AEteam 11: ERROR: no intercept evaluator.
AEteam 11: ERROR: no intercept evaluator.
AEteam 11: ERROR: no intercept evaluator.
AEteam 11: ERROR: no intercept evaluator.
AEteam 11: ERROR: no intercept evaluator.
AEteam 11: ERROR: no intercept evaluator.
AEteam 11: ERROR: no intercept evaluator.
AEteam 11: ERROR: no intercept evaluator.
AEteam 11: ERROR: no intercept evaluator.
AEteam 11: [3787, 0]  WARNING. no turn_neck.
AEteam 11: [3788, 0]  WARNING. no turn_neck.
AEteam 11: [3789, 0]  WARNING. no turn_neck.
AEteam 11: [3790, 0]  WARNING. no turn_neck.
AEteam 11: [3791, 0]  WARNING. no turn_neck.
AEteam 11: [3792, 0]  WARNING. no turn_neck.
AEteam 11: [3793, 0]  WARNING. no turn_neck.
AEteam 11: [3794, 0]  WARNING. no turn_neck.
AEteam 11: [3796, 0]  WARNING. no turn_neck.
AEteam 11: [3797, 0]  WARNING. no turn_neck.
AEteam 11: [3798, 0]  WARNING. no turn_neck.
AEteam 11: [3799, 0]  WARNING. no turn_neck.
AEteam 11: [3800, 0]  WARNING. no turn_neck.
AEteam 11: [3801, 0]  WARNING. no turn_neck.
AEteam 11: [3802, 0]  WARNING. no turn_neck.
AEteam 11: [3838, 0]  WARNING. no turn_neck.
AEteam 11: [3839, 0]  WARNING. no turn_neck.
AEteam 11: ERROR: no intercept evaluator.
AEteam 11: ERROR: no intercept evaluator.
AEteam 11: ERROR: no intercept evaluator.
AEteam 11: ERROR: no intercept evaluator.
AEteam 11: ERROR: no intercept evaluator.
AEteam 11: ERROR: no intercept evaluator.
AEteam 11: ERROR: no intercept evaluator.
AEteam 11: ERROR: no intercept evaluator.
AEteam 11: ERROR: no intercept evaluator.
AEteam 11: ERROR: no intercept evaluator.
AEteam 11: ERROR: no intercept evaluator.
AEteam 11: ERROR: no intercept evaluator.
AEteam 11: ERROR: no intercept evaluator.
AEteam 11: ERROR: no intercept evaluator.
AEteam 11: ERROR: no intercept evaluator.
AEteam 11: [4132, 0] lost kick? at [4132, 0] sense=92 internal=93
AEteam 11: ERROR: no intercept evaluator.
AEteam 11: ERROR: no intercept evaluator.
AEteam 11: ERROR: no intercept evaluator.
AEteam 11: ERROR: no intercept evaluator.
AEteam 11: ERROR: no intercept evaluator.
AEteam 11: ERROR: no intercept evaluator.
AEteam 11: ERROR: no intercept evaluator.
AEteam 11: ERROR: no intercept evaluator.
AEteam 11: [4273, 0]  WARNING. no turn_neck.
AEteam 11: ERROR: no intercept evaluator.
AEteam 11: ERROR: no intercept evaluator.
AEteam 11: ERROR: no intercept evaluator.
AEteam 11: ERROR: no intercept evaluator.
AEteam 11: ERROR: no intercept evaluator.
AEteam 11: ERROR: no intercept evaluator.
AEteam 11: ERROR: no intercept evaluator.
AEteam 11: ERROR: no intercept evaluator.
AEteam 11: ERROR: no intercept evaluator.
AEteam 11: ERROR: no intercept evaluator.
AEteam 11: ERROR: no intercept evaluator.
AEteam 11: ERROR: no intercept evaluator.
AEteam 11: ERROR: no intercept evaluator.
AEteam 11: ERROR: no intercept evaluator.
AEteam 11: ERROR: no intercept evaluator.
AEteam 11: ERROR: no intercept evaluator.
AEteam 11: ERROR: no intercept evaluator.
AEteam 11: ERROR: no intercept evaluator.
AEteam 11: ERROR: no intercept evaluator.
AEteam 11: ERROR: no intercept evaluator.
AEteam 11: ERROR: no intercept evaluator.
AEteam 11: ERROR: no intercept evaluator.
AEteam 11: ERROR: no intercept evaluator.
AEteam 11: ERROR: no intercept evaluator.
AEteam 11: ERROR: no intercept evaluator.
AEteam 11: ERROR: no intercept evaluator.
AEteam 11: ERROR: no intercept evaluator.
AEteam 11: ERROR: no intercept evaluator.
AEteam 11: ERROR: no intercept evaluator.
AEteam 11: ERROR: no intercept evaluator.
AEteam 11: ERROR: no intercept evaluator.
AEteam 11: ERROR: no intercept evaluator.
AEteam 11: ERROR: no intercept evaluator.
AEteam 11: ERROR: no intercept evaluator.
AEteam 11: ERROR: no intercept evaluator.
AEteam 11: ERROR: no intercept evaluator.
AEteam 11: ERROR: no intercept evaluator.
AEteam 11: ERROR: no intercept evaluator.
AEteam 11: ERROR: no intercept evaluator.
AEteam 11: ERROR: no intercept evaluator.
AEteam 11: ERROR: no intercept evaluator.
AEteam 11: ERROR: no intercept evaluator.
AEteam 11: ERROR: no intercept evaluator.
AEteam 11: ERROR: no intercept evaluator.
AEteam 11: ERROR: no intercept evaluator.
AEteam 11: ERROR: no intercept evaluator.
AEteam 11: ERROR: no intercept evaluator.
AEteam 11: ERROR: no intercept evaluator.
AEteam 11: ERROR: no intercept evaluator.
AEteam 11: ERROR: no intercept evaluator.
AEteam 11: ERROR: no intercept evaluator.
AEteam 11: ERROR: no intercept evaluator.
AEteam 11: ERROR: no intercept evaluator.
AEteam 11: ERROR: no intercept evaluator.
AEteam 11: ERROR: no intercept evaluator.
AEteam 11: ERROR: no intercept evaluator.
AEteam 11: [5326, 0] lost kick? at [5326, 0] sense=124 internal=125
AEteam 11: ERROR: no intercept evaluator.
AEteam 11: ERROR: no intercept evaluator.
AEteam 11: ERROR: no intercept evaluator.
AEteam 11: ERROR: no intercept evaluator.
AEteam 11: ERROR: no intercept evaluator.
AEteam 11: ERROR: no intercept evaluator.
AEteam 11: ERROR: no intercept evaluator.
AEteam 11: ERROR: no intercept evaluator.
AEteam 11: ERROR: no intercept evaluator.
AEteam 11: ERROR: no intercept evaluator.
AEteam 11: ERROR: no intercept evaluator.
AEteam 11: ERROR: no intercept evaluator.
AEteam 11: ERROR: no intercept evaluator.
AEteam 11: ERROR: no intercept evaluator.
AEteam 11: ERROR: no intercept evaluator.
AEteam 11: ERROR: no intercept evaluator.
AEteam 11: ERROR: no intercept evaluator.
AEteam 11: ERROR: no intercept evaluator.
AEteam 11: ERROR: no intercept evaluator.
AEteam 11: ERROR: no intercept evaluator.
AEteam 11: ERROR: no intercept evaluator.
AEteam 11: ERROR: no intercept evaluator.
AEteam 11: ERROR: no intercept evaluator.
AEteam 11: ERROR: no intercept evaluator.
AEteam 11: ERROR: no intercept evaluator.
AEteam 11: ERROR: no intercept evaluator.
AEteam 11: ERROR: no intercept evaluator.
AEteam 11: ERROR: no intercept evaluator.
AEteam 11: ERROR: no intercept evaluator.
AEteam 11: ERROR: no intercept evaluator.
AEteam 11: ERROR: no intercept evaluator.
AEteam 11: ERROR: no intercept evaluator.
AEteam 11: ERROR: no intercept evaluator.
AEteam 11: ERROR: no intercept evaluator.
AEteam 11: ERROR: no intercept evaluator.
AEteam 11: ERROR: no intercept evaluator.
AEteam 11: ERROR: no intercept evaluator.
AEteam 11: ERROR: no intercept evaluator.
AEteam 11: ERROR: no intercept evaluator.
AEteam 11: ERROR: no intercept evaluator.
AEteam 11: ERROR: no intercept evaluator.
AEteam 11: ERROR: no intercept evaluator.
AEteam 11: ERROR: no intercept evaluator.
AEteam 11: ERROR: no intercept evaluator.
AEteam 11: ERROR: no intercept evaluator.
AEteam 11: ERROR: no intercept evaluator.
AEteam 11: ERROR: no intercept evaluator.
AEteam 11: ERROR: no intercept evaluator.
AEteam 11: ERROR: no intercept evaluator.
AEteam 11: [5968, 0]  WARNING. no turn_neck.
AEteam 11: [5969, 0]  WARNING. no turn_neck.
AEteam 11: [5970, 0]  WARNING. no turn_neck.
AEteam 11: [5971, 0]  WARNING. no turn_neck.
AEteam 11: [5972, 0]  WARNING. no turn_neck.
AEteam 11: [5974, 0]  WARNING. no turn_neck.
AEteam 11: [5975, 0]  WARNING. no turn_neck.
AEteam 11: [5976, 0]  WARNING. no turn_neck.
AEteam 11: [5977, 0]  WARNING. no turn_neck.
AEteam 11: [5978, 0]  WARNING. no turn_neck.
AEteam 11: finished.
