0
1
2
3
4
5
6
7
8
9
10
11
12
13
14
15
16
17
18
19
20
21
22
23
24
25
26
27
28
29
30
31
32
33
34
35
36
37
38
39
40
41
42
43
44
45
46
47
48
49
0
1
2
3
4
5
6
7
8
9
10
11
12
13
14
15
16
17
18
19
20
21
22
23
24
25
26
27
28
29
30
31
32
33
34
35
36
37
38
39
40
41
42
43
44
45
46
47
48
49

COMMANDS REPORT OF PLAYER 1
----------------------------

01) Attention_To:       Sended:  6636   Executed:  6606   Losted:    30   Miss Percent: 0.45%
03) Catch:              Sended:     1   Executed:     1   Losted:     0   Miss Percent: 0.00%
04) Change_View:        Sended:     7   Executed:     7   Losted:     0   Miss Percent: 0.00%
05) Change_Focus:       Sended:     2   Executed:     2   Losted:     0   Miss Percent: 0.00%
08) Dash:               Sended:  1733   Executed:  1733   Losted:     0   Miss Percent: 0.00%
13) Kick:               Sended:     2   Executed:     2   Losted:     0   Miss Percent: 0.00%
15) Move:               Sended:    16   Executed:    16   Losted:     0   Miss Percent: 0.00%
16) Point_To:           Sended:     0   Executed:     0   Losted:     0   Miss Percent: 0.00%
18) Say:                Sended:  6635   Executed:  6634   Losted:     1   Miss Percent: 0.02%
22) Tackle:             Sended:     1   Executed:     1   Losted:     0   Miss Percent: 0.00%
23) Turn:               Sended:  4751   Executed:  4751   Losted:     0   Miss Percent: 0.00%
24) Turn_Neck:          Sended:  5218   Executed:  5217   Losted:     1   Miss Percent: 0.02%


