******************************************************************
 librcsc 2023
 Copyright 2000 - 2007. Hidehisa Akiyama.
 Copyright 2007 - 2011. Hidehisa Akiyama and Hiroki Shimora
 Copyright 2011 -  Hidehisa Akiyama, Hiroki Shimora
   Takuya Fukushima (2019-)
 All rights reserved.
******************************************************************
*****************************************************************
 This program is based on agent2d created by Hidehisa Akiyama.
 Copyright 2006 - 2011. Hidehisa Akiyama and Hiroki Shimora.
 All rights reserved.
*****************************************************************
AEteam: init ok.  unum: 8 side: l
AEteam 8: [-1, 0] (v18+) force synch see mode.
AEteam 8:  KickTable created.
AEteam 8: [-1, 0] set synch see mode.
layerSize: 4
AEteam 8: [14, 0]  WARNING. no turn_neck.
AEteam 8: ERROR: no intercept evaluator.
AEteam 8: [70, 0]  WARNING. no turn_neck.
AEteam 8: [71, 0]  WARNING. no turn_neck.
AEteam 8: [73, 0]  WARNING. no turn_neck.
AEteam 8: [74, 0]  WARNING. no turn_neck.
AEteam 8: [75, 0]  WARNING. no turn_neck.
AEteam 8: [76, 0]  WARNING. no turn_neck.
AEteam 8: [77, 0]  WARNING. no turn_neck.
AEteam 8: ERROR: no intercept evaluator.
AEteam 8: ERROR: no intercept evaluator.
AEteam 8: ERROR: no intercept evaluator.
AEteam 8: ERROR: no intercept evaluator.
AEteam 8: ERROR: no intercept evaluator.
AEteam 8: ERROR: no intercept evaluator.
AEteam 8: ERROR: no intercept evaluator.
AEteam 8: ERROR: no intercept evaluator.
AEteam 8: ERROR: no intercept evaluator.
AEteam 8: ERROR: no intercept evaluator.
AEteam 8: ERROR: no intercept evaluator.
AEteam 8: ERROR: no intercept evaluator.
AEteam 8: ERROR: no intercept evaluator.
AEteam 8: ERROR: no intercept evaluator.
AEteam 8: ERROR: no intercept evaluator.
AEteam 8: ERROR: no intercept evaluator.
AEteam 8: ERROR: no intercept evaluator.
AEteam 8: ERROR: no intercept evaluator.
AEteam 8: ERROR: no intercept evaluator.
AEteam 8: ERROR: no intercept evaluator.
AEteam 8: ERROR: no intercept evaluator.
AEteam 8: ERROR: no intercept evaluator.
AEteam 8: ERROR: no intercept evaluator.
AEteam 8: [441, 0]  WARNING. no turn_neck.
AEteam 8: [442, 0]  WARNING. no turn_neck.
AEteam 8: ERROR: no intercept evaluator.
AEteam 8: ERROR: no intercept evaluator.
AEteam 8: ERROR: no intercept evaluator.
AEteam 8: ERROR: no intercept evaluator.
AEteam 8: ERROR: no intercept evaluator.
AEteam 8: ERROR: no intercept evaluator.
AEteam 8: ERROR: no intercept evaluator.
AEteam 8: ERROR: no intercept evaluator.
AEteam 8: ERROR: no intercept evaluator.
AEteam 8: ERROR: no intercept evaluator.
AEteam 8: ERROR: no intercept evaluator.
AEteam 8: ERROR: no intercept evaluator.
AEteam 8: ERROR: no intercept evaluator.
AEteam 8: ERROR: no intercept evaluator.
AEteam 8: ERROR: no intercept evaluator.
AEteam 8: ERROR: no intercept evaluator.
AEteam 8: ERROR: no intercept evaluator.
AEteam 8: ERROR: no intercept evaluator.
AEteam 8: ERROR: no intercept evaluator.
AEteam 8: ERROR: no intercept evaluator.
AEteam 8: ERROR: no intercept evaluator.
AEteam 8: ERROR: no intercept evaluator.
AEteam 8: ERROR: no intercept evaluator.
AEteam 8: [870, 0]  WARNING. no turn_neck.
AEteam 8: ERROR: no intercept evaluator.
AEteam 8: ERROR: no intercept evaluator.
AEteam 8: ERROR: no intercept evaluator.
AEteam 8: ERROR: no intercept evaluator.
AEteam 8: ERROR: no intercept evaluator.
AEteam 8: ERROR: no intercept evaluator.
AEteam 8: ERROR: no intercept evaluator.
AEteam 8: ERROR: no intercept evaluator.
AEteam 8: ERROR: no intercept evaluator.
AEteam 8: ERROR: no intercept evaluator.
AEteam 8: ERROR: no intercept evaluator.
AEteam 8: ERROR: no intercept evaluator.
AEteam 8: ERROR: no intercept evaluator.
AEteam 8: ERROR: no intercept evaluator.
AEteam 8: ERROR: no intercept evaluator.
AEteam 8: ERROR: no intercept evaluator.
AEteam 8: ERROR: no intercept evaluator.
AEteam 8: ERROR: no intercept evaluator.
AEteam 8: ERROR: no intercept evaluator.
AEteam 8: ERROR: no intercept evaluator.
AEteam 8: ERROR: no intercept evaluator.
AEteam 8: ERROR: no intercept evaluator.
AEteam 8: ERROR: no intercept evaluator.
AEteam 8: ERROR: no intercept evaluator.
AEteam 8: ERROR: no intercept evaluator.
AEteam 8: ERROR: no intercept evaluator.
AEteam 8: ERROR: no intercept evaluator.
AEteam 8: ERROR: no intercept evaluator.
AEteam 8: ERROR: no intercept evaluator.
AEteam 8: ERROR: no intercept evaluator.
AEteam 8: ERROR: no intercept evaluator.
AEteam 8: ERROR: no intercept evaluator.
AEteam 8: ERROR: no intercept evaluator.
AEteam 8: ERROR: no intercept evaluator.
AEteam 8: ERROR: no intercept evaluator.
AEteam 8: ERROR: no intercept evaluator.
AEteam 8: ERROR: no intercept evaluator.
AEteam 8: ERROR: no intercept evaluator.
AEteam 8: ERROR: no intercept evaluator.
AEteam 8: ERROR: no intercept evaluator.
AEteam 8: ERROR: no intercept evaluator.
AEteam 8: ERROR: no intercept evaluator.
AEteam 8: ERROR: no intercept evaluator.
AEteam 8: ERROR: no intercept evaluator.
AEteam 8: ERROR: no intercept evaluator.
AEteam 8: ERROR: no intercept evaluator.
AEteam 8: ERROR: no intercept evaluator.
AEteam 8: ERROR: no intercept evaluator.
AEteam 8: ERROR: no intercept evaluator.
AEteam 8: ERROR: no intercept evaluator.
AEteam 8: ERROR: no intercept evaluator.
AEteam 8: ERROR: no intercept evaluator.
AEteam 8: ERROR: no intercept evaluator.
AEteam 8: ERROR: no intercept evaluator.
AEteam 8: ERROR: no intercept evaluator.
AEteam 8: ERROR: no intercept evaluator.
AEteam 8: ERROR: no intercept evaluator.
AEteam 8: ERROR: no intercept evaluator.
AEteam 8: ERROR: no intercept evaluator.
AEteam 8: ERROR: no intercept evaluator.
AEteam 8: ERROR: no intercept evaluator.
AEteam 8: ERROR: no intercept evaluator.
AEteam 8: ERROR: no intercept evaluator.
AEteam 8: ERROR: no intercept evaluator.
AEteam 8: ERROR: no intercept evaluator.
AEteam 8: ERROR: no intercept evaluator.
AEteam 8: ERROR: no intercept evaluator.
AEteam 8: ERROR: no intercept evaluator.
AEteam 8: ERROR: no intercept evaluator.
AEteam 8: ERROR: no intercept evaluator.
AEteam 8: ERROR: no intercept evaluator.
AEteam 8: ERROR: no intercept evaluator.
AEteam 8: ERROR: no intercept evaluator.
AEteam 8: ERROR: no intercept evaluator.
AEteam 8: ERROR: no intercept evaluator.
AEteam 8: ERROR: no intercept evaluator.
AEteam 8: ERROR: no intercept evaluator.
AEteam 8: ERROR: no intercept evaluator.
AEteam 8: ERROR: no intercept evaluator.
AEteam 8: ERROR: no intercept evaluator.
AEteam 8: ERROR: no intercept evaluator.
AEteam 8: ERROR: no intercept evaluator.
AEteam 8: ERROR: no intercept evaluator.
AEteam 8: ERROR: no intercept evaluator.
AEteam 8: ERROR: no intercept evaluator.
AEteam 8: ERROR: no intercept evaluator.
AEteam 8: ERROR: no intercept evaluator.
AEteam 8: ERROR: no intercept evaluator.
AEteam 8: ERROR: no intercept evaluator.
AEteam 8: ERROR: no intercept evaluator.
AEteam 8: ERROR: no intercept evaluator.
AEteam 8: ERROR: no intercept evaluator.
AEteam 8: ERROR: no intercept evaluator.
AEteam 8: ERROR: no intercept evaluator.
AEteam 8: ERROR: no intercept evaluator.
AEteam 8: ERROR: no intercept evaluator.
AEteam 8: ERROR: no intercept evaluator.
AEteam 8: ERROR: no intercept evaluator.
AEteam 8: ERROR: no intercept evaluator.
AEteam 8: ERROR: no intercept evaluator.
AEteam 8: ERROR: no intercept evaluator.
AEteam 8: ERROR: no intercept evaluator.
AEteam 8: ERROR: no intercept evaluator.
AEteam 8: ERROR: no intercept evaluator.
AEteam 8: ERROR: no intercept evaluator.
AEteam 8: ERROR: no intercept evaluator.
AEteam 8: ERROR: no intercept evaluator.
AEteam 8: ERROR: no intercept evaluator.
AEteam 8: ERROR: no intercept evaluator.
AEteam 8: ERROR: no intercept evaluator.
AEteam 8: ERROR: no intercept evaluator.
AEteam 8: ERROR: no intercept evaluator.
AEteam 8: ERROR: no intercept evaluator.
AEteam 8: ERROR: no intercept evaluator.
AEteam 8: ERROR: no intercept evaluator.
AEteam 8: ERROR: no intercept evaluator.
AEteam 8: ERROR: no intercept evaluator.
AEteam 8: ERROR: no intercept evaluator.
AEteam 8: ERROR: no intercept evaluator.
AEteam 8: ERROR: no intercept evaluator.
AEteam 8: ERROR: no intercept evaluator.
AEteam 8: ERROR: no intercept evaluator.
AEteam 8: ERROR: no intercept evaluator.
AEteam 8: ERROR: no intercept evaluator.
AEteam 8: ERROR: no intercept evaluator.
AEteam 8: ERROR: no intercept evaluator.
AEteam 8: ERROR: no intercept evaluator.
AEteam 8: ERROR: no intercept evaluator.
AEteam 8: ERROR: no intercept evaluator.
AEteam 8: ERROR: no intercept evaluator.
AEteam 8: ERROR: no intercept evaluator.
AEteam 8: ERROR: no intercept evaluator.
AEteam 8: ERROR: no intercept evaluator.
AEteam 8: ERROR: no intercept evaluator.
AEteam 8: ERROR: no intercept evaluator.
AEteam 8: ERROR: no intercept evaluator.
AEteam 8: ERROR: no intercept evaluator.
AEteam 8: ERROR: no intercept evaluator.
AEteam 8: ERROR: no intercept evaluator.
AEteam 8: [3623, 0]  WARNING. no turn_neck.
AEteam 8: [3624, 0]  WARNING. no turn_neck.
AEteam 8: [3625, 0]  WARNING. no turn_neck.
AEteam 8: ERROR: no intercept evaluator.
AEteam 8: ERROR: no intercept evaluator.
AEteam 8: ERROR: no intercept evaluator.
AEteam 8: [3629, 0]  WARNING. no turn_neck.
AEteam 8: [3630, 0]  WARNING. no turn_neck.
AEteam 8: ERROR: no intercept evaluator.
AEteam 8: ERROR: no intercept evaluator.
AEteam 8: ERROR: no intercept evaluator.
AEteam 8: ERROR: no intercept evaluator.
AEteam 8: ERROR: no intercept evaluator.
AEteam 8: ERROR: no intercept evaluator.
AEteam 8: ERROR: no intercept evaluator.
AEteam 8: ERROR: no intercept evaluator.
AEteam 8: ERROR: no intercept evaluator.
AEteam 8: ERROR: no intercept evaluator.
AEteam 8: ERROR: no intercept evaluator.
AEteam 8: [4268, 0]  WARNING. no turn_neck.
AEteam 8: [4296, 0]  WARNING. no turn_neck.
AEteam 8: [4297, 0]  WARNING. no turn_neck.
AEteam 8: [4298, 0]  WARNING. no turn_neck.
AEteam 8: ERROR: no intercept evaluator.
AEteam 8: ERROR: no intercept evaluator.
AEteam 8: ERROR: no intercept evaluator.
AEteam 8: ERROR: no intercept evaluator.
AEteam 8: ERROR: no intercept evaluator.
AEteam 8: ERROR: no intercept evaluator.
AEteam 8: ERROR: no intercept evaluator.
AEteam 8: ERROR: no intercept evaluator.
AEteam 8: ERROR: no intercept evaluator.
AEteam 8: ERROR: no intercept evaluator.
AEteam 8: ERROR: no intercept evaluator.
AEteam 8: ERROR: no intercept evaluator.
AEteam 8: ERROR: no intercept evaluator.
AEteam 8: ERROR: no intercept evaluator.
AEteam 8: [4416, 0]  WARNING. no turn_neck.
AEteam 8: [4417, 0]  WARNING. no turn_neck.
AEteam 8: [4418, 0]  WARNING. no turn_neck.
AEteam 8: [4419, 0]  WARNING. no turn_neck.
AEteam 8: [4420, 0]  WARNING. no turn_neck.
AEteam 8: [4441, 0]  WARNING. no turn_neck.
AEteam 8: [4442, 0]  WARNING. no turn_neck.
AEteam 8: [4443, 0]  WARNING. no turn_neck.
AEteam 8: [4449, 0]  WARNING. no turn_neck.
AEteam 8: [4450, 0]  WARNING. no turn_neck.
AEteam 8: [4451, 0]  WARNING. no turn_neck.
AEteam 8: [4452, 0]  WARNING. no turn_neck.
AEteam 8: [4453, 0]  WARNING. no turn_neck.
AEteam 8: ERROR: no intercept evaluator.
AEteam 8: ERROR: no intercept evaluator.
AEteam 8: ERROR: no intercept evaluator.
AEteam 8: ERROR: no intercept evaluator.
AEteam 8: ERROR: no intercept evaluator.
AEteam 8: ERROR: no intercept evaluator.
AEteam 8: ERROR: no intercept evaluator.
AEteam 8: ERROR: no intercept evaluator.
AEteam 8: ERROR: no intercept evaluator.
AEteam 8: ERROR: no intercept evaluator.
AEteam 8: ERROR: no intercept evaluator.
AEteam 8: ERROR: no intercept evaluator.
AEteam 8: ERROR: no intercept evaluator.
AEteam 8: ERROR: no intercept evaluator.
AEteam 8: ERROR: no intercept evaluator.
AEteam 8: ERROR: no intercept evaluator.
AEteam 8: ERROR: no intercept evaluator.
AEteam 8: ERROR: no intercept evaluator.
AEteam 8: ERROR: no intercept evaluator.
AEteam 8: ERROR: no intercept evaluator.
AEteam 8: ERROR: no intercept evaluator.
AEteam 8: ERROR: no intercept evaluator.
AEteam 8: ERROR: no intercept evaluator.
AEteam 8: ERROR: no intercept evaluator.
AEteam 8: ERROR: no intercept evaluator.
AEteam 8: ERROR: no intercept evaluator.
AEteam 8: ERROR: no intercept evaluator.
AEteam 8: ERROR: no intercept evaluator.
AEteam 8: ERROR: no intercept evaluator.
AEteam 8: [4986, 0]  WARNING. no turn_neck.
AEteam 8: [4987, 0]  WARNING. no turn_neck.
AEteam 8: [4988, 0]  WARNING. no turn_neck.
AEteam 8: ERROR: no intercept evaluator.
AEteam 8: ERROR: no intercept evaluator.
AEteam 8: ERROR: no intercept evaluator.
AEteam 8: ERROR: no intercept evaluator.
AEteam 8: ERROR: no intercept evaluator.
AEteam 8: ERROR: no intercept evaluator.
AEteam 8: ERROR: no intercept evaluator.
AEteam 8: ERROR: no intercept evaluator.
AEteam 8: ERROR: no intercept evaluator.
AEteam 8: ERROR: no intercept evaluator.
AEteam 8: ERROR: no intercept evaluator.
AEteam 8: ERROR: no intercept evaluator.
AEteam 8: ERROR: no intercept evaluator.
AEteam 8: ERROR: no intercept evaluator.
AEteam 8: ERROR: no intercept evaluator.
AEteam 8: ERROR: no intercept evaluator.
AEteam 8: ERROR: no intercept evaluator.
AEteam 8: ERROR: no intercept evaluator.
AEteam 8: ERROR: no intercept evaluator.
AEteam 8: ERROR: no intercept evaluator.
AEteam 8: ERROR: no intercept evaluator.
AEteam 8: ERROR: no intercept evaluator.
AEteam 8: ERROR: no intercept evaluator.
AEteam 8: ERROR: no intercept evaluator.
AEteam 8: ERROR: no intercept evaluator.
AEteam 8: ERROR: no intercept evaluator.
AEteam 8: ERROR: no intercept evaluator.
AEteam 8: ERROR: no intercept evaluator.
AEteam 8: ERROR: no intercept evaluator.
AEteam 8: ERROR: no intercept evaluator.
AEteam 8: ERROR: no intercept evaluator.
AEteam 8: ERROR: no intercept evaluator.
AEteam 8: ERROR: no intercept evaluator.
AEteam 8: ERROR: no intercept evaluator.
AEteam 8: ERROR: no intercept evaluator.
AEteam 8: finished.
