******************************************************************
 librcsc 2023
 Copyright 2000 - 2007. Hidehisa Akiyama.
 Copyright 2007 - 2011. Hidehisa Akiyama and Hiroki Shimora
 Copyright 2011 -  Hidehisa Akiyama, Hiroki Shimora
   Takuya Fukushima (2019-)
 All rights reserved.
******************************************************************
*****************************************************************
 This program is based on agent2d created by Hidehisa Akiyama.
 Copyright 2006 - 2011. Hidehisa Akiyama and Hiroki Shimora.
 All rights reserved.
*****************************************************************
AEteam: init ok.  unum: 7 side: l
AEteam 7: [-1, 0] (v18+) force synch see mode.
AEteam 7:  KickTable created.
AEteam 7: [-1, 0] set synch see mode.
AEteam 7: ERROR: no intercept evaluator.
AEteam 7: ERROR: no intercept evaluator.
layerSize: 4
AEteam 7: [110, 0]  WARNING. no turn_neck.
AEteam 7: [111, 0]  WARNING. no turn_neck.
AEteam 7: [112, 0]  WARNING. no turn_neck.
AEteam 7: [113, 0]  WARNING. no turn_neck.
AEteam 7: [114, 0]  WARNING. no turn_neck.
AEteam 7: [117, 0]  WARNING. no turn_neck.
AEteam 7: [118, 0]  WARNING. no turn_neck.
AEteam 7: [567, 0]  WARNING. no turn_neck.
AEteam 7: [568, 0]  WARNING. no turn_neck.
AEteam 7: [569, 0]  WARNING. no turn_neck.
AEteam 7: [570, 0]  WARNING. no turn_neck.
AEteam 7: ERROR: no intercept evaluator.
AEteam 7: ERROR: no intercept evaluator.
AEteam 7: ERROR: no intercept evaluator.
AEteam 7: ERROR: no intercept evaluator.
AEteam 7: ERROR: no intercept evaluator.
AEteam 7: ERROR: no intercept evaluator.
AEteam 7: ERROR: no intercept evaluator.
AEteam 7: ERROR: no intercept evaluator.
AEteam 7: ERROR: no intercept evaluator.
AEteam 7: ERROR: no intercept evaluator.
AEteam 7: ERROR: no intercept evaluator.
AEteam 7: ERROR: no intercept evaluator.
AEteam 7: ERROR: no intercept evaluator.
AEteam 7: ERROR: no intercept evaluator.
AEteam 7: ERROR: no intercept evaluator.
AEteam 7: ERROR: no intercept evaluator.
AEteam 7: ERROR: no intercept evaluator.
AEteam 7: ERROR: no intercept evaluator.
AEteam 7: ERROR: no intercept evaluator.
AEteam 7: ERROR: no intercept evaluator.
AEteam 7: ERROR: no intercept evaluator.
AEteam 7: ERROR: no intercept evaluator.
AEteam 7: ERROR: no intercept evaluator.
AEteam 7: ERROR: no intercept evaluator.
AEteam 7: ERROR: no intercept evaluator.
AEteam 7: ERROR: no intercept evaluator.
AEteam 7: ERROR: no intercept evaluator.
AEteam 7: ERROR: no intercept evaluator.
AEteam 7: ERROR: no intercept evaluator.
AEteam 7: ERROR: no intercept evaluator.
AEteam 7: ERROR: no intercept evaluator.
AEteam 7: ERROR: no intercept evaluator.
AEteam 7: ERROR: no intercept evaluator.
AEteam 7: ERROR: no intercept evaluator.
AEteam 7: ERROR: no intercept evaluator.
AEteam 7: ERROR: no intercept evaluator.
AEteam 7: ERROR: no intercept evaluator.
AEteam 7: ERROR: no intercept evaluator.
AEteam 7: ERROR: no intercept evaluator.
AEteam 7: [1314, 0]  WARNING. no turn_neck.
AEteam 7: [1315, 0]  WARNING. no turn_neck.
AEteam 7: [1316, 0]  WARNING. no turn_neck.
AEteam 7: [1317, 0]  WARNING. no turn_neck.
AEteam 7: [1318, 0]  WARNING. no turn_neck.
AEteam 7: [1326, 0]  WARNING. no turn_neck.
AEteam 7: [1327, 0]  WARNING. no turn_neck.
AEteam 7: [1328, 0]  WARNING. no turn_neck.
AEteam 7: [1329, 0]  WARNING. no turn_neck.
AEteam 7: [1330, 0]  WARNING. no turn_neck.
AEteam 7: ERROR: no intercept evaluator.
AEteam 7: ERROR: no intercept evaluator.
AEteam 7: ERROR: no intercept evaluator.
AEteam 7: ERROR: no intercept evaluator.
AEteam 7: ERROR: no intercept evaluator.
AEteam 7: ERROR: no intercept evaluator.
AEteam 7: ERROR: no intercept evaluator.
AEteam 7: ERROR: no intercept evaluator.
AEteam 7: ERROR: no intercept evaluator.
AEteam 7: ERROR: no intercept evaluator.
AEteam 7: ERROR: no intercept evaluator.
AEteam 7: ERROR: no intercept evaluator.
AEteam 7: ERROR: no intercept evaluator.
AEteam 7: ERROR: no intercept evaluator.
AEteam 7: ERROR: no intercept evaluator.
AEteam 7: ERROR: no intercept evaluator.
AEteam 7: ERROR: no intercept evaluator.
AEteam 7: ERROR: no intercept evaluator.
AEteam 7: ERROR: no intercept evaluator.
AEteam 7: ERROR: no intercept evaluator.
AEteam 7: ERROR: no intercept evaluator.
AEteam 7: ERROR: no intercept evaluator.
AEteam 7: ERROR: no intercept evaluator.
AEteam 7: ERROR: no intercept evaluator.
AEteam 7: ERROR: no intercept evaluator.
AEteam 7: ERROR: no intercept evaluator.
AEteam 7: ERROR: no intercept evaluator.
AEteam 7: ERROR: no intercept evaluator.
AEteam 7: ERROR: no intercept evaluator.
AEteam 7: ERROR: no intercept evaluator.
AEteam 7: ERROR: no intercept evaluator.
AEteam 7: ERROR: no intercept evaluator.
AEteam 7: ERROR: no intercept evaluator.
AEteam 7: ERROR: no intercept evaluator.
AEteam 7: ERROR: no intercept evaluator.
AEteam 7: ERROR: no intercept evaluator.
AEteam 7: ERROR: no intercept evaluator.
AEteam 7: ERROR: no intercept evaluator.
AEteam 7: ERROR: no intercept evaluator.
AEteam 7: ERROR: no intercept evaluator.
AEteam 7: ERROR: no intercept evaluator.
AEteam 7: ERROR: no intercept evaluator.
AEteam 7: ERROR: no intercept evaluator.
AEteam 7: ERROR: no intercept evaluator.
AEteam 7: [3161, 0]  WARNING. no turn_neck.
AEteam 7: [3162, 0]  WARNING. no turn_neck.
AEteam 7: [3163, 0]  WARNING. no turn_neck.
AEteam 7: [3164, 0]  WARNING. no turn_neck.
AEteam 7: ERROR: no intercept evaluator.
AEteam 7: [3472, 0]  WARNING. no turn_neck.
AEteam 7: [3473, 0]  WARNING. no turn_neck.
AEteam 7: [3474, 0]  WARNING. no turn_neck.
AEteam 7: [3475, 0]  WARNING. no turn_neck.
AEteam 7: [3476, 0]  WARNING. no turn_neck.
AEteam 7: [3477, 0]  WARNING. no turn_neck.
AEteam 7: [3483, 0]  WARNING. no turn_neck.
AEteam 7: [3484, 0]  WARNING. no turn_neck.
AEteam 7: [3485, 0]  WARNING. no turn_neck.
AEteam 7: [3486, 0]  WARNING. no turn_neck.
AEteam 7: [3487, 0]  WARNING. no turn_neck.
AEteam 7: [3492, 0]  WARNING. no turn_neck.
AEteam 7: [3493, 0]  WARNING. no turn_neck.
AEteam 7: [3494, 0]  WARNING. no turn_neck.
AEteam 7: [3495, 0]  WARNING. no turn_neck.
AEteam 7: [3496, 0]  WARNING. no turn_neck.
AEteam 7: ERROR: no intercept evaluator.
AEteam 7: ERROR: no intercept evaluator.
AEteam 7: [3508, 0]  WARNING. no turn_neck.
AEteam 7: [3509, 0]  WARNING. no turn_neck.
AEteam 7: [3510, 0]  WARNING. no turn_neck.
AEteam 7: [3511, 0]  WARNING. no turn_neck.
AEteam 7: [3512, 0]  WARNING. no turn_neck.
AEteam 7: ERROR: no intercept evaluator.
AEteam 7: ERROR: no intercept evaluator.
AEteam 7: ERROR: no intercept evaluator.
AEteam 7: ERROR: no intercept evaluator.
AEteam 7: ERROR: no intercept evaluator.
AEteam 7: ERROR: no intercept evaluator.
AEteam 7: ERROR: no intercept evaluator.
AEteam 7: ERROR: no intercept evaluator.
AEteam 7: ERROR: no intercept evaluator.
AEteam 7: ERROR: no intercept evaluator.
AEteam 7: ERROR: no intercept evaluator.
AEteam 7: ERROR: no intercept evaluator.
AEteam 7: ERROR: no intercept evaluator.
AEteam 7: ERROR: no intercept evaluator.
AEteam 7: ERROR: no intercept evaluator.
AEteam 7: ERROR: no intercept evaluator.
AEteam 7: ERROR: no intercept evaluator.
AEteam 7: ERROR: no intercept evaluator.
AEteam 7: ERROR: no intercept evaluator.
AEteam 7: ERROR: no intercept evaluator.
AEteam 7: ERROR: no intercept evaluator.
AEteam 7: ERROR: no intercept evaluator.
AEteam 7: ERROR: no intercept evaluator.
AEteam 7: ERROR: no intercept evaluator.
AEteam 7: ERROR: no intercept evaluator.
AEteam 7: ERROR: no intercept evaluator.
AEteam 7: ERROR: no intercept evaluator.
AEteam 7: ERROR: no intercept evaluator.
AEteam 7: ERROR: no intercept evaluator.
AEteam 7: ERROR: no intercept evaluator.
AEteam 7: ERROR: no intercept evaluator.
AEteam 7: ERROR: no intercept evaluator.
AEteam 7: ERROR: no intercept evaluator.
AEteam 7: ERROR: no intercept evaluator.
AEteam 7: ERROR: no intercept evaluator.
AEteam 7: ERROR: no intercept evaluator.
AEteam 7: ERROR: no intercept evaluator.
AEteam 7: ERROR: no intercept evaluator.
AEteam 7: [4417, 0]  WARNING. no turn_neck.
AEteam 7: [4418, 0]  WARNING. no turn_neck.
AEteam 7: [4419, 0]  WARNING. no turn_neck.
AEteam 7: [4420, 0]  WARNING. no turn_neck.
AEteam 7: [4421, 0]  WARNING. no turn_neck.
AEteam 7: [4429, 0]  WARNING. no turn_neck.
AEteam 7: [4430, 0]  WARNING. no turn_neck.
AEteam 7: [4431, 0]  WARNING. no turn_neck.
AEteam 7: ERROR: no intercept evaluator.
AEteam 7: ERROR: no intercept evaluator.
AEteam 7: ERROR: no intercept evaluator.
AEteam 7: ERROR: no intercept evaluator.
AEteam 7: [4797, 0]  WARNING. no turn_neck.
AEteam 7: [4798, 0]  WARNING. no turn_neck.
AEteam 7: [4799, 0]  WARNING. no turn_neck.
AEteam 7: [4800, 0]  WARNING. no turn_neck.
AEteam 7: [4801, 0]  WARNING. no turn_neck.
AEteam 7: ERROR: no intercept evaluator.
AEteam 7: [4859, 0]  WARNING. no turn_neck.
AEteam 7: [4860, 0]  WARNING. no turn_neck.
AEteam 7: [4861, 0]  WARNING. no turn_neck.
AEteam 7: [4862, 0]  WARNING. no turn_neck.
AEteam 7: [4863, 0]  WARNING. no turn_neck.
AEteam 7: ERROR: no intercept evaluator.
AEteam 7: ERROR: no intercept evaluator.
AEteam 7: ERROR: no intercept evaluator.
AEteam 7: ERROR: no intercept evaluator.
AEteam 7: ERROR: no intercept evaluator.
AEteam 7: ERROR: no intercept evaluator.
AEteam 7: ERROR: no intercept evaluator.
AEteam 7: ERROR: no intercept evaluator.
AEteam 7: ERROR: no intercept evaluator.
AEteam 7: ERROR: no intercept evaluator.
AEteam 7: ERROR: no intercept evaluator.
AEteam 7: ERROR: no intercept evaluator.
AEteam 7: ERROR: no intercept evaluator.
AEteam 7: ERROR: no intercept evaluator.
AEteam 7: ERROR: no intercept evaluator.
AEteam 7: ERROR: no intercept evaluator.
AEteam 7: [5666, 0]  WARNING. no turn_neck.
AEteam 7: ERROR: no intercept evaluator.
AEteam 7: ERROR: no intercept evaluator.
AEteam 7: [5688, 0]  WARNING. no turn_neck.
AEteam 7: [5757, 0]  WARNING. no turn_neck.
AEteam 7: [5758, 0]  WARNING. no turn_neck.
AEteam 7: finished.
