******************************************************************
 librcsc 2023
 Copyright 2000 - 2007. Hidehisa Akiyama.
 Copyright 2007 - 2011. Hidehisa Akiyama and Hiroki Shimora
 Copyright 2011 -  Hidehisa Akiyama, Hiroki Shimora
   Takuya Fukushima (2019-)
 All rights reserved.
******************************************************************
*****************************************************************
 This program is based on agent2d created by Hidehisa Akiyama.
 Copyright 2006 - 2011. Hidehisa Akiyama and Hiroki Shimora.
 All rights reserved.
*****************************************************************
BoltRL coach: [-1, 0] recv (ok eye on)
id speed step inc  power  stam  karea
 0 1.000   6  45.0 100.0  55.0  1.085
 1 0.895   6  49.8 100.0  50.2  1.007
 2 0.804   5  45.1 100.0  54.9  1.097
 3 0.987   6  40.3 100.0  59.7  1.081
 4 0.756   5  48.9 100.0  51.1  1.102
 5 0.760   5  47.4 100.0  52.6  1.138
 6 0.973   6  43.1 100.0  56.9  1.174
 7 0.853   5  46.5 100.0  53.5  1.165
 8 0.864   5  41.5 100.0  58.5  1.065
 9 1.032   5  41.6 100.0  58.4  1.061
 10 0.837   5  50.2 100.0  49.8  1.161
 11 0.821   5  46.3 100.0  53.7  1.159
 12 0.854   6  50.7 100.0  49.3  1.185
 13 0.868   6  43.7 100.0  56.3  1.116
 14 0.879   6  49.3 100.0  50.7  1.181
 15 0.829   5  46.1 100.0  53.9  1.133
 16 1.021   6  43.7 100.0  56.3  1.139
 17 0.848   5  47.3 100.0  52.7  1.026
BoltRL coach: change player 1 to type 0
BoltRL coach: change player 11 to type 9
BoltRL coach: change player 2 to type 16
BoltRL coach: change player 3 to type 3
BoltRL coach: change player 10 to type 6
BoltRL coach: change player 9 to type 1
BoltRL coach: change player 6 to type 14
BoltRL coach: change player 4 to type 8
BoltRL coach: change player 5 to type 13
BoltRL coach: change player 7 to type 17
BoltRL coach: change player 8 to type 7
