rcssserver-19.0.0

Copyright (C) 1995, 1996, 1997, 1998, 1999 Electrotechnical Laboratory.
2000 - RoboCup Soccer Simulator Maintenance Group.

Simulator Random Seed: 1776419337
CSVSaver: Ready
STDOutSaver: Ready
Using simulator's random seed as Hetero Player Seed: 1776419337
wind factor: rand: 0.000000, vector: (0.000000, 0.000000)

Hit CTRL-C to exit
A new (v18) player (BoltRL 1) connected.
A new (v18) player (BoltRL 2) connected.
A new (v18) player (BoltRL 3) connected.
A new (v18) player (BoltRL 4) connected.
A new (v18) player (BoltRL 5) connected.
A new (v18) player (BoltRL 6) connected.
A new (v18) player (BoltRL 7) connected.
A new (v18) player (BoltRL 8) connected.
A new (v18) player (BoltRL 9) connected.
A new (v18) player (BoltRL 10) connected.
A new (v18) player (BoltRL 11) connected.
A new (v18) player (BoltBase 1) connected.
A new (v18) player (BoltBase 2) connected.
A new (v18) player (BoltBase 3) connected.
A new (v18) player (BoltBase 4) connected.
A new (v18) player (BoltBase 5) connected.
A new (v18) player (BoltBase 6) connected.
A new (v18) player (BoltBase 7) connected.
A new (v18) player (BoltBase 8) connected.
A new (v18) player (BoltBase 9) connected.
A new (v18) player (BoltBase 10) connected.
A new (v18) player (BoltBase 11) connected.
A new (v18) online coach (BoltRL) connected.
