******************************************************************
 librcsc 4.1.0
 Copyright 2000 - 2007. Hidehisa Akiyama.
 Copyright 2007 - 2011. Hidehisa Akiyama and Hiroki Shimora
 All rights reserved.
******************************************************************
*****************************************************************
 This program is based on agent2d created by Hidehisa Akiyama.
 Copyright 2006 - 2011. Hidehisa Akiyama and Hiroki Shimora.
 All rights reserved.
*****************************************************************
YuShan2024 coach: [-1, 0] recv (ok eye on)
YuShan2024 coach: [0, 0] send team_graphic 32 tiles
YuShan2024 coach: [0, 1] send team_graphic 32 tiles
YuShan2024 coach: [0, 2] send team_graphic 32 tiles
YuShan2024 coach: [0, 3] send team_graphic 32 tiles
YuShan2024 coach: [0, 4] send team_graphic 16 tiles
id speed step inc  power  stam  karea
 0 1.000   6  45.0 100.0  55.0  1.085
 1 0.914   5  40.2 100.0  59.8  1.130
 2 0.819   5  43.7 100.0  56.3  1.080
 3 0.826   5  50.1 100.0  49.9  1.129
 4 0.816   6  49.0 100.0  51.0  1.144
 5 0.941   6  46.1 100.0  53.9  1.145
 6 0.810   5  48.6 100.0  51.4  1.070
 7 0.894   6  51.9 100.0  48.1  1.037
 8 0.886   6  46.3 100.0  53.7  1.108
 9 0.933   6  45.4 100.0  54.6  1.112
 10 0.850   5  48.1 100.0  51.9  1.069
 11 0.867   6  47.2 100.0  52.8  1.177
 12 0.765   4  48.0 100.0  52.0  1.033
 13 0.819   5  45.1 100.0  54.9  1.158
 14 0.893   6  49.2 100.0  50.8  1.086
 15 0.766   5  49.4 100.0  50.6  1.075
 16 0.886   6  49.8 100.0  50.2  1.096
 17 0.911   6  49.6 100.0  50.4  1.048
YuShan2024 coach: change player 1 to type 0
YuShan2024 coach: change player 10 to type 5
YuShan2024 coach: change player 9 to type 9
YuShan2024 coach: change player 2 to type 1
YuShan2024 coach: change player 3 to type 17
YuShan2024 coach: change player 4 to type 7
YuShan2024 coach: change player 5 to type 16
YuShan2024 coach: change player 11 to type 14
YuShan2024 coach: change player 6 to type 8
YuShan2024 coach: change player 7 to type 11
YuShan2024 coach: change player 8 to type 10
[7, 0] YuShan2024 Coach: no player type for opponent 3. restart analysis.
[7, 0] YuShan2024 Coach: no player type for opponent 9. restart analysis.
[7, 0] YuShan2024 Coach: no player type for opponent 11. restart analysis.
[8, 0] YuShan2024 Coach: no player type for opponent 11. restart analysis.
[9, 0] YuShan2024 Coach: no player type for opponent 2. restart analysis.
[9, 0] YuShan2024 Coach: no player type for opponent 5. restart analysis.
[11, 0] YuShan2024 Coach: no player type for opponent 2. restart analysis.
[11, 0] YuShan2024 Coach: no player type for opponent 9. restart analysis.
[13, 0] YuShan2024 Coach: determined opponent 2 type = 1
[13, 0] YuShan2024 Coach: no player type for opponent 11. restart analysis.
[14, 0] YuShan2024 Coach: no player type for opponent 10. restart analysis.
[16, 0] YuShan2024 Coach: no player type for opponent 10. restart analysis.
[16, 0] YuShan2024 Coach: no player type for opponent 11. restart analysis.
[17, 0] YuShan2024 Coach: no player type for opponent 9. restart analysis.
[17, 0] YuShan2024 Coach: no player type for opponent 10. restart analysis.
[23, 0] YuShan2024 Coach: no player type for opponent 11. restart analysis.
[24, 0] YuShan2024 Coach: no player type for opponent 5. restart analysis.
[24, 0] YuShan2024 Coach: no player type for opponent 6. restart analysis.
[25, 0] YuShan2024 Coach: no player type for opponent 4. restart analysis.
[31, 0] YuShan2024 Coach: no player type for opponent 6. restart analysis.
[32, 0] YuShan2024 Coach: no player type for opponent 10. restart analysis.
[35, 0] YuShan2024 Coach: no player type for opponent 4. restart analysis.
[37, 0] YuShan2024 Coach: no player type for opponent 10. restart analysis.
[38, 0] YuShan2024 Coach: no player type for opponent 4. restart analysis.
[38, 0] YuShan2024 Coach: no player type for opponent 11. restart analysis.
[39, 0] YuShan2024 Coach: no player type for opponent 5. restart analysis.
[40, 0] YuShan2024 Coach: no player type for opponent 5. restart analysis.
[41, 0] YuShan2024 Coach: no player type for opponent 3. restart analysis.
[41, 0] YuShan2024 Coach: no player type for opponent 5. restart analysis.
[42, 0] YuShan2024 Coach: no player type for opponent 5. restart analysis.
[43, 0] YuShan2024 Coach: no player type for opponent 5. restart analysis.
[48, 0] YuShan2024 Coach: no player type for opponent 6. restart analysis.
[49, 0] YuShan2024 Coach: no player type for opponent 6. restart analysis.
[49, 0] YuShan2024 Coach: no player type for opponent 11. restart analysis.
[50, 0] YuShan2024 Coach: no player type for opponent 6. restart analysis.
[53, 0] YuShan2024 Coach: no player type for opponent 8. restart analysis.
[54, 0] YuShan2024 Coach: no player type for opponent 6. restart analysis.
[54, 0] YuShan2024 Coach: no player type for opponent 8. restart analysis.
[55, 0] YuShan2024 Coach: no player type for opponent 8. restart analysis.
[56, 0] YuShan2024 Coach: no player type for opponent 7. restart analysis.
[56, 0] YuShan2024 Coach: no player type for opponent 10. restart analysis.
[57, 0] YuShan2024 Coach: no player type for opponent 8. restart analysis.
[57, 0] YuShan2024 Coach: no player type for opponent 10. restart analysis.
[58, 0] YuShan2024 Coach: no player type for opponent 5. restart analysis.
[58, 0] YuShan2024 Coach: no player type for opponent 6. restart analysis.
[58, 0] YuShan2024 Coach: no player type for opponent 8. restart analysis.
[58, 0] YuShan2024 Coach: no player type for opponent 10. restart analysis.
[59, 0] YuShan2024 Coach: no player type for opponent 6. restart analysis.
[60, 0] YuShan2024 Coach: no player type for opponent 5. restart analysis.
[60, 0] YuShan2024 Coach: no player type for opponent 7. restart analysis.
[60, 0] YuShan2024 Coach: determined opponent 9 type = 5
[61, 0] YuShan2024 Coach: determined opponent 3 type = 7
[61, 0] YuShan2024 Coach: no player type for opponent 5. restart analysis.
[62, 0] YuShan2024 Coach: no player type for opponent 5. restart analysis.
[63, 0] YuShan2024 Coach: no player type for opponent 5. restart analysis.
[63, 0] YuShan2024 Coach: no player type for opponent 7. restart analysis.
[63, 0] YuShan2024 Coach: no player type for opponent 8. restart analysis.
[63, 0] YuShan2024 Coach: no player type for opponent 11. restart analysis.
[64, 0] YuShan2024 Coach: no player type for opponent 5. restart analysis.
[65, 0] YuShan2024 Coach: no player type for opponent 6. restart analysis.
[66, 0] YuShan2024 Coach: no player type for opponent 8. restart analysis.
[67, 0] YuShan2024 Coach: no player type for opponent 6. restart analysis.
[68, 0] YuShan2024 Coach: no player type for opponent 6. restart analysis.
[69, 0] YuShan2024 Coach: no player type for opponent 7. restart analysis.
[69, 0] YuShan2024 Coach: no player type for opponent 11. restart analysis.
[71, 0] YuShan2024 Coach: no player type for opponent 6. restart analysis.
[74, 0] YuShan2024 Coach: no player type for opponent 8. restart analysis.
[74, 0] YuShan2024 Coach: no player type for opponent 10. restart analysis.
[75, 0] YuShan2024 Coach: no player type for opponent 8. restart analysis.
[76, 0] YuShan2024 Coach: no player type for opponent 7. restart analysis.
[79, 0] YuShan2024 Coach: no player type for opponent 5. restart analysis.
[79, 0] YuShan2024 Coach: no player type for opponent 7. restart analysis.
[79, 0] YuShan2024 Coach: no player type for opponent 8. restart analysis.
[80, 0] YuShan2024 Coach: no player type for opponent 8. restart analysis.
[81, 0] YuShan2024 Coach: no player type for opponent 7. restart analysis.
[82, 0] YuShan2024 Coach: no player type for opponent 6. restart analysis.
[84, 0] YuShan2024 Coach: no player type for opponent 7. restart analysis.
[86, 0] YuShan2024 Coach: no player type for opponent 5. restart analysis.
[86, 0] YuShan2024 Coach: no player type for opponent 10. restart analysis.
[87, 0] YuShan2024 Coach: no player type for opponent 4. restart analysis.
[88, 0] YuShan2024 Coach: no player type for opponent 8. restart analysis.
[88, 0] YuShan2024 Coach: no player type for opponent 10. restart analysis.
[89, 0] YuShan2024 Coach: no player type for opponent 8. restart analysis.
[89, 0] YuShan2024 Coach: no player type for opponent 10. restart analysis.
[90, 0] YuShan2024 Coach: no player type for opponent 6. restart analysis.
[90, 0] YuShan2024 Coach: no player type for opponent 7. restart analysis.
[90, 0] YuShan2024 Coach: no player type for opponent 11. restart analysis.
[92, 0] YuShan2024 Coach: determined opponent 4 type = 9
[93, 0] YuShan2024 Coach: determined opponent 5 type = 14
[93, 0] YuShan2024 Coach: no player type for opponent 7. restart analysis.
[94, 0] YuShan2024 Coach: no player type for opponent 6. restart analysis.
[95, 0] YuShan2024 Coach: no player type for opponent 10. restart analysis.
[95, 0] YuShan2024 Coach: no player type for opponent 11. restart analysis.
[97, 0] YuShan2024 Coach: no player type for opponent 11. restart analysis.
[98, 0] YuShan2024 Coach: no player type for opponent 6. restart analysis.
[98, 0] YuShan2024 Coach: no player type for opponent 11. restart analysis.
[100, 0] YuShan2024 Coach: no player type for opponent 6. restart analysis.
[100, 0] YuShan2024 Coach: determined opponent 10 type = 16
[104, 0] YuShan2024 Coach: no player type for opponent 11. restart analysis.
[105, 0] YuShan2024 Coach: no player type for opponent 11. restart analysis.
[106, 0] YuShan2024 Coach: no player type for opponent 6. restart analysis.
[108, 0] YuShan2024 Coach: no player type for opponent 8. restart analysis.
[112, 0] YuShan2024 Coach: no player type for opponent 6. restart analysis.
[113, 0] YuShan2024 Coach: no player type for opponent 6. restart analysis.
[116, 0] YuShan2024 Coach: no player type for opponent 6. restart analysis.
[116, 0] YuShan2024 Coach: no player type for opponent 8. restart analysis.
[116, 0] YuShan2024 Coach: no player type for opponent 11. restart analysis.
[117, 0] YuShan2024 Coach: determined opponent 1 type = 0
[117, 0] YuShan2024 Coach: no player type for opponent 8. restart analysis.
[118, 0] YuShan2024 Coach: no player type for opponent 8. restart analysis.
[119, 0] YuShan2024 Coach: no player type for opponent 8. restart analysis.
[120, 0] YuShan2024 Coach: no player type for opponent 8. restart analysis.
[121, 0] YuShan2024 Coach: no player type for opponent 8. restart analysis.
[123, 0] YuShan2024 Coach: no player type for opponent 8. restart analysis.
[125, 0] YuShan2024 Coach: no player type for opponent 8. restart analysis.
[127, 0] YuShan2024 Coach: no player type for opponent 11. restart analysis.
[131, 0] YuShan2024 Coach: no player type for opponent 8. restart analysis.
[131, 0] YuShan2024 Coach: no player type for opponent 11. restart analysis.
[137, 0] YuShan2024 Coach: no player type for opponent 8. restart analysis.
[139, 0] YuShan2024 Coach: no player type for opponent 7. restart analysis.
[143, 0] YuShan2024 Coach: no player type for opponent 11. restart analysis.
[146, 0] YuShan2024 Coach: no player type for opponent 6. restart analysis.
[152, 0] YuShan2024 Coach: no player type for opponent 8. restart analysis.
[156, 0] YuShan2024 Coach: no player type for opponent 8. restart analysis.
[166, 0] YuShan2024 Coach: no player type for opponent 7. restart analysis.
[168, 0] YuShan2024 Coach: no player type for opponent 6. restart analysis.
[168, 0] YuShan2024 Coach: no player type for opponent 11. restart analysis.
[171, 0] YuShan2024 Coach: no player type for opponent 11. restart analysis.
[173, 0] YuShan2024 Coach: no player type for opponent 6. restart analysis.
[176, 0] YuShan2024 Coach: no player type for opponent 8. restart analysis.
[177, 0] YuShan2024 Coach: no player type for opponent 6. restart analysis.
[178, 0] YuShan2024 Coach: no player type for opponent 6. restart analysis.
[179, 0] YuShan2024 Coach: no player type for opponent 7. restart analysis.
[185, 0] YuShan2024 Coach: no player type for opponent 6. restart analysis.
[187, 0] YuShan2024 Coach: no player type for opponent 7. restart analysis.
[190, 0] YuShan2024 Coach: no player type for opponent 7. restart analysis.
[190, 0] YuShan2024 Coach: no player type for opponent 11. restart analysis.
[191, 0] YuShan2024 Coach: no player type for opponent 6. restart analysis.
[191, 0] YuShan2024 Coach: no player type for opponent 7. restart analysis.
[193, 0] YuShan2024 Coach: no player type for opponent 11. restart analysis.
[196, 0] YuShan2024 Coach: no player type for opponent 6. restart analysis.
[200, 0] YuShan2024 Coach: no player type for opponent 8. restart analysis.
[202, 0] YuShan2024 Coach: no player type for opponent 8. restart analysis.
[205, 0] YuShan2024 Coach: no player type for opponent 6. restart analysis.
[207, 0] YuShan2024 Coach: no player type for opponent 6. restart analysis.
[208, 0] YuShan2024 Coach: no player type for opponent 6. restart analysis.
[210, 0] YuShan2024 Coach: no player type for opponent 8. restart analysis.
[211, 0] YuShan2024 Coach: no player type for opponent 8. restart analysis.
[212, 0] YuShan2024 Coach: no player type for opponent 7. restart analysis.
[213, 0] YuShan2024 Coach: no player type for opponent 7. restart analysis.
[220, 0] YuShan2024 Coach: no player type for opponent 7. restart analysis.
[226, 0] YuShan2024 Coach: no player type for opponent 6. restart analysis.
[226, 0] YuShan2024 Coach: determined opponent 8 type = 11
[227, 0] YuShan2024 Coach: no player type for opponent 6. restart analysis.
[229, 0] YuShan2024 Coach: no player type for opponent 7. restart analysis.
[233, 0] YuShan2024 Coach: no player type for opponent 6. restart analysis.
[247, 0] YuShan2024 Coach: no player type for opponent 11. restart analysis.
[249, 0] YuShan2024 Coach: no player type for opponent 6. restart analysis.
[250, 0] YuShan2024 Coach: no player type for opponent 11. restart analysis.
[251, 0] YuShan2024 Coach: no player type for opponent 11. restart analysis.
[252, 0] YuShan2024 Coach: no player type for opponent 6. restart analysis.
[256, 0] YuShan2024 Coach: no player type for opponent 11. restart analysis.
[267, 0] YuShan2024 Coach: no player type for opponent 11. restart analysis.
[274, 0] YuShan2024 Coach: no player type for opponent 6. restart analysis.
[282, 0] YuShan2024 Coach: no player type for opponent 6. restart analysis.
[288, 0] YuShan2024 Coach: no player type for opponent 7. restart analysis.
[288, 0] YuShan2024 Coach: no player type for opponent 11. restart analysis.
[295, 0] YuShan2024 Coach: no player type for opponent 6. restart analysis.
[300, 0] YuShan2024 Coach: no player type for opponent 6. restart analysis.
[301, 0] YuShan2024 Coach: no player type for opponent 11. restart analysis.
[302, 0] YuShan2024 Coach: no player type for opponent 11. restart analysis.
[303, 0] YuShan2024 Coach: no player type for opponent 6. restart analysis.
[307, 0] YuShan2024 Coach: no player type for opponent 11. restart analysis.
[309, 0] YuShan2024 Coach: no player type for opponent 11. restart analysis.
[319, 0] YuShan2024 Coach: no player type for opponent 7. restart analysis.
[327, 0] YuShan2024 Coach: no player type for opponent 6. restart analysis.
[329, 0] YuShan2024 Coach: no player type for opponent 11. restart analysis.
[330, 0] YuShan2024 Coach: no player type for opponent 11. restart analysis.
[331, 0] YuShan2024 Coach: no player type for opponent 11. restart analysis.
[339, 0] YuShan2024 Coach: no player type for opponent 7. restart analysis.
[340, 0] YuShan2024 Coach: no player type for opponent 7. restart analysis.
[343, 0] YuShan2024 Coach: no player type for opponent 6. restart analysis.
[343, 0] YuShan2024 Coach: no player type for opponent 11. restart analysis.
[348, 0] YuShan2024 Coach: no player type for opponent 11. restart analysis.
[351, 0] YuShan2024 Coach: no player type for opponent 11. restart analysis.
[353, 0] YuShan2024 Coach: no player type for opponent 11. restart analysis.
[354, 0] YuShan2024 Coach: no player type for opponent 11. restart analysis.
[356, 0] YuShan2024 Coach: no player type for opponent 6. restart analysis.
[356, 0] YuShan2024 Coach: no player type for opponent 7. restart analysis.
[356, 0] YuShan2024 Coach: no player type for opponent 11. restart analysis.
[357, 0] YuShan2024 Coach: no player type for opponent 11. restart analysis.
[366, 0] YuShan2024 Coach: no player type for opponent 11. restart analysis.
[373, 0] YuShan2024 Coach: no player type for opponent 11. restart analysis.
[380, 0] YuShan2024 Coach: no player type for opponent 11. restart analysis.
[387, 0] YuShan2024 Coach: no player type for opponent 11. restart analysis.
[390, 0] YuShan2024 Coach: no player type for opponent 7. restart analysis.
[390, 0] YuShan2024 Coach: no player type for opponent 11. restart analysis.
[400, 0] YuShan2024 Coach: no player type for opponent 7. restart analysis.
[411, 0] YuShan2024 Coach: no player type for opponent 6. restart analysis.
[413, 0] YuShan2024 Coach: no player type for opponent 6. restart analysis.
[414, 0] YuShan2024 Coach: no player type for opponent 6. restart analysis.
[414, 0] YuShan2024 Coach: no player type for opponent 11. restart analysis.
[416, 0] YuShan2024 Coach: no player type for opponent 6. restart analysis.
[421, 0] YuShan2024 Coach: no player type for opponent 6. restart analysis.
[422, 0] YuShan2024 Coach: no player type for opponent 6. restart analysis.
[441, 0] YuShan2024 Coach: no player type for opponent 6. restart analysis.
[443, 0] YuShan2024 Coach: no player type for opponent 6. restart analysis.
YuShan2024 coach: [444, 0] sent freeform (player_types (1 0)(2 1)(3 7)(4 9)(5 14)(6 -1)(7 -1)(8 11)(9 5)(10 16)(11 -1))
[553, 0] YuShan2024 Coach: no player type for opponent 11. restart analysis.
[564, 0] YuShan2024 Coach: no player type for opponent 11. restart analysis.
[566, 0] YuShan2024 Coach: no player type for opponent 6. restart analysis.
[567, 0] YuShan2024 Coach: no player type for opponent 11. restart analysis.
[571, 0] YuShan2024 Coach: no player type for opponent 7. restart analysis.
[574, 0] YuShan2024 Coach: no player type for opponent 6. restart analysis.
[574, 0] YuShan2024 Coach: no player type for opponent 7. restart analysis.
[576, 0] YuShan2024 Coach: no player type for opponent 6. restart analysis.
[577, 0] YuShan2024 Coach: no player type for opponent 11. restart analysis.
[579, 0] YuShan2024 Coach: no player type for opponent 11. restart analysis.
[581, 0] YuShan2024 Coach: no player type for opponent 7. restart analysis.
[584, 0] YuShan2024 Coach: no player type for opponent 6. restart analysis.
[585, 0] YuShan2024 Coach: no player type for opponent 6. restart analysis.
[585, 0] YuShan2024 Coach: no player type for opponent 7. restart analysis.
[590, 0] YuShan2024 Coach: no player type for opponent 7. restart analysis.
[597, 0] YuShan2024 Coach: no player type for opponent 7. restart analysis.
[599, 0] YuShan2024 Coach: no player type for opponent 6. restart analysis.
[603, 0] YuShan2024 Coach: no player type for opponent 7. restart analysis.
[604, 0] YuShan2024 Coach: no player type for opponent 7. restart analysis.
[607, 0] YuShan2024 Coach: no player type for opponent 7. restart analysis.
[608, 0] YuShan2024 Coach: no player type for opponent 7. restart analysis.
[609, 0] YuShan2024 Coach: no player type for opponent 11. restart analysis.
[616, 0] YuShan2024 Coach: no player type for opponent 6. restart analysis.
[621, 0] YuShan2024 Coach: no player type for opponent 6. restart analysis.
[625, 0] YuShan2024 Coach: no player type for opponent 7. restart analysis.
[626, 0] YuShan2024 Coach: no player type for opponent 7. restart analysis.
[626, 0] YuShan2024 Coach: no player type for opponent 11. restart analysis.
[627, 0] YuShan2024 Coach: no player type for opponent 6. restart analysis.
[628, 0] YuShan2024 Coach: no player type for opponent 6. restart analysis.
[629, 0] YuShan2024 Coach: no player type for opponent 6. restart analysis.
[630, 0] YuShan2024 Coach: no player type for opponent 6. restart analysis.
[630, 0] YuShan2024 Coach: no player type for opponent 11. restart analysis.
[631, 0] YuShan2024 Coach: no player type for opponent 6. restart analysis.
[633, 0] YuShan2024 Coach: no player type for opponent 6. restart analysis.
[636, 0] YuShan2024 Coach: no player type for opponent 11. restart analysis.
[647, 0] YuShan2024 Coach: no player type for opponent 11. restart analysis.
[649, 0] YuShan2024 Coach: no player type for opponent 6. restart analysis.
[650, 0] YuShan2024 Coach: no player type for opponent 6. restart analysis.
[651, 0] YuShan2024 Coach: no player type for opponent 6. restart analysis.
[652, 0] YuShan2024 Coach: no player type for opponent 7. restart analysis.
[652, 0] YuShan2024 Coach: no player type for opponent 11. restart analysis.
[653, 0] YuShan2024 Coach: no player type for opponent 6. restart analysis.
[653, 0] YuShan2024 Coach: no player type for opponent 11. restart analysis.
[655, 0] YuShan2024 Coach: no player type for opponent 6. restart analysis.
[655, 0] YuShan2024 Coach: no player type for opponent 7. restart analysis.
[662, 0] YuShan2024 Coach: no player type for opponent 7. restart analysis.
[676, 0] YuShan2024 Coach: no player type for opponent 11. restart analysis.
[677, 0] YuShan2024 Coach: no player type for opponent 11. restart analysis.
[679, 0] YuShan2024 Coach: no player type for opponent 11. restart analysis.
[680, 0] YuShan2024 Coach: no player type for opponent 11. restart analysis.
[682, 0] YuShan2024 Coach: no player type for opponent 6. restart analysis.
[682, 0] YuShan2024 Coach: no player type for opponent 7. restart analysis.
[687, 0] YuShan2024 Coach: no player type for opponent 6. restart analysis.
[688, 0] YuShan2024 Coach: no player type for opponent 6. restart analysis.
[694, 0] YuShan2024 Coach: no player type for opponent 6. restart analysis.
[696, 0] YuShan2024 Coach: no player type for opponent 6. restart analysis.
[698, 0] YuShan2024 Coach: no player type for opponent 11. restart analysis.
[699, 0] YuShan2024 Coach: no player type for opponent 6. restart analysis.
[699, 0] YuShan2024 Coach: no player type for opponent 11. restart analysis.
[700, 0] YuShan2024 Coach: no player type for opponent 11. restart analysis.
[701, 0] YuShan2024 Coach: no player type for opponent 11. restart analysis.
[702, 0] YuShan2024 Coach: no player type for opponent 6. restart analysis.
[702, 0] YuShan2024 Coach: no player type for opponent 11. restart analysis.
[703, 0] YuShan2024 Coach: no player type for opponent 6. restart analysis.
[703, 0] YuShan2024 Coach: no player type for opponent 7. restart analysis.
[703, 0] YuShan2024 Coach: no player type for opponent 11. restart analysis.
[705, 0] YuShan2024 Coach: no player type for opponent 11. restart analysis.
[721, 0] YuShan2024 Coach: no player type for opponent 6. restart analysis.
[722, 0] YuShan2024 Coach: no player type for opponent 7. restart analysis.
[731, 0] YuShan2024 Coach: no player type for opponent 6. restart analysis.
[733, 0] YuShan2024 Coach: no player type for opponent 7. restart analysis.
[734, 0] YuShan2024 Coach: no player type for opponent 7. restart analysis.
[740, 0] YuShan2024 Coach: no player type for opponent 7. restart analysis.
[781, 0] YuShan2024 Coach: no player type for opponent 11. restart analysis.
[784, 0] YuShan2024 Coach: no player type for opponent 11. restart analysis.
[796, 0] YuShan2024 Coach: determined opponent 11 type = 17
[840, 0] YuShan2024 Coach: no player type for opponent 7. restart analysis.
[844, 0] YuShan2024 Coach: no player type for opponent 6. restart analysis.
[864, 0] YuShan2024 Coach: no player type for opponent 7. restart analysis.
[867, 0] YuShan2024 Coach: no player type for opponent 6. restart analysis.
[871, 0] YuShan2024 Coach: no player type for opponent 7. restart analysis.
[876, 0] YuShan2024 Coach: no player type for opponent 6. restart analysis.
[881, 0] YuShan2024 Coach: no player type for opponent 6. restart analysis.
[890, 0] YuShan2024 Coach: no player type for opponent 6. restart analysis.
[902, 0] YuShan2024 Coach: no player type for opponent 7. restart analysis.
[903, 0] YuShan2024 Coach: no player type for opponent 7. restart analysis.
[913, 0] YuShan2024 Coach: no player type for opponent 6. restart analysis.
[914, 0] YuShan2024 Coach: no player type for opponent 7. restart analysis.
[916, 0] YuShan2024 Coach: no player type for opponent 7. restart analysis.
[917, 0] YuShan2024 Coach: no player type for opponent 7. restart analysis.
[930, 0] YuShan2024 Coach: no player type for opponent 6. restart analysis.
[933, 0] YuShan2024 Coach: no player type for opponent 6. restart analysis.
[936, 0] YuShan2024 Coach: no player type for opponent 6. restart analysis.
[939, 0] YuShan2024 Coach: no player type for opponent 6. restart analysis.
[941, 0] YuShan2024 Coach: no player type for opponent 6. restart analysis.
[942, 0] YuShan2024 Coach: no player type for opponent 6. restart analysis.
[943, 0] YuShan2024 Coach: no player type for opponent 6. restart analysis.
[944, 0] YuShan2024 Coach: no player type for opponent 6. restart analysis.
[956, 0] YuShan2024 Coach: no player type for opponent 6. restart analysis.
[958, 0] YuShan2024 Coach: no player type for opponent 6. restart analysis.
[974, 0] YuShan2024 Coach: no player type for opponent 6. restart analysis.
[980, 0] YuShan2024 Coach: no player type for opponent 7. restart analysis.
[981, 0] YuShan2024 Coach: no player type for opponent 7. restart analysis.
[985, 0] YuShan2024 Coach: no player type for opponent 7. restart analysis.
[989, 0] YuShan2024 Coach: no player type for opponent 6. restart analysis.
[989, 0] YuShan2024 Coach: no player type for opponent 7. restart analysis.
[991, 0] YuShan2024 Coach: no player type for opponent 6. restart analysis.
[998, 0] YuShan2024 Coach: no player type for opponent 6. restart analysis.
[1000, 0] YuShan2024 Coach: no player type for opponent 7. restart analysis.
[1001, 0] YuShan2024 Coach: no player type for opponent 6. restart analysis.
[1002, 0] YuShan2024 Coach: no player type for opponent 7. restart analysis.
[1010, 0] YuShan2024 Coach: no player type for opponent 6. restart analysis.
[1013, 0] YuShan2024 Coach: no player type for opponent 6. restart analysis.
[1051, 0] YuShan2024 Coach: determined opponent 6 type = 10
[1083, 0] YuShan2024 Coach: no player type for opponent 7. restart analysis.
[1086, 0] YuShan2024 Coach: no player type for opponent 7. restart analysis.
[1087, 0] YuShan2024 Coach: no player type for opponent 7. restart analysis.
[1101, 0] YuShan2024 Coach: no player type for opponent 7. restart analysis.
[1118, 0] YuShan2024 Coach: no player type for opponent 7. restart analysis.
[1121, 0] YuShan2024 Coach: no player type for opponent 7. restart analysis.
[1123, 0] YuShan2024 Coach: no player type for opponent 7. restart analysis.
[1124, 0] YuShan2024 Coach: no player type for opponent 7. restart analysis.
[1164, 0] YuShan2024 Coach: no player type for opponent 7. restart analysis.
[1165, 0] YuShan2024 Coach: no player type for opponent 7. restart analysis.
[1166, 0] YuShan2024 Coach: no player type for opponent 7. restart analysis.
[1167, 0] YuShan2024 Coach: no player type for opponent 7. restart analysis.
[1169, 0] YuShan2024 Coach: no player type for opponent 7. restart analysis.
[1172, 0] YuShan2024 Coach: no player type for opponent 7. restart analysis.
[1173, 0] YuShan2024 Coach: no player type for opponent 7. restart analysis.
[1200, 0] YuShan2024 Coach: no player type for opponent 7. restart analysis.
[1232, 0] YuShan2024 Coach: no player type for opponent 7. restart analysis.
[1234, 0] YuShan2024 Coach: no player type for opponent 7. restart analysis.
[1235, 0] YuShan2024 Coach: no player type for opponent 7. restart analysis.
[1236, 0] YuShan2024 Coach: no player type for opponent 7. restart analysis.
[1237, 0] YuShan2024 Coach: no player type for opponent 7. restart analysis.
YuShan2024 coach: [1243, 0] sent freeform (player_types (1 0)(2 1)(3 7)(4 9)(5 14)(6 10)(7 -1)(8 11)(9 5)(10 16)(11 17))
[1267, 0] YuShan2024 Coach: no player type for opponent 7. restart analysis.
[1268, 0] YuShan2024 Coach: no player type for opponent 7. restart analysis.
[1290, 0] YuShan2024 Coach: no player type for opponent 7. restart analysis.
[1291, 0] YuShan2024 Coach: no player type for opponent 7. restart analysis.
[1326, 0] YuShan2024 Coach: no player type for opponent 7. restart analysis.
[1333, 0] YuShan2024 Coach: no player type for opponent 7. restart analysis.
[1352, 0] YuShan2024 Coach: no player type for opponent 7. restart analysis.
[1364, 0] YuShan2024 Coach: no player type for opponent 7. restart analysis.
[1367, 0] YuShan2024 Coach: no player type for opponent 7. restart analysis.
[1373, 0] YuShan2024 Coach: no player type for opponent 7. restart analysis.
[1374, 0] YuShan2024 Coach: no player type for opponent 7. restart analysis.
[1377, 0] YuShan2024 Coach: no player type for opponent 7. restart analysis.
[1397, 0] YuShan2024 Coach: no player type for opponent 7. restart analysis.
[1398, 0] YuShan2024 Coach: no player type for opponent 7. restart analysis.
[1399, 0] YuShan2024 Coach: no player type for opponent 7. restart analysis.
[1401, 0] YuShan2024 Coach: no player type for opponent 7. restart analysis.
[1402, 0] YuShan2024 Coach: no player type for opponent 7. restart analysis.
[1404, 0] YuShan2024 Coach: no player type for opponent 7. restart analysis.
[1405, 0] YuShan2024 Coach: no player type for opponent 7. restart analysis.
[1407, 0] YuShan2024 Coach: no player type for opponent 7. restart analysis.
[1427, 0] YuShan2024 Coach: no player type for opponent 7. restart analysis.
[1450, 0] YuShan2024 Coach: no player type for opponent 7. restart analysis.
[1451, 0] YuShan2024 Coach: no player type for opponent 7. restart analysis.
[1457, 0] YuShan2024 Coach: no player type for opponent 7. restart analysis.
[1502, 0] YuShan2024 Coach: no player type for opponent 7. restart analysis.
[1516, 0] YuShan2024 Coach: no player type for opponent 7. restart analysis.
[1527, 0] YuShan2024 Coach: no player type for opponent 7. restart analysis.
[1528, 0] YuShan2024 Coach: no player type for opponent 7. restart analysis.
[1530, 0] YuShan2024 Coach: no player type for opponent 7. restart analysis.
[1532, 0] YuShan2024 Coach: no player type for opponent 7. restart analysis.
[1559, 0] YuShan2024 Coach: no player type for opponent 7. restart analysis.
[1603, 0] YuShan2024 Coach: no player type for opponent 7. restart analysis.
[1610, 0] YuShan2024 Coach: no player type for opponent 7. restart analysis.
[1621, 0] YuShan2024 Coach: no player type for opponent 7. restart analysis.
[1633, 0] YuShan2024 Coach: no player type for opponent 7. restart analysis.
[1638, 0] YuShan2024 Coach: no player type for opponent 7. restart analysis.
[1646, 0] YuShan2024 Coach: no player type for opponent 7. restart analysis.
[1656, 0] YuShan2024 Coach: no player type for opponent 7. restart analysis.
[1657, 0] YuShan2024 Coach: no player type for opponent 7. restart analysis.
[1668, 0] YuShan2024 Coach: no player type for opponent 7. restart analysis.
[1670, 0] YuShan2024 Coach: no player type for opponent 7. restart analysis.
[1672, 0] YuShan2024 Coach: no player type for opponent 7. restart analysis.
[1677, 0] YuShan2024 Coach: no player type for opponent 7. restart analysis.
[1678, 0] YuShan2024 Coach: no player type for opponent 7. restart analysis.
[1717, 0] YuShan2024 Coach: no player type for opponent 7. restart analysis.
[1719, 0] YuShan2024 Coach: no player type for opponent 7. restart analysis.
[1721, 0] YuShan2024 Coach: no player type for opponent 7. restart analysis.
[1722, 0] YuShan2024 Coach: no player type for opponent 7. restart analysis.
[1738, 0] YuShan2024 Coach: no player type for opponent 7. restart analysis.
[1760, 0] YuShan2024 Coach: no player type for opponent 7. restart analysis.
[1767, 0] YuShan2024 Coach: no player type for opponent 7. restart analysis.
[1828, 0] YuShan2024 Coach: no player type for opponent 7. restart analysis.
[1932, 0] YuShan2024 Coach: no player type for opponent 7. restart analysis.
[1937, 0] YuShan2024 Coach: no player type for opponent 7. restart analysis.
[1944, 0] YuShan2024 Coach: no player type for opponent 7. restart analysis.
[1945, 0] YuShan2024 Coach: no player type for opponent 7. restart analysis.
[1946, 0] YuShan2024 Coach: no player type for opponent 7. restart analysis.
[1971, 0] YuShan2024 Coach: no player type for opponent 7. restart analysis.
[1974, 0] YuShan2024 Coach: no player type for opponent 7. restart analysis.
[1975, 0] YuShan2024 Coach: no player type for opponent 7. restart analysis.
[1980, 0] YuShan2024 Coach: no player type for opponent 7. restart analysis.
[1982, 0] YuShan2024 Coach: no player type for opponent 7. restart analysis.
[1984, 0] YuShan2024 Coach: no player type for opponent 7. restart analysis.
[2020, 0] YuShan2024 Coach: no player type for opponent 7. restart analysis.
[2045, 0] YuShan2024 Coach: no player type for opponent 7. restart analysis.
[2055, 0] YuShan2024 Coach: no player type for opponent 7. restart analysis.
[2058, 0] YuShan2024 Coach: no player type for opponent 7. restart analysis.
[2061, 0] YuShan2024 Coach: no player type for opponent 7. restart analysis.
[2062, 0] YuShan2024 Coach: no player type for opponent 7. restart analysis.
[2064, 0] YuShan2024 Coach: no player type for opponent 7. restart analysis.
[2065, 0] YuShan2024 Coach: no player type for opponent 7. restart analysis.
[2071, 0] YuShan2024 Coach: no player type for opponent 7. restart analysis.
[2076, 0] YuShan2024 Coach: no player type for opponent 7. restart analysis.
[2115, 0] YuShan2024 Coach: no player type for opponent 7. restart analysis.
[2133, 0] YuShan2024 Coach: no player type for opponent 7. restart analysis.
[2142, 0] YuShan2024 Coach: no player type for opponent 7. restart analysis.
[2144, 0] YuShan2024 Coach: no player type for opponent 7. restart analysis.
[2154, 0] YuShan2024 Coach: no player type for opponent 7. restart analysis.
[2187, 0] YuShan2024 Coach: no player type for opponent 7. restart analysis.
[2221, 0] YuShan2024 Coach: no player type for opponent 7. restart analysis.
[2224, 0] YuShan2024 Coach: no player type for opponent 7. restart analysis.
[2228, 0] YuShan2024 Coach: no player type for opponent 7. restart analysis.
[2230, 0] YuShan2024 Coach: no player type for opponent 7. restart analysis.
[2231, 0] YuShan2024 Coach: no player type for opponent 7. restart analysis.
[2239, 0] YuShan2024 Coach: no player type for opponent 7. restart analysis.
[2256, 0] YuShan2024 Coach: no player type for opponent 7. restart analysis.
[2258, 0] YuShan2024 Coach: no player type for opponent 7. restart analysis.
[2296, 0] YuShan2024 Coach: no player type for opponent 7. restart analysis.
[2297, 0] YuShan2024 Coach: no player type for opponent 7. restart analysis.
[2302, 0] YuShan2024 Coach: no player type for opponent 7. restart analysis.
[2365, 0] YuShan2024 Coach: no player type for opponent 7. restart analysis.
[2366, 0] YuShan2024 Coach: no player type for opponent 7. restart analysis.
[2367, 0] YuShan2024 Coach: no player type for opponent 7. restart analysis.
[2381, 0] YuShan2024 Coach: no player type for opponent 7. restart analysis.
[2383, 0] YuShan2024 Coach: no player type for opponent 7. restart analysis.
[2384, 0] YuShan2024 Coach: no player type for opponent 7. restart analysis.
[2385, 0] YuShan2024 Coach: no player type for opponent 7. restart analysis.
[2386, 0] YuShan2024 Coach: no player type for opponent 7. restart analysis.
[2387, 0] YuShan2024 Coach: no player type for opponent 7. restart analysis.
[2391, 0] YuShan2024 Coach: no player type for opponent 7. restart analysis.
[2394, 0] YuShan2024 Coach: no player type for opponent 7. restart analysis.
[2395, 0] YuShan2024 Coach: no player type for opponent 7. restart analysis.
[2396, 0] YuShan2024 Coach: no player type for opponent 7. restart analysis.
[2408, 0] YuShan2024 Coach: no player type for opponent 7. restart analysis.
[2424, 0] YuShan2024 Coach: no player type for opponent 7. restart analysis.
[2426, 0] YuShan2024 Coach: no player type for opponent 7. restart analysis.
[2427, 0] YuShan2024 Coach: no player type for opponent 7. restart analysis.
[2429, 0] YuShan2024 Coach: no player type for opponent 7. restart analysis.
[2441, 0] YuShan2024 Coach: no player type for opponent 7. restart analysis.
[2450, 0] YuShan2024 Coach: no player type for opponent 7. restart analysis.
[2474, 0] YuShan2024 Coach: no player type for opponent 7. restart analysis.
[2528, 0] YuShan2024 Coach: no player type for opponent 7. restart analysis.
[2616, 0] YuShan2024 Coach: no player type for opponent 7. restart analysis.
[2639, 0] YuShan2024 Coach: no player type for opponent 7. restart analysis.
[2642, 0] YuShan2024 Coach: no player type for opponent 7. restart analysis.
[2644, 0] YuShan2024 Coach: no player type for opponent 7. restart analysis.
[2659, 0] YuShan2024 Coach: no player type for opponent 7. restart analysis.
[2689, 0] YuShan2024 Coach: no player type for opponent 7. restart analysis.
[2700, 0] YuShan2024 Coach: no player type for opponent 7. restart analysis.
[2703, 0] YuShan2024 Coach: no player type for opponent 7. restart analysis.
[2704, 0] YuShan2024 Coach: no player type for opponent 7. restart analysis.
[2725, 0] YuShan2024 Coach: no player type for opponent 7. restart analysis.
[2730, 0] YuShan2024 Coach: no player type for opponent 7. restart analysis.
[2733, 0] YuShan2024 Coach: no player type for opponent 7. restart analysis.
[2738, 0] YuShan2024 Coach: no player type for opponent 7. restart analysis.
[2742, 0] YuShan2024 Coach: no player type for opponent 7. restart analysis.
[2752, 0] YuShan2024 Coach: no player type for opponent 7. restart analysis.
[2795, 0] YuShan2024 Coach: no player type for opponent 7. restart analysis.
[2817, 0] YuShan2024 Coach: no player type for opponent 7. restart analysis.
[2844, 0] YuShan2024 Coach: no player type for opponent 7. restart analysis.
[2845, 0] YuShan2024 Coach: no player type for opponent 7. restart analysis.
[2846, 0] YuShan2024 Coach: no player type for opponent 7. restart analysis.
[2852, 0] YuShan2024 Coach: no player type for opponent 7. restart analysis.
[2853, 0] YuShan2024 Coach: no player type for opponent 7. restart analysis.
[2861, 0] YuShan2024 Coach: no player type for opponent 7. restart analysis.
[2862, 0] YuShan2024 Coach: no player type for opponent 7. restart analysis.
[2864, 0] YuShan2024 Coach: no player type for opponent 7. restart analysis.
[2867, 0] YuShan2024 Coach: no player type for opponent 7. restart analysis.
[2876, 0] YuShan2024 Coach: no player type for opponent 7. restart analysis.
[2879, 0] YuShan2024 Coach: no player type for opponent 7. restart analysis.
[2903, 0] YuShan2024 Coach: no player type for opponent 7. restart analysis.
[2906, 0] YuShan2024 Coach: no player type for opponent 7. restart analysis.
[2916, 0] YuShan2024 Coach: no player type for opponent 7. restart analysis.
[2936, 0] YuShan2024 Coach: no player type for opponent 7. restart analysis.
[2946, 0] YuShan2024 Coach: no player type for opponent 7. restart analysis.
[2947, 0] YuShan2024 Coach: no player type for opponent 7. restart analysis.
[2950, 0] YuShan2024 Coach: no player type for opponent 7. restart analysis.
[2956, 0] YuShan2024 Coach: no player type for opponent 7. restart analysis.
[3107, 0] YuShan2024 Coach: no player type for opponent 7. restart analysis.
[3109, 0] YuShan2024 Coach: no player type for opponent 7. restart analysis.
[3115, 0] YuShan2024 Coach: no player type for opponent 7. restart analysis.
[3116, 0] YuShan2024 Coach: no player type for opponent 7. restart analysis.
[3118, 0] YuShan2024 Coach: no player type for opponent 7. restart analysis.
[3130, 0] YuShan2024 Coach: no player type for opponent 7. restart analysis.
[3143, 0] YuShan2024 Coach: no player type for opponent 7. restart analysis.
[3157, 0] YuShan2024 Coach: no player type for opponent 7. restart analysis.
[3158, 0] YuShan2024 Coach: no player type for opponent 7. restart analysis.
[3160, 0] YuShan2024 Coach: no player type for opponent 7. restart analysis.
[3162, 0] YuShan2024 Coach: no player type for opponent 7. restart analysis.
[3163, 0] YuShan2024 Coach: no player type for opponent 7. restart analysis.
[3187, 0] YuShan2024 Coach: no player type for opponent 7. restart analysis.
[3194, 0] YuShan2024 Coach: no player type for opponent 7. restart analysis.
[3201, 0] YuShan2024 Coach: no player type for opponent 7. restart analysis.
[3205, 0] YuShan2024 Coach: no player type for opponent 7. restart analysis.
[3215, 0] YuShan2024 Coach: no player type for opponent 7. restart analysis.
[3216, 0] YuShan2024 Coach: no player type for opponent 7. restart analysis.
[3218, 0] YuShan2024 Coach: no player type for opponent 7. restart analysis.
[3220, 0] YuShan2024 Coach: no player type for opponent 7. restart analysis.
[3227, 0] YuShan2024 Coach: no player type for opponent 7. restart analysis.
[3230, 0] YuShan2024 Coach: no player type for opponent 7. restart analysis.
[3234, 0] YuShan2024 Coach: no player type for opponent 7. restart analysis.
[3240, 0] YuShan2024 Coach: no player type for opponent 7. restart analysis.
[3241, 0] YuShan2024 Coach: no player type for opponent 7. restart analysis.
[3255, 0] YuShan2024 Coach: no player type for opponent 7. restart analysis.
[3273, 0] YuShan2024 Coach: no player type for opponent 7. restart analysis.
[3279, 0] YuShan2024 Coach: no player type for opponent 7. restart analysis.
[3281, 0] YuShan2024 Coach: no player type for opponent 7. restart analysis.
[3292, 0] YuShan2024 Coach: no player type for opponent 7. restart analysis.
[3293, 0] YuShan2024 Coach: no player type for opponent 7. restart analysis.
[3295, 0] YuShan2024 Coach: no player type for opponent 7. restart analysis.
[3299, 0] YuShan2024 Coach: no player type for opponent 7. restart analysis.
[3310, 0] YuShan2024 Coach: no player type for opponent 7. restart analysis.
[3316, 0] YuShan2024 Coach: no player type for opponent 7. restart analysis.
[3348, 0] YuShan2024 Coach: no player type for opponent 7. restart analysis.
[3350, 0] YuShan2024 Coach: no player type for opponent 7. restart analysis.
[3353, 0] YuShan2024 Coach: no player type for opponent 7. restart analysis.
[3359, 0] YuShan2024 Coach: no player type for opponent 7. restart analysis.
[3361, 0] YuShan2024 Coach: no player type for opponent 7. restart analysis.
[3371, 0] YuShan2024 Coach: no player type for opponent 7. restart analysis.
[3391, 0] YuShan2024 Coach: no player type for opponent 7. restart analysis.
[3396, 0] YuShan2024 Coach: no player type for opponent 7. restart analysis.
[3409, 0] YuShan2024 Coach: no player type for opponent 7. restart analysis.
[3412, 0] YuShan2024 Coach: no player type for opponent 7. restart analysis.
[3414, 0] YuShan2024 Coach: no player type for opponent 7. restart analysis.
[3434, 0] YuShan2024 Coach: no player type for opponent 7. restart analysis.
[3437, 0] YuShan2024 Coach: no player type for opponent 7. restart analysis.
[3440, 0] YuShan2024 Coach: no player type for opponent 7. restart analysis.
[3441, 0] YuShan2024 Coach: no player type for opponent 7. restart analysis.
[3443, 0] YuShan2024 Coach: no player type for opponent 7. restart analysis.
[3461, 0] YuShan2024 Coach: no player type for opponent 7. restart analysis.
[3463, 0] YuShan2024 Coach: no player type for opponent 7. restart analysis.
[3466, 0] YuShan2024 Coach: no player type for opponent 7. restart analysis.
[3476, 0] YuShan2024 Coach: no player type for opponent 7. restart analysis.
[3479, 0] YuShan2024 Coach: no player type for opponent 7. restart analysis.
[3481, 0] YuShan2024 Coach: no player type for opponent 7. restart analysis.
[3488, 0] YuShan2024 Coach: no player type for opponent 7. restart analysis.
[3499, 0] YuShan2024 Coach: no player type for opponent 7. restart analysis.
[3512, 0] YuShan2024 Coach: no player type for opponent 7. restart analysis.
[3519, 0] YuShan2024 Coach: no player type for opponent 7. restart analysis.
[3527, 0] YuShan2024 Coach: no player type for opponent 7. restart analysis.
[3531, 0] YuShan2024 Coach: no player type for opponent 7. restart analysis.
[3548, 0] YuShan2024 Coach: no player type for opponent 7. restart analysis.
[3552, 0] YuShan2024 Coach: no player type for opponent 7. restart analysis.
[3554, 0] YuShan2024 Coach: no player type for opponent 7. restart analysis.
[3555, 0] YuShan2024 Coach: no player type for opponent 7. restart analysis.
[3556, 0] YuShan2024 Coach: no player type for opponent 7. restart analysis.
[3575, 0] YuShan2024 Coach: no player type for opponent 7. restart analysis.
[3581, 0] YuShan2024 Coach: no player type for opponent 7. restart analysis.
[3583, 0] YuShan2024 Coach: no player type for opponent 7. restart analysis.
[3599, 0] YuShan2024 Coach: no player type for opponent 7. restart analysis.
[3615, 0] YuShan2024 Coach: no player type for opponent 7. restart analysis.
[3711, 0] YuShan2024 Coach: no player type for opponent 7. restart analysis.
[3720, 0] YuShan2024 Coach: no player type for opponent 7. restart analysis.
[3737, 0] YuShan2024 Coach: no player type for opponent 7. restart analysis.
[3776, 0] YuShan2024 Coach: no player type for opponent 7. restart analysis.
[3777, 0] YuShan2024 Coach: no player type for opponent 7. restart analysis.
[3778, 0] YuShan2024 Coach: no player type for opponent 7. restart analysis.
[3779, 0] YuShan2024 Coach: no player type for opponent 7. restart analysis.
[3872, 0] YuShan2024 Coach: no player type for opponent 7. restart analysis.
[3875, 0] YuShan2024 Coach: no player type for opponent 7. restart analysis.
[3877, 0] YuShan2024 Coach: no player type for opponent 7. restart analysis.
[3878, 0] YuShan2024 Coach: no player type for opponent 7. restart analysis.
[3883, 0] YuShan2024 Coach: no player type for opponent 7. restart analysis.
[3900, 0] YuShan2024 Coach: no player type for opponent 7. restart analysis.
[3924, 0] YuShan2024 Coach: no player type for opponent 7. restart analysis.
[3940, 0] YuShan2024 Coach: no player type for opponent 7. restart analysis.
[3952, 0] YuShan2024 Coach: no player type for opponent 7. restart analysis.
[3955, 0] YuShan2024 Coach: no player type for opponent 7. restart analysis.
[3971, 0] YuShan2024 Coach: no player type for opponent 7. restart analysis.
[3972, 0] YuShan2024 Coach: no player type for opponent 7. restart analysis.
[4063, 0] YuShan2024 Coach: no player type for opponent 7. restart analysis.
[4064, 0] YuShan2024 Coach: no player type for opponent 7. restart analysis.
[4075, 0] YuShan2024 Coach: no player type for opponent 7. restart analysis.
[4081, 0] YuShan2024 Coach: no player type for opponent 7. restart analysis.
[4091, 0] YuShan2024 Coach: no player type for opponent 7. restart analysis.
[4094, 0] YuShan2024 Coach: no player type for opponent 7. restart analysis.
[4096, 0] YuShan2024 Coach: no player type for opponent 7. restart analysis.
[4097, 0] YuShan2024 Coach: no player type for opponent 7. restart analysis.
[4098, 0] YuShan2024 Coach: no player type for opponent 7. restart analysis.
[4106, 0] YuShan2024 Coach: no player type for opponent 7. restart analysis.
[4114, 0] YuShan2024 Coach: no player type for opponent 7. restart analysis.
[4117, 0] YuShan2024 Coach: no player type for opponent 7. restart analysis.
[4119, 0] YuShan2024 Coach: no player type for opponent 7. restart analysis.
[4123, 0] YuShan2024 Coach: no player type for opponent 7. restart analysis.
[4126, 0] YuShan2024 Coach: no player type for opponent 7. restart analysis.
[4127, 0] YuShan2024 Coach: no player type for opponent 7. restart analysis.
[4152, 0] YuShan2024 Coach: no player type for opponent 7. restart analysis.
[4154, 0] YuShan2024 Coach: no player type for opponent 7. restart analysis.
[4169, 0] YuShan2024 Coach: no player type for opponent 7. restart analysis.
[4171, 0] YuShan2024 Coach: no player type for opponent 7. restart analysis.
[4271, 0] YuShan2024 Coach: no player type for opponent 7. restart analysis.
[4282, 0] YuShan2024 Coach: no player type for opponent 7. restart analysis.
[4284, 0] YuShan2024 Coach: no player type for opponent 7. restart analysis.
[4288, 0] YuShan2024 Coach: no player type for opponent 7. restart analysis.
[4313, 0] YuShan2024 Coach: no player type for opponent 7. restart analysis.
[4314, 0] YuShan2024 Coach: no player type for opponent 7. restart analysis.
[4336, 0] YuShan2024 Coach: no player type for opponent 7. restart analysis.
[4356, 0] YuShan2024 Coach: no player type for opponent 7. restart analysis.
[4375, 0] YuShan2024 Coach: no player type for opponent 7. restart analysis.
[4450, 0] YuShan2024 Coach: no player type for opponent 7. restart analysis.
[4485, 0] YuShan2024 Coach: no player type for opponent 7. restart analysis.
[4487, 0] YuShan2024 Coach: no player type for opponent 7. restart analysis.
[4489, 0] YuShan2024 Coach: no player type for opponent 7. restart analysis.
[4491, 0] YuShan2024 Coach: no player type for opponent 7. restart analysis.
[4493, 0] YuShan2024 Coach: no player type for opponent 7. restart analysis.
[4496, 0] YuShan2024 Coach: no player type for opponent 7. restart analysis.
[4509, 0] YuShan2024 Coach: no player type for opponent 7. restart analysis.
[4513, 0] YuShan2024 Coach: no player type for opponent 7. restart analysis.
[4530, 0] YuShan2024 Coach: no player type for opponent 7. restart analysis.
[4531, 0] YuShan2024 Coach: no player type for opponent 7. restart analysis.
[4539, 0] YuShan2024 Coach: no player type for opponent 7. restart analysis.
[4541, 0] YuShan2024 Coach: no player type for opponent 7. restart analysis.
[4543, 0] YuShan2024 Coach: no player type for opponent 7. restart analysis.
[4549, 0] YuShan2024 Coach: no player type for opponent 7. restart analysis.
[4556, 0] YuShan2024 Coach: no player type for opponent 7. restart analysis.
[4559, 0] YuShan2024 Coach: no player type for opponent 7. restart analysis.
[4565, 0] YuShan2024 Coach: no player type for opponent 7. restart analysis.
[4569, 0] YuShan2024 Coach: no player type for opponent 7. restart analysis.
[4570, 0] YuShan2024 Coach: no player type for opponent 7. restart analysis.
[4571, 0] YuShan2024 Coach: no player type for opponent 7. restart analysis.
[4578, 0] YuShan2024 Coach: no player type for opponent 7. restart analysis.
[4586, 0] YuShan2024 Coach: no player type for opponent 7. restart analysis.
[4589, 0] YuShan2024 Coach: no player type for opponent 7. restart analysis.
[4630, 0] YuShan2024 Coach: no player type for opponent 7. restart analysis.
[4634, 0] YuShan2024 Coach: no player type for opponent 7. restart analysis.
[4635, 0] YuShan2024 Coach: no player type for opponent 7. restart analysis.
[4639, 0] YuShan2024 Coach: no player type for opponent 7. restart analysis.
[4669, 0] YuShan2024 Coach: no player type for opponent 7. restart analysis.
[4690, 0] YuShan2024 Coach: no player type for opponent 7. restart analysis.
[4691, 0] YuShan2024 Coach: no player type for opponent 7. restart analysis.
[4692, 0] YuShan2024 Coach: no player type for opponent 7. restart analysis.
[4693, 0] YuShan2024 Coach: no player type for opponent 7. restart analysis.
[4703, 0] YuShan2024 Coach: no player type for opponent 7. restart analysis.
[4705, 0] YuShan2024 Coach: no player type for opponent 7. restart analysis.
[4707, 0] YuShan2024 Coach: no player type for opponent 7. restart analysis.
[4708, 0] YuShan2024 Coach: no player type for opponent 7. restart analysis.
[4709, 0] YuShan2024 Coach: no player type for opponent 7. restart analysis.
[4749, 0] YuShan2024 Coach: no player type for opponent 7. restart analysis.
[4752, 0] YuShan2024 Coach: no player type for opponent 7. restart analysis.
[4755, 0] YuShan2024 Coach: no player type for opponent 7. restart analysis.
[4776, 0] YuShan2024 Coach: no player type for opponent 7. restart analysis.
[4779, 0] YuShan2024 Coach: no player type for opponent 7. restart analysis.
[4788, 0] YuShan2024 Coach: no player type for opponent 7. restart analysis.
[4793, 0] YuShan2024 Coach: no player type for opponent 7. restart analysis.
[4806, 0] YuShan2024 Coach: no player type for opponent 7. restart analysis.
[4819, 0] YuShan2024 Coach: no player type for opponent 7. restart analysis.
[4822, 0] YuShan2024 Coach: no player type for opponent 7. restart analysis.
[4823, 0] YuShan2024 Coach: no player type for opponent 7. restart analysis.
[4827, 0] YuShan2024 Coach: no player type for opponent 7. restart analysis.
[4845, 0] YuShan2024 Coach: no player type for opponent 7. restart analysis.
[4847, 0] YuShan2024 Coach: no player type for opponent 7. restart analysis.
[4850, 0] YuShan2024 Coach: no player type for opponent 7. restart analysis.
[4864, 0] YuShan2024 Coach: no player type for opponent 7. restart analysis.
[4878, 0] YuShan2024 Coach: no player type for opponent 7. restart analysis.
[4885, 0] YuShan2024 Coach: no player type for opponent 7. restart analysis.
[4908, 0] YuShan2024 Coach: no player type for opponent 7. restart analysis.
[4925, 0] YuShan2024 Coach: no player type for opponent 7. restart analysis.
[4926, 0] YuShan2024 Coach: no player type for opponent 7. restart analysis.
[4928, 0] YuShan2024 Coach: no player type for opponent 7. restart analysis.
[4930, 0] YuShan2024 Coach: no player type for opponent 7. restart analysis.
[4935, 0] YuShan2024 Coach: no player type for opponent 7. restart analysis.
[4936, 0] YuShan2024 Coach: no player type for opponent 7. restart analysis.
[4937, 0] YuShan2024 Coach: no player type for opponent 7. restart analysis.
[4941, 0] YuShan2024 Coach: no player type for opponent 7. restart analysis.
[4942, 0] YuShan2024 Coach: no player type for opponent 7. restart analysis.
[4943, 0] YuShan2024 Coach: no player type for opponent 7. restart analysis.
[4944, 0] YuShan2024 Coach: no player type for opponent 7. restart analysis.
[5045, 0] YuShan2024 Coach: no player type for opponent 7. restart analysis.
[5060, 0] YuShan2024 Coach: no player type for opponent 7. restart analysis.
[5069, 0] YuShan2024 Coach: no player type for opponent 7. restart analysis.
[5084, 0] YuShan2024 Coach: no player type for opponent 7. restart analysis.
[5106, 0] YuShan2024 Coach: no player type for opponent 7. restart analysis.
[5107, 0] YuShan2024 Coach: no player type for opponent 7. restart analysis.
[5124, 0] YuShan2024 Coach: no player type for opponent 7. restart analysis.
[5126, 0] YuShan2024 Coach: no player type for opponent 7. restart analysis.
[5127, 0] YuShan2024 Coach: no player type for opponent 7. restart analysis.
[5128, 0] YuShan2024 Coach: no player type for opponent 7. restart analysis.
[5130, 0] YuShan2024 Coach: no player type for opponent 7. restart analysis.
[5261, 0] YuShan2024 Coach: no player type for opponent 7. restart analysis.
[5262, 0] YuShan2024 Coach: no player type for opponent 7. restart analysis.
[5263, 0] YuShan2024 Coach: no player type for opponent 7. restart analysis.
[5264, 0] YuShan2024 Coach: no player type for opponent 7. restart analysis.
[5266, 0] YuShan2024 Coach: no player type for opponent 7. restart analysis.
[5290, 0] YuShan2024 Coach: no player type for opponent 7. restart analysis.
[5305, 0] YuShan2024 Coach: no player type for opponent 7. restart analysis.
[5308, 0] YuShan2024 Coach: no player type for opponent 7. restart analysis.
[5310, 0] YuShan2024 Coach: no player type for opponent 7. restart analysis.
[5317, 0] YuShan2024 Coach: no player type for opponent 7. restart analysis.
[5318, 0] YuShan2024 Coach: no player type for opponent 7. restart analysis.
[5319, 0] YuShan2024 Coach: no player type for opponent 7. restart analysis.
[5322, 0] YuShan2024 Coach: no player type for opponent 7. restart analysis.
[5335, 0] YuShan2024 Coach: no player type for opponent 7. restart analysis.
[5337, 0] YuShan2024 Coach: no player type for opponent 7. restart analysis.
[5339, 0] YuShan2024 Coach: no player type for opponent 7. restart analysis.
[5346, 0] YuShan2024 Coach: no player type for opponent 7. restart analysis.
[5411, 0] YuShan2024 Coach: no player type for opponent 7. restart analysis.
[5419, 0] YuShan2024 Coach: no player type for opponent 7. restart analysis.
[5425, 0] YuShan2024 Coach: no player type for opponent 7. restart analysis.
[5427, 0] YuShan2024 Coach: no player type for opponent 7. restart analysis.
[5428, 0] YuShan2024 Coach: no player type for opponent 7. restart analysis.
[5442, 0] YuShan2024 Coach: no player type for opponent 7. restart analysis.
[5448, 0] YuShan2024 Coach: no player type for opponent 7. restart analysis.
[5460, 0] YuShan2024 Coach: no player type for opponent 7. restart analysis.
[5521, 0] YuShan2024 Coach: no player type for opponent 7. restart analysis.
[5522, 0] YuShan2024 Coach: no player type for opponent 7. restart analysis.
[5532, 0] YuShan2024 Coach: no player type for opponent 7. restart analysis.
[5533, 0] YuShan2024 Coach: no player type for opponent 7. restart analysis.
[5534, 0] YuShan2024 Coach: no player type for opponent 7. restart analysis.
[5536, 0] YuShan2024 Coach: no player type for opponent 7. restart analysis.
[5555, 0] YuShan2024 Coach: no player type for opponent 7. restart analysis.
[5561, 0] YuShan2024 Coach: no player type for opponent 7. restart analysis.
[5564, 0] YuShan2024 Coach: no player type for opponent 7. restart analysis.
[5571, 0] YuShan2024 Coach: no player type for opponent 7. restart analysis.
[5582, 0] YuShan2024 Coach: no player type for opponent 7. restart analysis.
[5583, 0] YuShan2024 Coach: no player type for opponent 7. restart analysis.
[5586, 0] YuShan2024 Coach: no player type for opponent 7. restart analysis.
[5587, 0] YuShan2024 Coach: no player type for opponent 7. restart analysis.
[5601, 0] YuShan2024 Coach: no player type for opponent 7. restart analysis.
[5605, 0] YuShan2024 Coach: no player type for opponent 7. restart analysis.
[5611, 0] YuShan2024 Coach: no player type for opponent 7. restart analysis.
[5623, 0] YuShan2024 Coach: no player type for opponent 7. restart analysis.
[5625, 0] YuShan2024 Coach: no player type for opponent 7. restart analysis.
[5626, 0] YuShan2024 Coach: no player type for opponent 7. restart analysis.
[5628, 0] YuShan2024 Coach: no player type for opponent 7. restart analysis.
[5630, 0] YuShan2024 Coach: no player type for opponent 7. restart analysis.
[5691, 0] YuShan2024 Coach: no player type for opponent 7. restart analysis.
[5693, 0] YuShan2024 Coach: no player type for opponent 7. restart analysis.
[5714, 0] YuShan2024 Coach: no player type for opponent 7. restart analysis.
[5718, 0] YuShan2024 Coach: no player type for opponent 7. restart analysis.
[5721, 0] YuShan2024 Coach: no player type for opponent 7. restart analysis.
[5722, 0] YuShan2024 Coach: no player type for opponent 7. restart analysis.
[5723, 0] YuShan2024 Coach: no player type for opponent 7. restart analysis.
[5724, 0] YuShan2024 Coach: no player type for opponent 7. restart analysis.
[5740, 0] YuShan2024 Coach: no player type for opponent 7. restart analysis.
[5744, 0] YuShan2024 Coach: no player type for opponent 7. restart analysis.
[5764, 0] YuShan2024 Coach: no player type for opponent 7. restart analysis.
[5786, 0] YuShan2024 Coach: no player type for opponent 7. restart analysis.
[5815, 0] YuShan2024 Coach: no player type for opponent 7. restart analysis.
[5823, 0] YuShan2024 Coach: no player type for opponent 7. restart analysis.
[5848, 0] YuShan2024 Coach: no player type for opponent 7. restart analysis.
[5849, 0] YuShan2024 Coach: no player type for opponent 7. restart analysis.
[5855, 0] YuShan2024 Coach: no player type for opponent 7. restart analysis.
YuShan2024 coach: change player 8 to type 3
YuShan2024 coach: change player 11 to type 6
[5962, 0] YuShan2024 Coach: no player type for opponent 7. restart analysis.
[5969, 0] YuShan2024 Coach: no player type for opponent 2. restart analysis.
[5970, 0] YuShan2024 Coach: no player type for opponent 2. restart analysis.
[5985, 0] YuShan2024 Coach: no player type for opponent 2. restart analysis.
[5987, 0] YuShan2024 Coach: no player type for opponent 2. restart analysis.
[5988, 0] YuShan2024 Coach: no player type for opponent 2. restart analysis.
[5989, 0] YuShan2024 Coach: determined opponent 8 type = 6
[5990, 0] YuShan2024 Coach: no player type for opponent 6. restart analysis.
YuShan2024 coach: [6000, 0] new freeform allowed
YuShan2024 coach: [6000, 1] sent freeform (player_types (1 0)(2 -1)(3 7)(4 9)(5 14)(6 -1)(7 -1)(8 6)(9 5)(10 16)(11 17))
YuShan2024 coach: [6000, 99] new freeform allowed
[6007, 0] YuShan2024 Coach: determined opponent 2 type = 3
[6027, 0] YuShan2024 Coach: no player type for opponent 6. restart analysis.
[6033, 0] YuShan2024 Coach: no player type for opponent 6. restart analysis.
[6034, 0] YuShan2024 Coach: no player type for opponent 6. restart analysis.
[6035, 0] YuShan2024 Coach: no player type for opponent 6. restart analysis.
[6045, 0] YuShan2024 Coach: no player type for opponent 6. restart analysis.
[6046, 0] YuShan2024 Coach: no player type for opponent 6. restart analysis.
[6051, 0] YuShan2024 Coach: no player type for opponent 7. restart analysis.
[6053, 0] YuShan2024 Coach: no player type for opponent 6. restart analysis.
[6061, 0] YuShan2024 Coach: no player type for opponent 6. restart analysis.
[6062, 0] YuShan2024 Coach: no player type for opponent 7. restart analysis.
[6063, 0] YuShan2024 Coach: no player type for opponent 7. restart analysis.
[6064, 0] YuShan2024 Coach: no player type for opponent 7. restart analysis.
[6096, 0] YuShan2024 Coach: no player type for opponent 6. restart analysis.
[6098, 0] YuShan2024 Coach: no player type for opponent 6. restart analysis.
[6104, 0] YuShan2024 Coach: no player type for opponent 6. restart analysis.
[6106, 0] YuShan2024 Coach: no player type for opponent 6. restart analysis.
[6108, 0] YuShan2024 Coach: no player type for opponent 6. restart analysis.
[6113, 0] YuShan2024 Coach: no player type for opponent 6. restart analysis.
[6118, 0] YuShan2024 Coach: no player type for opponent 6. restart analysis.
[6118, 0] YuShan2024 Coach: no player type for opponent 7. restart analysis.
[6120, 0] YuShan2024 Coach: no player type for opponent 6. restart analysis.
[6125, 0] YuShan2024 Coach: no player type for opponent 7. restart analysis.
[6126, 0] YuShan2024 Coach: no player type for opponent 6. restart analysis.
[6138, 0] YuShan2024 Coach: no player type for opponent 6. restart analysis.
[6141, 0] YuShan2024 Coach: no player type for opponent 6. restart analysis.
[6142, 0] YuShan2024 Coach: no player type for opponent 6. restart analysis.
[6143, 0] YuShan2024 Coach: no player type for opponent 6. restart analysis.
[6154, 0] YuShan2024 Coach: no player type for opponent 6. restart analysis.
YuShan2024 coach: [6156, 0] sent freeform (player_types (1 0)(2 3)(3 7)(4 9)(5 14)(6 -1)(7 -1)(8 6)(9 5)(10 16)(11 17))
[6161, 0] YuShan2024 Coach: no player type for opponent 7. restart analysis.
[6162, 0] YuShan2024 Coach: no player type for opponent 7. restart analysis.
[6258, 0] YuShan2024 Coach: no player type for opponent 7. restart analysis.
[6260, 0] YuShan2024 Coach: no player type for opponent 7. restart analysis.
[6266, 0] YuShan2024 Coach: no player type for opponent 7. restart analysis.
[6273, 0] YuShan2024 Coach: no player type for opponent 7. restart analysis.
[6278, 0] YuShan2024 Coach: no player type for opponent 7. restart analysis.
[6290, 0] YuShan2024 Coach: no player type for opponent 6. restart analysis.
[6291, 0] YuShan2024 Coach: no player type for opponent 6. restart analysis.
[6292, 0] YuShan2024 Coach: no player type for opponent 6. restart analysis.
[6294, 0] YuShan2024 Coach: no player type for opponent 6. restart analysis.
[6301, 0] YuShan2024 Coach: no player type for opponent 6. restart analysis.
[6302, 0] YuShan2024 Coach: no player type for opponent 6. restart analysis.
[6303, 0] YuShan2024 Coach: no player type for opponent 6. restart analysis.
[6308, 0] YuShan2024 Coach: no player type for opponent 6. restart analysis.
[6311, 0] YuShan2024 Coach: no player type for opponent 6. restart analysis.
[6313, 0] YuShan2024 Coach: no player type for opponent 6. restart analysis.
[6318, 0] YuShan2024 Coach: no player type for opponent 7. restart analysis.
[6320, 0] YuShan2024 Coach: no player type for opponent 6. restart analysis.
[6335, 0] YuShan2024 Coach: no player type for opponent 6. restart analysis.
[6339, 0] YuShan2024 Coach: no player type for opponent 7. restart analysis.
[6354, 0] YuShan2024 Coach: no player type for opponent 6. restart analysis.
[6356, 0] YuShan2024 Coach: no player type for opponent 6. restart analysis.
[6372, 0] YuShan2024 Coach: no player type for opponent 6. restart analysis.
[6382, 0] YuShan2024 Coach: no player type for opponent 7. restart analysis.
[6395, 0] YuShan2024 Coach: no player type for opponent 7. restart analysis.
[6400, 0] YuShan2024 Coach: no player type for opponent 6. restart analysis.
[6401, 0] YuShan2024 Coach: no player type for opponent 7. restart analysis.
[6407, 0] YuShan2024 Coach: no player type for opponent 6. restart analysis.
[6412, 0] YuShan2024 Coach: no player type for opponent 6. restart analysis.
[6412, 0] YuShan2024 Coach: no player type for opponent 7. restart analysis.
[6423, 0] YuShan2024 Coach: no player type for opponent 7. restart analysis.
[6431, 0] YuShan2024 Coach: no player type for opponent 6. restart analysis.
[6444, 0] YuShan2024 Coach: no player type for opponent 7. restart analysis.
[6474, 0] YuShan2024 Coach: no player type for opponent 7. restart analysis.
[6477, 0] YuShan2024 Coach: no player type for opponent 7. restart analysis.
[6479, 0] YuShan2024 Coach: no player type for opponent 7. restart analysis.
[6480, 0] YuShan2024 Coach: no player type for opponent 7. restart analysis.
[6481, 0] YuShan2024 Coach: no player type for opponent 7. restart analysis.
[6482, 0] YuShan2024 Coach: no player type for opponent 7. restart analysis.
[6483, 0] YuShan2024 Coach: no player type for opponent 7. restart analysis.
[6485, 0] YuShan2024 Coach: no player type for opponent 6. restart analysis.
[6485, 0] YuShan2024 Coach: no player type for opponent 7. restart analysis.
[6486, 0] YuShan2024 Coach: no player type for opponent 7. restart analysis.
[6487, 0] YuShan2024 Coach: no player type for opponent 7. restart analysis.
[6488, 0] YuShan2024 Coach: no player type for opponent 7. restart analysis.
[6501, 0] YuShan2024 Coach: no player type for opponent 6. restart analysis.
[6503, 0] YuShan2024 Coach: no player type for opponent 7. restart analysis.
[6504, 0] YuShan2024 Coach: no player type for opponent 6. restart analysis.
[6504, 0] YuShan2024 Coach: no player type for opponent 7. restart analysis.
[6507, 0] YuShan2024 Coach: no player type for opponent 7. restart analysis.
[6519, 0] YuShan2024 Coach: no player type for opponent 7. restart analysis.
[6520, 0] YuShan2024 Coach: no player type for opponent 7. restart analysis.
[6539, 0] YuShan2024 Coach: no player type for opponent 6. restart analysis.
[6541, 0] YuShan2024 Coach: no player type for opponent 7. restart analysis.
[6552, 0] YuShan2024 Coach: no player type for opponent 6. restart analysis.
[6670, 0] YuShan2024 Coach: no player type for opponent 6. restart analysis.
[6674, 0] YuShan2024 Coach: no player type for opponent 6. restart analysis.
[6680, 0] YuShan2024 Coach: no player type for opponent 6. restart analysis.
[6687, 0] YuShan2024 Coach: no player type for opponent 6. restart analysis.
[6690, 0] YuShan2024 Coach: no player type for opponent 6. restart analysis.
[6712, 0] YuShan2024 Coach: no player type for opponent 6. restart analysis.
[6712, 0] YuShan2024 Coach: no player type for opponent 7. restart analysis.
[6719, 0] YuShan2024 Coach: no player type for opponent 7. restart analysis.
[6722, 0] YuShan2024 Coach: no player type for opponent 7. restart analysis.
[6723, 0] YuShan2024 Coach: no player type for opponent 6. restart analysis.
[6723, 0] YuShan2024 Coach: no player type for opponent 7. restart analysis.
[6725, 0] YuShan2024 Coach: no player type for opponent 7. restart analysis.
[6737, 0] YuShan2024 Coach: no player type for opponent 7. restart analysis.
[6739, 0] YuShan2024 Coach: no player type for opponent 7. restart analysis.
[6741, 0] YuShan2024 Coach: no player type for opponent 7. restart analysis.
[6742, 0] YuShan2024 Coach: no player type for opponent 7. restart analysis.
[6744, 0] YuShan2024 Coach: no player type for opponent 7. restart analysis.
[6756, 0] YuShan2024 Coach: no player type for opponent 7. restart analysis.
[6840, 0] YuShan2024 Coach: no player type for opponent 6. restart analysis.
[6843, 0] YuShan2024 Coach: no player type for opponent 7. restart analysis.
[6844, 0] YuShan2024 Coach: no player type for opponent 6. restart analysis.
[6844, 0] YuShan2024 Coach: no player type for opponent 7. restart analysis.
[6847, 0] YuShan2024 Coach: no player type for opponent 6. restart analysis.
[6848, 0] YuShan2024 Coach: no player type for opponent 6. restart analysis.
[6849, 0] YuShan2024 Coach: no player type for opponent 6. restart analysis.
[6849, 0] YuShan2024 Coach: no player type for opponent 7. restart analysis.
[6850, 0] YuShan2024 Coach: no player type for opponent 7. restart analysis.
[6852, 0] YuShan2024 Coach: no player type for opponent 6. restart analysis.
[6855, 0] YuShan2024 Coach: no player type for opponent 6. restart analysis.
[6860, 0] YuShan2024 Coach: no player type for opponent 6. restart analysis.
[6864, 0] YuShan2024 Coach: no player type for opponent 6. restart analysis.
[6875, 0] YuShan2024 Coach: no player type for opponent 7. restart analysis.
[6876, 0] YuShan2024 Coach: no player type for opponent 7. restart analysis.
[6880, 0] YuShan2024 Coach: no player type for opponent 6. restart analysis.
[6903, 0] YuShan2024 Coach: no player type for opponent 6. restart analysis.
[6905, 0] YuShan2024 Coach: no player type for opponent 6. restart analysis.
[6919, 0] YuShan2024 Coach: no player type for opponent 6. restart analysis.
[6921, 0] YuShan2024 Coach: no player type for opponent 6. restart analysis.
[6929, 0] YuShan2024 Coach: no player type for opponent 6. restart analysis.
[6937, 0] YuShan2024 Coach: no player type for opponent 6. restart analysis.
[6939, 0] YuShan2024 Coach: no player type for opponent 7. restart analysis.
[6941, 0] YuShan2024 Coach: no player type for opponent 6. restart analysis.
[6948, 0] YuShan2024 Coach: no player type for opponent 7. restart analysis.
[6954, 0] YuShan2024 Coach: no player type for opponent 7. restart analysis.
[6960, 0] YuShan2024 Coach: no player type for opponent 6. restart analysis.
[6960, 0] YuShan2024 Coach: no player type for opponent 7. restart analysis.
[6961, 0] YuShan2024 Coach: no player type for opponent 7. restart analysis.
[6963, 0] YuShan2024 Coach: no player type for opponent 6. restart analysis.
[6969, 0] YuShan2024 Coach: no player type for opponent 6. restart analysis.
[6973, 0] YuShan2024 Coach: no player type for opponent 7. restart analysis.
[6976, 0] YuShan2024 Coach: no player type for opponent 6. restart analysis.
[6978, 0] YuShan2024 Coach: no player type for opponent 6. restart analysis.
[6979, 0] YuShan2024 Coach: no player type for opponent 7. restart analysis.
[6981, 0] YuShan2024 Coach: no player type for opponent 6. restart analysis.
[7100, 0] YuShan2024 Coach: no player type for opponent 6. restart analysis.
[7100, 0] YuShan2024 Coach: no player type for opponent 7. restart analysis.
[7103, 0] YuShan2024 Coach: no player type for opponent 7. restart analysis.
[7124, 0] YuShan2024 Coach: no player type for opponent 6. restart analysis.
[7125, 0] YuShan2024 Coach: no player type for opponent 7. restart analysis.
[7126, 0] YuShan2024 Coach: no player type for opponent 7. restart analysis.
[7128, 0] YuShan2024 Coach: no player type for opponent 6. restart analysis.
[7128, 0] YuShan2024 Coach: no player type for opponent 7. restart analysis.
[7131, 0] YuShan2024 Coach: no player type for opponent 6. restart analysis.
[7132, 0] YuShan2024 Coach: no player type for opponent 6. restart analysis.
[7133, 0] YuShan2024 Coach: no player type for opponent 6. restart analysis.
[7134, 0] YuShan2024 Coach: no player type for opponent 7. restart analysis.
[7143, 0] YuShan2024 Coach: no player type for opponent 6. restart analysis.
[7146, 0] YuShan2024 Coach: no player type for opponent 6. restart analysis.
[7147, 0] YuShan2024 Coach: no player type for opponent 6. restart analysis.
[7154, 0] YuShan2024 Coach: no player type for opponent 6. restart analysis.
[7155, 0] YuShan2024 Coach: no player type for opponent 7. restart analysis.
[7156, 0] YuShan2024 Coach: no player type for opponent 7. restart analysis.
[7160, 0] YuShan2024 Coach: no player type for opponent 7. restart analysis.
[7169, 0] YuShan2024 Coach: no player type for opponent 6. restart analysis.
[7171, 0] YuShan2024 Coach: no player type for opponent 6. restart analysis.
[7171, 0] YuShan2024 Coach: no player type for opponent 7. restart analysis.
[7175, 0] YuShan2024 Coach: no player type for opponent 7. restart analysis.
[7183, 0] YuShan2024 Coach: no player type for opponent 7. restart analysis.
[7192, 0] YuShan2024 Coach: no player type for opponent 6. restart analysis.
[7193, 0] YuShan2024 Coach: no player type for opponent 7. restart analysis.
[7201, 0] YuShan2024 Coach: no player type for opponent 7. restart analysis.
[7205, 0] YuShan2024 Coach: no player type for opponent 6. restart analysis.
[7217, 0] YuShan2024 Coach: no player type for opponent 6. restart analysis.
[7235, 0] YuShan2024 Coach: no player type for opponent 7. restart analysis.
[7236, 0] YuShan2024 Coach: no player type for opponent 7. restart analysis.
[7238, 0] YuShan2024 Coach: no player type for opponent 7. restart analysis.
[7239, 0] YuShan2024 Coach: no player type for opponent 7. restart analysis.
[7240, 0] YuShan2024 Coach: no player type for opponent 7. restart analysis.
[7245, 0] YuShan2024 Coach: no player type for opponent 7. restart analysis.
[7247, 0] YuShan2024 Coach: no player type for opponent 7. restart analysis.
[7248, 0] YuShan2024 Coach: no player type for opponent 7. restart analysis.
[7250, 0] YuShan2024 Coach: no player type for opponent 7. restart analysis.
[7251, 0] YuShan2024 Coach: no player type for opponent 7. restart analysis.
[7253, 0] YuShan2024 Coach: no player type for opponent 6. restart analysis.
[7253, 0] YuShan2024 Coach: no player type for opponent 7. restart analysis.
[7254, 0] YuShan2024 Coach: no player type for opponent 7. restart analysis.
[7255, 0] YuShan2024 Coach: no player type for opponent 7. restart analysis.
[7283, 0] YuShan2024 Coach: no player type for opponent 6. restart analysis.
[7287, 0] YuShan2024 Coach: no player type for opponent 6. restart analysis.
[7288, 0] YuShan2024 Coach: no player type for opponent 7. restart analysis.
[7293, 0] YuShan2024 Coach: no player type for opponent 6. restart analysis.
[7294, 0] YuShan2024 Coach: no player type for opponent 7. restart analysis.
[7301, 0] YuShan2024 Coach: no player type for opponent 6. restart analysis.
[7317, 0] YuShan2024 Coach: no player type for opponent 6. restart analysis.
[7322, 0] YuShan2024 Coach: no player type for opponent 7. restart analysis.
[7324, 0] YuShan2024 Coach: no player type for opponent 7. restart analysis.
[7343, 0] YuShan2024 Coach: no player type for opponent 7. restart analysis.
[7344, 0] YuShan2024 Coach: no player type for opponent 7. restart analysis.
[7345, 0] YuShan2024 Coach: no player type for opponent 7. restart analysis.
[7347, 0] YuShan2024 Coach: no player type for opponent 6. restart analysis.
[7354, 0] YuShan2024 Coach: no player type for opponent 6. restart analysis.
[7367, 0] YuShan2024 Coach: no player type for opponent 7. restart analysis.
[7371, 0] YuShan2024 Coach: no player type for opponent 6. restart analysis.
[7371, 0] YuShan2024 Coach: no player type for opponent 7. restart analysis.
[7372, 0] YuShan2024 Coach: no player type for opponent 7. restart analysis.
[7374, 0] YuShan2024 Coach: no player type for opponent 7. restart analysis.
[7375, 0] YuShan2024 Coach: no player type for opponent 6. restart analysis.
[7377, 0] YuShan2024 Coach: no player type for opponent 6. restart analysis.
[7380, 0] YuShan2024 Coach: no player type for opponent 6. restart analysis.
[7382, 0] YuShan2024 Coach: no player type for opponent 7. restart analysis.
[7383, 0] YuShan2024 Coach: no player type for opponent 7. restart analysis.
[7385, 0] YuShan2024 Coach: no player type for opponent 7. restart analysis.
[7386, 0] YuShan2024 Coach: no player type for opponent 6. restart analysis.
[7386, 0] YuShan2024 Coach: no player type for opponent 7. restart analysis.
[7387, 0] YuShan2024 Coach: no player type for opponent 6. restart analysis.
[7388, 0] YuShan2024 Coach: no player type for opponent 7. restart analysis.
[7389, 0] YuShan2024 Coach: no player type for opponent 6. restart analysis.
[7389, 0] YuShan2024 Coach: no player type for opponent 7. restart analysis.
[7393, 0] YuShan2024 Coach: no player type for opponent 7. restart analysis.
[7396, 0] YuShan2024 Coach: no player type for opponent 7. restart analysis.
[7398, 0] YuShan2024 Coach: no player type for opponent 7. restart analysis.
[7399, 0] YuShan2024 Coach: no player type for opponent 7. restart analysis.
[7401, 0] YuShan2024 Coach: no player type for opponent 7. restart analysis.
[7402, 0] YuShan2024 Coach: no player type for opponent 7. restart analysis.
[7404, 0] YuShan2024 Coach: no player type for opponent 7. restart analysis.
[7417, 0] YuShan2024 Coach: no player type for opponent 7. restart analysis.
[7440, 0] YuShan2024 Coach: no player type for opponent 7. restart analysis.
[7442, 0] YuShan2024 Coach: no player type for opponent 7. restart analysis.
[7443, 0] YuShan2024 Coach: no player type for opponent 7. restart analysis.
[7447, 0] YuShan2024 Coach: no player type for opponent 7. restart analysis.
[7449, 0] YuShan2024 Coach: no player type for opponent 7. restart analysis.
[7451, 0] YuShan2024 Coach: no player type for opponent 7. restart analysis.
[7454, 0] YuShan2024 Coach: determined opponent 7 type = 8
[7519, 0] YuShan2024 Coach: no player type for opponent 6. restart analysis.
[7538, 0] YuShan2024 Coach: no player type for opponent 6. restart analysis.
[7540, 0] YuShan2024 Coach: no player type for opponent 6. restart analysis.
[7545, 0] YuShan2024 Coach: no player type for opponent 6. restart analysis.
[7546, 0] YuShan2024 Coach: no player type for opponent 6. restart analysis.
[7554, 0] YuShan2024 Coach: no player type for opponent 6. restart analysis.
[7557, 0] YuShan2024 Coach: no player type for opponent 6. restart analysis.
[7568, 0] YuShan2024 Coach: no player type for opponent 6. restart analysis.
[7624, 0] YuShan2024 Coach: no player type for opponent 6. restart analysis.
[7643, 0] YuShan2024 Coach: no player type for opponent 6. restart analysis.
[7646, 0] YuShan2024 Coach: no player type for opponent 6. restart analysis.
[7649, 0] YuShan2024 Coach: no player type for opponent 6. restart analysis.
[7652, 0] YuShan2024 Coach: no player type for opponent 6. restart analysis.
[7655, 0] YuShan2024 Coach: no player type for opponent 6. restart analysis.
[7665, 0] YuShan2024 Coach: no player type for opponent 6. restart analysis.
[7671, 0] YuShan2024 Coach: no player type for opponent 6. restart analysis.
[7682, 0] YuShan2024 Coach: no player type for opponent 6. restart analysis.
[7690, 0] YuShan2024 Coach: no player type for opponent 6. restart analysis.
[7691, 0] YuShan2024 Coach: no player type for opponent 6. restart analysis.
YuShan2024 coach: [7691, 0] sent freeform (player_types (1 0)(2 3)(3 7)(4 9)(5 14)(6 -1)(7 8)(8 6)(9 5)(10 16)(11 17))
[7700, 0] YuShan2024 Coach: no player type for opponent 6. restart analysis.
[7716, 0] YuShan2024 Coach: no player type for opponent 6. restart analysis.
[7719, 0] YuShan2024 Coach: no player type for opponent 6. restart analysis.
[7721, 0] YuShan2024 Coach: no player type for opponent 6. restart analysis.
[7754, 0] YuShan2024 Coach: no player type for opponent 6. restart analysis.
[7759, 0] YuShan2024 Coach: no player type for opponent 6. restart analysis.
[7968, 0] YuShan2024 Coach: no player type for opponent 6. restart analysis.
[7979, 0] YuShan2024 Coach: no player type for opponent 6. restart analysis.
YuShan2024 coach: finished.
