******************************************************************
 librcsc 
 Copyright 2000 - 2007. Hidehisa Akiyama.
 Copyright 2007 - 2011. Hidehisa Akiyama and Hiroki Shimora
 Copyright 2011 -  Hidehisa Akiyama, Hiroki Shimora
   Takuya Fukushima (2019-)
 All rights reserved.
******************************************************************
coach: ***WARNING*** detected unsupported options: -P 6002 
*****************************************************************
 This program is based on agent2d created by Hidehisa Akiyama.
 Copyright 2006 - 2011. Hidehisa Akiyama and Hiroki Shimora.
 All rights reserved.
*****************************************************************
CYRUS coach: [-1, 0] recv (ok eye on)
$$$$$$$$$$$$$$$$$$$$$$$$isyushan
CYRUS coach: change player 1 to type 0
CYRUS coach: change player 9 to type 5
id speed step inc  power  stam  karea
 0 1.000   6  45.0 100.0  55.0  1.085
 1 0.914   5  40.2 100.0  59.8  1.130
 2 0.819   5  43.7 100.0  56.3  1.080
 3 0.826   5  50.1 100.0  49.9  1.129
 4 0.816   6  49.0 100.0  51.0  1.144
 5 0.941   6  46.1 100.0  53.9  1.145
 6 0.810   5  48.6 100.0  51.4  1.070
 7 0.894   6  51.9 100.0  48.1  1.037
 8 0.886   6  46.3 100.0  53.7  1.108
 9 0.933   6  45.4 100.0  54.6  1.112
 10 0.850   5  48.1 100.0  51.9  1.069
 11 0.867   6  47.2 100.0  52.8  1.177
 12 0.765   4  48.0 100.0  52.0  1.033
 13 0.819   5  45.1 100.0  54.9  1.158
 14 0.893   6  49.2 100.0  50.8  1.086
 15 0.766   5  49.4 100.0  50.6  1.075
 16 0.886   6  49.8 100.0  50.2  1.096
 17 0.911   6  49.6 100.0  50.4  1.048
CYRUS coach: change player 4 to type 9
CYRUS coach: change player 2 to type 1
CYRUS coach: change player 11 to type 17
CYRUS coach: change player 3 to type 7
CYRUS coach: change player 10 to type 16
CYRUS coach: change player 5 to type 14
CYRUS coach: change player 7 to type 8
CYRUS coach: change player 8 to type 11
CYRUS coach: change player 6 to type 10
CYRUS coach: [9, 0] determined opponent 2 type = 1
CYRUS coach: [13, 0] determined opponent 10 type = 5
CYRUS coach: [28, 0] determined opponent 4 type = 7
CYRUS coach: [29, 0] determined opponent 5 type = 16
CYRUS coach: [31, 0] determined opponent 9 type = 9
CYRUS coach: [32, 0] determined opponent 11 type = 14
CYRUS coach: [47, 0] determined opponent 8 type = 10
CYRUS coach: [161, 0] determined opponent 3 type = 17
CYRUS coach: [162, 0] determined opponent 6 type = 8
CYRUS coach: [163, 0] determined opponent 7 type = 11
CYRUS coach: [301, 0] updated clang capacity.
CYRUS coach: [444, 0] sent freeform (player_types (1 0)(2 1)(3 17)(4 7)(5 16)(6 8)(7 11)(8 10)(9 9)(10 5)(11 14))
CYRUS coach: [444, 0] freeform 1 / 128
CYRUS coach: [601, 0] updated clang capacity.
CYRUS coach: [901, 0] updated clang capacity.
CYRUS coach: [1201, 0] updated clang capacity.
CYRUS coach: [1501, 0] updated clang capacity.
CYRUS coach: [1801, 0] updated clang capacity.
CYRUS coach: [2101, 0] updated clang capacity.
CYRUS coach: [2401, 0] updated clang capacity.
CYRUS coach: [2701, 0] updated clang capacity.
CYRUS coach: [3001, 0] updated clang capacity.
CYRUS coach: [3301, 0] updated clang capacity.
CYRUS coach: [3601, 0] updated clang capacity.
CYRUS coach: [3901, 0] updated clang capacity.
CYRUS coach: [4201, 0] updated clang capacity.
CYRUS coach: [4501, 0] updated clang capacity.
CYRUS coach: [4801, 0] updated clang capacity.
CYRUS coach: [5101, 0] updated clang capacity.
CYRUS coach: [5401, 0] updated clang capacity.
CYRUS coach: [5701, 0] updated clang capacity.
CYRUS coach: change player 2 to type 3
CYRUS coach: change player 8 to type 6
CYRUS coach: change player 6 to type 13
CYRUS coach: [6000, 0] new freeform allowed 256
CYRUS coach: [6001, 0] updated clang capacity.
CYRUS coach: [6036, 0] determined opponent 8 type = 3
CYRUS coach: [6037, 0] determined opponent 11 type = 6
CYRUS coach: [6156, 0] freeform 2 / 256
CYRUS coach: [6156, 0] sent freeform (player_types (1 0)(2 1)(3 17)(4 7)(5 16)(6 8)(7 11)(8 3)(9 9)(10 5)(11 6))
CYRUS coach: [6301, 0] updated clang capacity.
CYRUS coach: [6601, 0] updated clang capacity.
CYRUS coach: [6901, 0] updated clang capacity.
CYRUS coach: [7201, 0] updated clang capacity.
CYRUS coach: [7501, 0] updated clang capacity.
CYRUS coach: [7801, 0] updated clang capacity.
CYRUS coach: [8101, 0] updated clang capacity.
CYRUS coach: [8401, 0] updated clang capacity.
CYRUS coach: [8701, 0] updated clang capacity.
CYRUS coach: [9001, 0] updated clang capacity.
CYRUS coach: [9301, 0] updated clang capacity.
CYRUS coach: [9601, 0] updated clang capacity.
CYRUS coach: [9901, 0] updated clang capacity.
CYRUS coach: finished.
