******************************************************************
 librcsc 2023
 Copyright 2000 - 2007. Hidehisa Akiyama.
 Copyright 2007 - 2011. Hidehisa Akiyama and Hiroki Shimora
 Copyright 2011 -  Hidehisa Akiyama, Hiroki Shimora
   Takuya Fukushima (2019-)
 All rights reserved.
******************************************************************
*****************************************************************
 This program is based on agent2d created by Hidehisa Akiyama.
 Copyright 2006 - 2011. Hidehisa Akiyama and Hiroki Shimora.
 All rights reserved.
*****************************************************************
RoboCIn coach: [-1, 0] recv (ok eye on)
id speed step inc  power  stam  karea
 0 1.000   6  45.0 100.0  55.0  1.085
 1 0.779   5  47.8 100.0  52.2  1.041
 2 0.989   6  45.3 100.0  54.7  1.003
 3 1.032   6  42.8 100.0  57.2  1.012
 4 0.761   4  50.4 100.0  49.6  1.030
 5 0.825   5  47.0 100.0  53.0  1.018
 6 0.770   5  50.4 100.0  49.6  1.044
 7 0.899   6  45.2 100.0  54.8  1.174
 8 0.894   6  48.3 100.0  51.7  1.135
 9 1.001   7  45.5 100.0  54.5  1.139
 10 0.890   5  42.1 100.0  57.9  0.991
 11 0.764   5  50.4 100.0  49.6  1.004
 12 0.774   6  50.2 100.0  49.8  1.006
 13 0.848   5  46.8 100.0  53.2  1.021
 14 0.871   6  44.8 100.0  55.2  1.032
 15 1.002   6  40.5 100.0  59.5  1.072
 16 0.915   6  44.3 100.0  55.7  1.005
 17 0.851   4  43.1 100.0  56.9  1.083
RoboCIn coach: [22, 0] determined opponent 2 type = 2
RoboCIn coach: [23, 0] determined opponent 6 type = 10
RoboCIn coach: [27, 0] determined opponent 11 type = 8
RoboCIn coach: [28, 0] determined opponent 7 type = 7
RoboCIn coach: [28, 0] determined opponent 5 type = 9
RoboCIn coach: [49, 0] determined opponent 8 type = 13
RoboCIn coach: [76, 0] determined opponent 3 type = 3
RoboCIn coach: [76, 0] determined opponent 10 type = 15
RoboCIn coach: [77, 0] determined opponent 9 type = 16
RoboCIn coach: [77, 0] determined opponent 4 type = 14
RoboCIn coach: [95, 0] freeform 1 / 128
RoboCIn coach: [301, 0] updated clang capacity.
RoboCIn coach: [434, 0] freeform 2 / 128
RoboCIn coach: [601, 0] updated clang capacity.
RoboCIn coach: [638, 0] freeform 3 / 128
RoboCIn coach: [839, 0] freeform 4 / 128
RoboCIn coach: [901, 0] updated clang capacity.
RoboCIn coach: [1040, 0] freeform 5 / 128
RoboCIn coach: [1201, 0] updated clang capacity.
RoboCIn coach: [1461, 0] freeform 6 / 128
RoboCIn coach: [1501, 0] updated clang capacity.
RoboCIn coach: [1662, 0] freeform 7 / 128
RoboCIn coach: [1801, 0] updated clang capacity.
RoboCIn coach: [1863, 0] freeform 8 / 128
RoboCIn coach: [2064, 0] freeform 9 / 128
RoboCIn coach: [2101, 0] updated clang capacity.
RoboCIn coach: [2381, 0] freeform 10 / 128
RoboCIn coach: [2401, 0] updated clang capacity.
RoboCIn coach: [2582, 0] freeform 11 / 128
RoboCIn coach: [2701, 0] updated clang capacity.
**********************************************************************************
**********************************************************************************
**********************************Fristd::endly Match**********************************
****************************                          ****************************
***  RoboCIn  ***                         Vs                          FRA-UNIted ***
----------------------------------------------------------------------------------
***    0    ***                        Goals                       ***    0    ***
----------------------------------------------------------------------------------
***  % 18   ***                      Possession                    ***  % 82   ***
----------------------------------------------------------------------------------
***    0    ***                        Shoots                      ***    1    ***
----------------------------------------------------------------------------------
***   77   ***                        Passes                      ***   78   ***
----------------------------------------------------------------------------------
***  % 74   ***                      pass Accuracy                 ***  % 57   ***
----------------------------------------------------------------------------------
***    0    ***                        Saves                       ***    0    ***
----------------------------------------------------------------------------------
***    17   ***                       Tackles                      ***    30   ***
----------------------------------------------------------------------------------
***    3   ***                        Fouls                       ***    2   ***
----------------------------------------------------------------------------------
***    2   ***                      FreeKicks                     ***    3   ***
----------------------------------------------------------------------------------
***    0    ***                   Yellow Cards                     ***    0    ***
----------------------------------------------------------------------------------
***    8    ***                      Corners                       ***    2    ***
----------------------------------------------------------------------------------
***    3    ***                      KickIns                       ***    4    ***
----------------------------------------------------------------------------------
***    1    ***                     Goal Kicks                     ***    3    ***
**********************************************************************************
**********************************************************************************
*********************************Field Possession*********************************
**********************************************************************************
**********************************************************************************
******************************=======================*****************************
*****************************|       |       |       |****************************
*****************************| % 29  | % 49  | % 22  |****************************
*****************************|       |       |       |****************************
******************************=======================*****************************
**********************************************************************************
**********************************************************************************
********************************Players Possession********************************
****************************                          ****************************
***  RoboCIn                              Vs                          FRA-UNIted ***
----------------------------------------------------------------------------------
***    2                                CB                               3     ***
----------------------------------------------------------------------------------
***    2                                LB                               5     ***
----------------------------------------------------------------------------------
***    0                                RB                               9     ***
----------------------------------------------------------------------------------
***    3                                DM                               5     ***
----------------------------------------------------------------------------------
***    0                                CM                               6     ***
----------------------------------------------------------------------------------
***    3                               LM                              15     ***
15     ***
----------------------------------------------------------------------------------
***    3                                RM                               10     ***
----------------------------------------------------------------------------------
***    0                                AM                               9     ***
----------------------------------------------------------------------------------
***    0                                CF                               1     ***
----------------------------------------------------------------------------------
***    0                                LW                               8     ***
----------------------------------------------------------------------------------
***    0                                RW                               4     ***
**********************************************************************************
**********************************************************************************
RoboCIn coach: [3000, 1] freeform 12 / 128
RoboCIn coach: [3001, 0] updated clang capacity.
RoboCIn coach: [3301, 0] updated clang capacity.
RoboCIn coach: [3341, 0] freeform 13 / 128
RoboCIn coach: [3598, 0] freeform 14 / 128
RoboCIn coach: [3601, 0] updated clang capacity.
RoboCIn coach: [3799, 0] freeform 15 / 128
RoboCIn coach: [3901, 0] updated clang capacity.
RoboCIn coach: [4000, 0] freeform 16 / 128
RoboCIn coach: [4201, 0] updated clang capacity.
RoboCIn coach: [4325, 0] freeform 17 / 128
RoboCIn coach: [4501, 0] updated clang capacity.
RoboCIn coach: [4526, 0] freeform 18 / 128
RoboCIn coach: [4727, 0] freeform 19 / 128
RoboCIn coach: [4801, 0] updated clang capacity.
RoboCIn coach: [4951, 0] freeform 20 / 128
RoboCIn coach: [5101, 0] updated clang capacity.
RoboCIn coach: [5258, 1] freeform 21 / 128
RoboCIn coach: [5401, 0] updated clang capacity.
RoboCIn coach: [5561, 1] freeform 22 / 128
RoboCIn coach: [5574, 0] determined opponent 7 type = 17
RoboCIn coach: [5701, 0] updated clang capacity.
RoboCIn coach: [5847, 0] freeform 23 / 128
**********************************************************************************
**********************************************************************************
**********************************Fristd::endly Match**********************************
****************************                          ****************************
***  RoboCIn  ***                         Vs                          FRA-UNIted ***
----------------------------------------------------------------------------------
***    0    ***                        Goals                       ***    2    ***
----------------------------------------------------------------------------------
***  % 17   ***                      Possession                    ***  % 83   ***
----------------------------------------------------------------------------------
***    0    ***                        Shoots                      ***    3    ***
----------------------------------------------------------------------------------
***   138   ***                        Passes                      ***   167   ***
----------------------------------------------------------------------------------
***  % 73   ***                      pass Accuracy                 ***  % 70   ***
----------------------------------------------------------------------------------
***    0    ***                        Saves                       ***    0    ***
----------------------------------------------------------------------------------
***    40   ***                       Tackles                      ***    49   ***
----------------------------------------------------------------------------------
***    14   ***                        Fouls                       ***    3   ***
----------------------------------------------------------------------------------
***    3   ***                      FreeKicks                     ***    14   ***
----------------------------------------------------------------------------------
***    1    ***                   Yellow Cards                     ***    0    ***
----------------------------------------------------------------------------------
***    8    ***                      Corners                       ***    4    ***
----------------------------------------------------------------------------------
***    3    ***                      KickIns                       ***    7    ***
----------------------------------------------------------------------------------
***    2    ***                     Goal Kicks                     ***    4    ***
**********************************************************************************
**********************************************************************************
*********************************Field Possession*********************************
**********************************************************************************
**********************************************************************************
******************************=======================*****************************
*****************************|       |       |       |****************************
*****************************| % 37  | % 43  | % 20  |****************************
*****************************|       |       |       |****************************
******************************=======================*****************************
**********************************************************************************
**********************************************************************************
********************************Players Possession********************************
****************************                          ****************************
***  RoboCIn                              Vs                          FRA-UNIted ***
----------------------------------------------------------------------------------
***    2                                CB                               3     ***
----------------------------------------------------------------------------------
***    3                                LB                               4     ***
----------------------------------------------------------------------------------
***    0                                RB                               9     ***
----------------------------------------------------------------------------------
***    3                                DM                               6     ***
----------------------------------------------------------------------------------
***    1                                CM                               8     ***
----------------------------------------------------------------------------------
***    2                               LM                              11     ***
11     ***
----------------------------------------------------------------------------------
***    2                                RM                               7     ***
----------------------------------------------------------------------------------
***    0                                AM                               13     ***
----------------------------------------------------------------------------------
***    0                                CF                               2     ***
----------------------------------------------------------------------------------
***    1                                LW                               7     ***
----------------------------------------------------------------------------------
***    0                                RW                               7     ***
**********************************************************************************
**********************************************************************************
RoboCIn coach: finished.
