******************************************************************
 librcsc 2023
 Copyright 2000 - 2007. Hidehisa Akiyama.
 Copyright 2007 - 2011. Hidehisa Akiyama and Hiroki Shimora
 Copyright 2011 -  Hidehisa Akiyama, Hiroki Shimora
   Takuya Fukushima (2019-)
 All rights reserved.
******************************************************************
*****************************************************************
 This program is based on agent2d created by Hidehisa Akiyama.
 Copyright 2006 - 2011. Hidehisa Akiyama and Hiroki Shimora.
 All rights reserved.
*****************************************************************
AEteam: init ok.  unum: 2 side: r
AEteam 2: [-1, 0] (v18+) force synch see mode.
AEteam 2:  KickTable created.
AEteam 2: [-1, 0] set synch see mode.
layerSize: 4
AEteam 2: ERROR: no intercept evaluator.
AEteam 2: ERROR: no intercept evaluator.
AEteam 2: ERROR: no intercept evaluator.
AEteam 2: ERROR: no intercept evaluator.
AEteam 2: ERROR: no intercept evaluator.
AEteam 2: ERROR: no intercept evaluator.
AEteam 2: ERROR: no intercept evaluator.
AEteam 2: ERROR: no intercept evaluator.
AEteam 2: ERROR: no intercept evaluator.
AEteam 2: ERROR: no intercept evaluator.
AEteam 2: ERROR: no intercept evaluator.
AEteam 2: ERROR: no intercept evaluator.
AEteam 2: ERROR: no intercept evaluator.
AEteam 2: ERROR: no intercept evaluator.
AEteam 2: ERROR: no intercept evaluator.
AEteam 2: ERROR: no intercept evaluator.
AEteam 2: ERROR: no intercept evaluator.
AEteam 2: ERROR: no intercept evaluator.
AEteam 2: ERROR: no intercept evaluator.
AEteam 2: ERROR: no intercept evaluator.
AEteam 2: ERROR: no intercept evaluator.
AEteam 2: ERROR: no intercept evaluator.
AEteam 2: ERROR: no intercept evaluator.
AEteam 2: ERROR: no intercept evaluator.
AEteam 2: ERROR: no intercept evaluator.
AEteam 2: ERROR: no intercept evaluator.
AEteam 2: ERROR: no intercept evaluator.
AEteam 2: ERROR: no intercept evaluator.
AEteam 2: ERROR: no intercept evaluator.
AEteam 2: ERROR: no intercept evaluator.
AEteam 2: ERROR: no intercept evaluator.
AEteam 2: ERROR: no intercept evaluator.
AEteam 2: ERROR: no intercept evaluator.
AEteam 2: ERROR: no intercept evaluator.
AEteam 2: ERROR: no intercept evaluator.
AEteam 2: ERROR: no intercept evaluator.
AEteam 2: ERROR: no intercept evaluator.
AEteam 2: ERROR: no intercept evaluator.
AEteam 2: ERROR: no intercept evaluator.
AEteam 2: ERROR: no intercept evaluator.
AEteam 2: ERROR: no intercept evaluator.
AEteam 2: ERROR: no intercept evaluator.
AEteam 2: ERROR: no intercept evaluator.
AEteam 2: ERROR: no intercept evaluator.
AEteam 2: ERROR: no intercept evaluator.
AEteam 2: ERROR: no intercept evaluator.
AEteam 2: ERROR: no intercept evaluator.
AEteam 2: ERROR: no intercept evaluator.
AEteam 2: ERROR: no intercept evaluator.
AEteam 2: finished.
