******************************************************************
 librcsc 4.1.0
 Copyright 2000 - 2007. Hidehisa Akiyama.
 Copyright 2007 - 2011. Hidehisa Akiyama and Hiroki Shimora
 All rights reserved.
******************************************************************
*****************************************************************
 This program is modified by ITAndroids
 Copyright 2017 - 2018. Felipe Coimbra, Lucas Bilobran, Raphael Vasconcelos.
 Copyright 2022 - 2023. Davi M. Vasconcelos.
 Aeronautics Institute of Technology, Brazil
 All rights reserved.
*****************************************************************
*****************************************************************
 This program is based on agent2d created by Hidehisa Akiyama.
 Copyright 2006 - 2011. Hidehisa Akiyama and Hiroki Shimora.
 All rights reserved.
*****************************************************************
ITAndroids coach: [-1, 0] recv (ok eye on)
[5, 0] ITAndroids Coach: determined opponent 7 type = 17
[5, 0] ITAndroids Coach: determined opponent 8 type = 1
[8, 0] ITAndroids Coach: determined opponent 9 type = 11
[13, 0] ITAndroids Coach: determined opponent 5 type = 16
[14, 0] ITAndroids Coach: determined opponent 3 type = 6
[23, 0] ITAndroids Coach: determined opponent 11 type = 15
[110, 0] ITAndroids Coach: determined opponent 4 type = 9
[125, 0] ITAndroids Coach: determined opponent 6 type = 2
[125, 0] ITAndroids Coach: determined opponent 10 type = 10
[218, 0] ITAndroids Coach: determined opponent 2 type = 7
[219, 0] ITAndroids Coach: determined opponent 1 type = 0
ITAndroids coach: finished.
