******************************************************************
 librcsc 2023
 Copyright 2000 - 2007. Hidehisa Akiyama.
 Copyright 2007 - 2011. Hidehisa Akiyama and Hiroki Shimora
 Copyright 2011 -  Hidehisa Akiyama, Hiroki Shimora
   Takuya Fukushima (2019-)
 All rights reserved.
******************************************************************
*****************************************************************
 This program is based on agent2d created by Hidehisa Akiyama.
 Copyright 2006 - 2011. Hidehisa Akiyama and Hiroki Shimora.
 All rights reserved.
*****************************************************************
AEteam: init ok.  unum: 7 side: r
AEteam 7: [-1, 0] (v18+) force synch see mode.
AEteam 7:  KickTable created.
AEteam 7: [-1, 0] set synch see mode.
layerSize: 4
AEteam 7: ERROR: no intercept evaluator.
AEteam 7: ERROR: no intercept evaluator.
AEteam 7: ERROR: no intercept evaluator.
AEteam 7: ERROR: no intercept evaluator.
AEteam 7: ERROR: no intercept evaluator.
AEteam 7: [89, 0]  WARNING. no turn_neck.
AEteam 7: [90, 0]  WARNING. no turn_neck.
AEteam 7: [91, 0]  WARNING. no turn_neck.
AEteam 7: ERROR: no intercept evaluator.
AEteam 7: ERROR: no intercept evaluator.
AEteam 7: ERROR: no intercept evaluator.
AEteam 7: ERROR: no intercept evaluator.
AEteam 7: ERROR: no intercept evaluator.
AEteam 7: ERROR: no intercept evaluator.
AEteam 7: ERROR: no intercept evaluator.
AEteam 7: ERROR: no intercept evaluator.
AEteam 7: ERROR: no intercept evaluator.
AEteam 7: ERROR: no intercept evaluator.
AEteam 7: ERROR: no intercept evaluator.
AEteam 7: ERROR: no intercept evaluator.
AEteam 7: ERROR: no intercept evaluator.
AEteam 7: ERROR: no intercept evaluator.
AEteam 7: ERROR: no intercept evaluator.
AEteam 7: ERROR: no intercept evaluator.
AEteam 7: ERROR: no intercept evaluator.
AEteam 7: ERROR: no intercept evaluator.
AEteam 7: ERROR: no intercept evaluator.
AEteam 7: ERROR: no intercept evaluator.
AEteam 7: ERROR: no intercept evaluator.
AEteam 7: ERROR: no intercept evaluator.
AEteam 7: ERROR: no intercept evaluator.
AEteam 7: ERROR: no intercept evaluator.
AEteam 7: ERROR: no intercept evaluator.
AEteam 7: ERROR: no intercept evaluator.
AEteam 7: ERROR: no intercept evaluator.
AEteam 7: ERROR: no intercept evaluator.
AEteam 7: ERROR: no intercept evaluator.
AEteam 7: ERROR: no intercept evaluator.
AEteam 7: ERROR: no intercept evaluator.
AEteam 7: ERROR: no intercept evaluator.
AEteam 7: ERROR: no intercept evaluator.
AEteam 7: ERROR: no intercept evaluator.
AEteam 7: ERROR: no intercept evaluator.
AEteam 7: ERROR: no intercept evaluator.
AEteam 7: ERROR: no intercept evaluator.
AEteam 7: ERROR: no intercept evaluator.
AEteam 7: ERROR: no intercept evaluator.
AEteam 7: ERROR: no intercept evaluator.
AEteam 7: ERROR: no intercept evaluator.
AEteam 7: ERROR: no intercept evaluator.
AEteam 7: [624, 0] lost kick? at [624, 0] sense=28 internal=29
AEteam 7: ERROR: no intercept evaluator.
AEteam 7: ERROR: no intercept evaluator.
AEteam 7: ERROR: no intercept evaluator.
AEteam 7: ERROR: no intercept evaluator.
AEteam 7: ERROR: no intercept evaluator.
AEteam 7: ERROR: no intercept evaluator.
AEteam 7: ERROR: no intercept evaluator.
AEteam 7: ERROR: no intercept evaluator.
AEteam 7: ERROR: no intercept evaluator.
AEteam 7: ERROR: no intercept evaluator.
AEteam 7: ERROR: no intercept evaluator.
AEteam 7: ERROR: no intercept evaluator.
AEteam 7: ERROR: no intercept evaluator.
AEteam 7: ERROR: no intercept evaluator.
AEteam 7: ERROR: no intercept evaluator.
AEteam 7: ERROR: no intercept evaluator.
AEteam 7: ERROR: no intercept evaluator.
AEteam 7: ERROR: no intercept evaluator.
AEteam 7: ERROR: no intercept evaluator.
AEteam 7: ERROR: no intercept evaluator.
AEteam 7: ERROR: no intercept evaluator.
AEteam 7: ERROR: no intercept evaluator.
AEteam 7: ERROR: no intercept evaluator.
AEteam 7: ERROR: no intercept evaluator.
AEteam 7: [1140, 0]  WARNING. no turn_neck.
AEteam 7: [1141, 0]  WARNING. no turn_neck.
AEteam 7: [1142, 0]  WARNING. no turn_neck.
AEteam 7: [1143, 0]  WARNING. no turn_neck.
AEteam 7: [1144, 0]  WARNING. no turn_neck.
AEteam 7: ERROR: no intercept evaluator.
AEteam 7: ERROR: no intercept evaluator.
AEteam 7: ERROR: no intercept evaluator.
AEteam 7: ERROR: no intercept evaluator.
AEteam 7: ERROR: no intercept evaluator.
AEteam 7: ERROR: no intercept evaluator.
AEteam 7: ERROR: no intercept evaluator.
AEteam 7: ERROR: no intercept evaluator.
AEteam 7: ERROR: no intercept evaluator.
AEteam 7: ERROR: no intercept evaluator.
AEteam 7: ERROR: no intercept evaluator.
AEteam 7: ERROR: no intercept evaluator.
AEteam 7: ERROR: no intercept evaluator.
AEteam 7: ERROR: no intercept evaluator.
AEteam 7: ERROR: no intercept evaluator.
AEteam 7: ERROR: no intercept evaluator.
AEteam 7: ERROR: no intercept evaluator.
AEteam 7: ERROR: no intercept evaluator.
AEteam 7: ERROR: no intercept evaluator.
AEteam 7: ERROR: no intercept evaluator.
AEteam 7: ERROR: no intercept evaluator.
AEteam 7: ERROR: no intercept evaluator.
AEteam 7: ERROR: no intercept evaluator.
AEteam 7: ERROR: no intercept evaluator.
AEteam 7: ERROR: no intercept evaluator.
AEteam 7: ERROR: no intercept evaluator.
AEteam 7: ERROR: no intercept evaluator.
AEteam 7: ERROR: no intercept evaluator.
AEteam 7: [1757, 0]  WARNING. no turn_neck.
AEteam 7: [1758, 0]  WARNING. no turn_neck.
AEteam 7: [1759, 0]  WARNING. no turn_neck.
AEteam 7: ERROR: no intercept evaluator.
AEteam 7: ERROR: no intercept evaluator.
AEteam 7: ERROR: no intercept evaluator.
AEteam 7: ERROR: no intercept evaluator.
AEteam 7: ERROR: no intercept evaluator.
AEteam 7: ERROR: no intercept evaluator.
AEteam 7: ERROR: no intercept evaluator.
AEteam 7: ERROR: no intercept evaluator.
AEteam 7: ERROR: no intercept evaluator.
AEteam 7: ERROR: no intercept evaluator.
AEteam 7: ERROR: no intercept evaluator.
AEteam 7: ERROR: no intercept evaluator.
AEteam 7: ERROR: no intercept evaluator.
AEteam 7: [2002, 0]  WARNING. no turn_neck.
AEteam 7: [2027, 0]  WARNING. no turn_neck.
AEteam 7: [2028, 0]  WARNING. no turn_neck.
AEteam 7: [2029, 0]  WARNING. no turn_neck.
AEteam 7: [2030, 0]  WARNING. no turn_neck.
AEteam 7: [2031, 0]  WARNING. no turn_neck.
AEteam 7: ERROR: no intercept evaluator.
AEteam 7: ERROR: no intercept evaluator.
AEteam 7: [2433, 0]  WARNING. no turn_neck.
AEteam 7: [2434, 0]  WARNING. no turn_neck.
AEteam 7: ERROR: no intercept evaluator.
AEteam 7: ERROR: no intercept evaluator.
AEteam 7: ERROR: no intercept evaluator.
AEteam 7: ERROR: no intercept evaluator.
AEteam 7: ERROR: no intercept evaluator.
AEteam 7: ERROR: no intercept evaluator.
AEteam 7: ERROR: no intercept evaluator.
AEteam 7: ERROR: no intercept evaluator.
AEteam 7: ERROR: no intercept evaluator.
AEteam 7: ERROR: no intercept evaluator.
AEteam 7: ERROR: no intercept evaluator.
AEteam 7: ERROR: no intercept evaluator.
AEteam 7: ERROR: no intercept evaluator.
AEteam 7: ERROR: no intercept evaluator.
AEteam 7: ERROR: no intercept evaluator.
AEteam 7: ERROR: no intercept evaluator.
AEteam 7: ERROR: no intercept evaluator.
AEteam 7: ERROR: no intercept evaluator.
AEteam 7: ERROR: no intercept evaluator.
AEteam 7: ERROR: no intercept evaluator.
AEteam 7: ERROR: no intercept evaluator.
AEteam 7: ERROR: no intercept evaluator.
AEteam 7: ERROR: no intercept evaluator.
AEteam 7: ERROR: no intercept evaluator.
AEteam 7: ERROR: no intercept evaluator.
AEteam 7: ERROR: no intercept evaluator.
AEteam 7: ERROR: no intercept evaluator.
AEteam 7: ERROR: no intercept evaluator.
AEteam 7: ERROR: no intercept evaluator.
AEteam 7: ERROR: no intercept evaluator.
AEteam 7: ERROR: no intercept evaluator.
AEteam 7: ERROR: no intercept evaluator.
AEteam 7: ERROR: no intercept evaluator.
AEteam 7: ERROR: no intercept evaluator.
AEteam 7: ERROR: no intercept evaluator.
AEteam 7: ERROR: no intercept evaluator.
AEteam 7: ERROR: no intercept evaluator.
AEteam 7: ERROR: no intercept evaluator.
AEteam 7: ERROR: no intercept evaluator.
AEteam 7: ERROR: no intercept evaluator.
AEteam 7: ERROR: no intercept evaluator.
AEteam 7: ERROR: no intercept evaluator.
AEteam 7: ERROR: no intercept evaluator.
AEteam 7: ERROR: no intercept evaluator.
AEteam 7: ERROR: no intercept evaluator.
AEteam 7: ERROR: no intercept evaluator.
AEteam 7: ERROR: no intercept evaluator.
AEteam 7: ERROR: no intercept evaluator.
AEteam 7: ERROR: no intercept evaluator.
AEteam 7: ERROR: no intercept evaluator.
AEteam 7: ERROR: no intercept evaluator.
AEteam 7: ERROR: no intercept evaluator.
AEteam 7: ERROR: no intercept evaluator.
AEteam 7: ERROR: no intercept evaluator.
AEteam 7: ERROR: no intercept evaluator.
AEteam 7: ERROR: no intercept evaluator.
AEteam 7: ERROR: no intercept evaluator.
AEteam 7: ERROR: no intercept evaluator.
AEteam 7: ERROR: no intercept evaluator.
AEteam 7: ERROR: no intercept evaluator.
AEteam 7: ERROR: no intercept evaluator.
AEteam 7: [4554, 0]  WARNING. no turn_neck.
AEteam 7: [4555, 0]  WARNING. no turn_neck.
AEteam 7: [4558, 0]  WARNING. no turn_neck.
AEteam 7: [4559, 0]  WARNING. no turn_neck.
AEteam 7: [5023, 0]  WARNING. no turn_neck.
AEteam 7: [5024, 0]  WARNING. no turn_neck.
AEteam 7: [5025, 0]  WARNING. no turn_neck.
AEteam 7: [5026, 0]  WARNING. no turn_neck.
AEteam 7: [5027, 0]  WARNING. no turn_neck.
AEteam 7: [5033, 0]  WARNING. no turn_neck.
AEteam 7: ERROR: no intercept evaluator.
AEteam 7: ERROR: no intercept evaluator.
AEteam 7: ERROR: no intercept evaluator.
AEteam 7: ERROR: no intercept evaluator.
AEteam 7: ERROR: no intercept evaluator.
AEteam 7: ERROR: no intercept evaluator.
AEteam 7: ERROR: no intercept evaluator.
AEteam 7: ERROR: no intercept evaluator.
AEteam 7: ERROR: no intercept evaluator.
AEteam 7: ERROR: no intercept evaluator.
AEteam 7: ERROR: no intercept evaluator.
AEteam 7: ERROR: no intercept evaluator.
AEteam 7: ERROR: no intercept evaluator.
AEteam 7: ERROR: no intercept evaluator.
AEteam 7: ERROR: no intercept evaluator.
AEteam 7: ERROR: no intercept evaluator.
AEteam 7: ERROR: no intercept evaluator.
AEteam 7: ERROR: no intercept evaluator.
AEteam 7: ERROR: no intercept evaluator.
AEteam 7: ERROR: no intercept evaluator.
AEteam 7: ERROR: no intercept evaluator.
AEteam 7: ERROR: no intercept evaluator.
AEteam 7: ERROR: no intercept evaluator.
AEteam 7: ERROR: no intercept evaluator.
AEteam 7: ERROR: no intercept evaluator.
AEteam 7: ERROR: no intercept evaluator.
AEteam 7: ERROR: no intercept evaluator.
AEteam 7: ERROR: no intercept evaluator.
AEteam 7: ERROR: no intercept evaluator.
AEteam 7: ERROR: no intercept evaluator.
AEteam 7: ERROR: no intercept evaluator.
AEteam 7: ERROR: no intercept evaluator.
AEteam 7: ERROR: no intercept evaluator.
AEteam 7: ERROR: no intercept evaluator.
AEteam 7: ERROR: no intercept evaluator.
AEteam 7: ERROR: no intercept evaluator.
AEteam 7: ERROR: no intercept evaluator.
AEteam 7: [5898, 0]  WARNING. no turn_neck.
AEteam 7: ERROR: no intercept evaluator.
AEteam 7: ERROR: no intercept evaluator.
AEteam 7: ERROR: no intercept evaluator.
AEteam 7: ERROR: no intercept evaluator.
AEteam 7: ERROR: no intercept evaluator.
AEteam 7: finished.
